Script started on Fri Sep 12 09:47:16 2014
[?1034hbash-3.2$ rake db:crate
rake aborted!
Don't know how to build task 'db:crate'
/Users/shin_mac/.rvm/gems/ruby-2.1.2/bin/ruby_executable_hooks:15:in `eval'
/Users/shin_mac/.rvm/gems/ruby-2.1.2/bin/ruby_executable_hooks:15:in `<main>'
(See full trace by running task with --trace)
bash-3.2$ rake db:create
bash-3.2$ rails g controller tikets
[1m[32m      create[0m  app/controllers/tikets_controller.rb
[1m[37m      invoke[0m  erb
[1m[32m      create[0m    app/views/tikets
[1m[37m      invoke[0m  test_unit
[1m[32m      create[0m    test/controllers/tikets_controller_test.rb
[1m[37m      invoke[0m  helper
[1m[32m      create[0m    app/helpers/tikets_helper.rb
[1m[37m      invoke[0m    test_unit
[1m[32m      create[0m      test/helpers/tikets_helper_test.rb
[1m[37m      invoke[0m  assets
[1m[37m      invoke[0m    coffee
[1m[32m      create[0m      app/assets/javascripts/tikets.js.coffee
[1m[37m      invoke[0m    scss
[1m[32m      create[0m      app/assets/stylesheets/tikets.css.scss
bash-3.2$ pwd
/Users/shin_mac/projects/Tickety
bash-3.2$ sublime .
bash-3.2$ rails destroy controller tk[Kikets
[1m[31m      remove[0m  app/controllers/tikets_controller.rb
[1m[37m      invoke[0m  erb
[1m[31m      remove[0m    app/views/tikets
[1m[37m      invoke[0m  test_unit
[1m[31m      remove[0m    test/controllers/tikets_controller_test.rb
[1m[37m      invoke[0m  helper
[1m[31m      remove[0m    app/helpers/tikets_helper.rb
[1m[37m      invoke[0m    test_unit
[1m[31m      remove[0m      test/helpers/tikets_helper_test.rb
[1m[37m      invoke[0m  assets
[1m[37m      invoke[0m    coffee
[1m[31m      remove[0m      app/assets/javascripts/tikets.js.coffee
[1m[37m      invoke[0m    scss
[1m[31m      remove[0m      app/assets/stylesheets/tikets.css.scss
bash-3.2$ rails g contraol[K[K[Koller tickets
[1m[32m      create[0m  app/controllers/tickets_controller.rb
[1m[37m      invoke[0m  erb
[1m[32m      create[0m    app/views/tickets
[1m[37m      invoke[0m  test_unit
[1m[32m      create[0m    test/controllers/tickets_controller_test.rb
[1m[37m      invoke[0m  helper
[1m[32m      create[0m    app/helpers/tickets_helper.rb
[1m[37m      invoke[0m    test_unit
[1m[32m      create[0m      test/helpers/tickets_helper_test.rb
[1m[37m      invoke[0m  assets
[1m[37m      invoke[0m    coffee
[1m[32m      create[0m      app/assets/javascripts/tickets.js.coffee
[1m[37m      invoke[0m    scss
[1m[32m      create[0m      app/assets/stylesheets/tickets.css.scss
bash-3.2$ rails[K[K[K[K[Krails g model Tiket title:string description:text status:boolean
[1m[37m      invoke[0m  active_record
[1m[32m      create[0m    db/migrate/20140912165549_create_tikets.rb
[1m[32m      create[0m    app/models/tiket.rb
[1m[37m      invoke[0m    test_unit
[1m[32m      create[0m      test/models/tiket_test.rb
[1m[32m      create[0m      test/fixtures/tikets.yml
bash-3.2$ rake db:migrate
== 20140912165549 CreateTikets: migrating =====================================
-- create_table(:tikets)
   -> 0.0274s
== 20140912165549 CreateTikets: migrated (0.0274s) ============================

bash-3.2$ rails s
=> Booting WEBrick
=> Rails 4.1.4 application starting in development on http://0.0.0.0:3000
=> Run `rails server -h` for more startup options
=> Notice: server is listening on all interfaces (0.0.0.0). Consider using 127.0.0.1 (--binding option)
=> Ctrl-C to shutdown server
[2014-09-12 09:59:11] INFO  WEBrick 1.3.1
[2014-09-12 09:59:11] INFO  ruby 2.1.2 (2014-05-08) [x86_64-darwin13.0]
[2014-09-12 09:59:11] INFO  WEBrick::HTTPServer#start: pid=1686 port=3000


Started GET "/" for 127.0.0.1 at 2014-09-12 09:59:17 -0700
  [1m[36mActiveRecord::SchemaMigration Load (0.2ms)[0m  [1mSELECT "schema_migrations".* FROM "schema_migrations"[0m

AbstractController::ActionNotFound (The action 'index' could not be found for TicketsController):
  actionpack (4.1.4) lib/abstract_controller/base.rb:131:in `process'
  actionview (4.1.4) lib/action_view/rendering.rb:30:in `process'
  actionpack (4.1.4) lib/action_controller/metal.rb:196:in `dispatch'
  actionpack (4.1.4) lib/action_controller/metal/rack_delegation.rb:13:in `dispatch'
  actionpack (4.1.4) lib/action_controller/metal.rb:232:in `block in action'
  actionpack (4.1.4) lib/action_dispatch/routing/route_set.rb:82:in `call'
  actionpack (4.1.4) lib/action_dispatch/routing/route_set.rb:82:in `dispatch'
  actionpack (4.1.4) lib/action_dispatch/routing/route_set.rb:50:in `call'
  actionpack (4.1.4) lib/action_dispatch/journey/router.rb:71:in `block in call'
  actionpack (4.1.4) lib/action_dispatch/journey/router.rb:59:in `each'
  actionpack (4.1.4) lib/action_dispatch/journey/router.rb:59:in `call'
  actionpack (4.1.4) lib/action_dispatch/routing/route_set.rb:678:in `call'
  rack (1.5.2) lib/rack/etag.rb:23:in `call'
  rack (1.5.2) lib/rack/conditionalget.rb:25:in `call'
  rack (1.5.2) lib/rack/head.rb:11:in `call'
  actionpack (4.1.4) lib/action_dispatch/middleware/params_parser.rb:27:in `call'
  actionpack (4.1.4) lib/action_dispatch/middleware/flash.rb:254:in `call'
  rack (1.5.2) lib/rack/session/abstract/id.rb:225:in `context'
  rack (1.5.2) lib/rack/session/abstract/id.rb:220:in `call'
  actionpack (4.1.4) lib/action_dispatch/middleware/cookies.rb:560:in `call'
  activerecord (4.1.4) lib/active_record/query_cache.rb:36:in `call'
  activerecord (4.1.4) lib/active_record/connection_adapters/abstract/connection_pool.rb:621:in `call'
  activerecord (4.1.4) lib/active_record/migration.rb:380:in `call'
  actionpack (4.1.4) lib/action_dispatch/middleware/callbacks.rb:29:in `block in call'
  activesupport (4.1.4) lib/active_support/callbacks.rb:82:in `run_callbacks'
  actionpack (4.1.4) lib/action_dispatch/middleware/callbacks.rb:27:in `call'
  actionpack (4.1.4) lib/action_dispatch/middleware/reloader.rb:73:in `call'
  actionpack (4.1.4) lib/action_dispatch/middleware/remote_ip.rb:76:in `call'
  actionpack (4.1.4) lib/action_dispatch/middleware/debug_exceptions.rb:17:in `call'
  actionpack (4.1.4) lib/action_dispatch/middleware/show_exceptions.rb:30:in `call'
  railties (4.1.4) lib/rails/rack/logger.rb:38:in `call_app'
  railties (4.1.4) lib/rails/rack/logger.rb:20:in `block in call'
  activesupport (4.1.4) lib/active_support/tagged_logging.rb:68:in `block in tagged'
  activesupport (4.1.4) lib/active_support/tagged_logging.rb:26:in `tagged'
  activesupport (4.1.4) lib/active_support/tagged_logging.rb:68:in `tagged'
  railties (4.1.4) lib/rails/rack/logger.rb:20:in `call'
  actionpack (4.1.4) lib/action_dispatch/middleware/request_id.rb:21:in `call'
  rack (1.5.2) lib/rack/methodoverride.rb:21:in `call'
  rack (1.5.2) lib/rack/runtime.rb:17:in `call'
  activesupport (4.1.4) lib/active_support/cache/strategy/local_cache_middleware.rb:26:in `call'
  rack (1.5.2) lib/rack/lock.rb:17:in `call'
  actionpack (4.1.4) lib/action_dispatch/middleware/static.rb:64:in `call'
  rack (1.5.2) lib/rack/sendfile.rb:112:in `call'
  railties (4.1.4) lib/rails/engine.rb:514:in `call'
  railties (4.1.4) lib/rails/application.rb:144:in `call'
  rack (1.5.2) lib/rack/lock.rb:17:in `call'
  rack (1.5.2) lib/rack/content_length.rb:14:in `call'
  rack (1.5.2) lib/rack/handler/webrick.rb:60:in `service'
  /Users/shin_mac/.rvm/rubies/ruby-2.1.2/lib/ruby/2.1.0/webrick/httpserver.rb:138:in `service'
  /Users/shin_mac/.rvm/rubies/ruby-2.1.2/lib/ruby/2.1.0/webrick/httpserver.rb:94:in `run'
  /Users/shin_mac/.rvm/rubies/ruby-2.1.2/lib/ruby/2.1.0/webrick/server.rb:295:in `block in start_thread'


  Rendered /Users/shin_mac/.rvm/gems/ruby-2.1.2/gems/actionpack-4.1.4/lib/action_dispatch/middleware/templates/rescues/unknown_action.html.erb within rescues/layout (1.5ms)


Started GET "/" for 127.0.0.1 at 2014-09-12 09:59:40 -0700
Processing by TicketsController#index as HTML
Completed 500 Internal Server Error in 10ms

ActionView::MissingTemplate (Missing template tickets/index, application/index with {:locale=>[:en], :formats=>[:html], :variants=>[], :handlers=>[:erb, :builder, :raw, :ruby, :jbuilder, :coffee]}. Searched in:
  * "/Users/shin_mac/projects/Tickety/app/views"
):
  actionview (4.1.4) lib/action_view/path_set.rb:46:in `find'
  actionview (4.1.4) lib/action_view/lookup_context.rb:124:in `find'
  actionview (4.1.4) lib/action_view/renderer/abstract_renderer.rb:18:in `find_template'
  actionview (4.1.4) lib/action_view/renderer/template_renderer.rb:41:in `determine_template'
  actionview (4.1.4) lib/action_view/renderer/template_renderer.rb:8:in `render'
  actionview (4.1.4) lib/action_view/renderer/renderer.rb:42:in `render_template'
  actionview (4.1.4) lib/action_view/renderer/renderer.rb:23:in `render'
  actionview (4.1.4) lib/action_view/rendering.rb:99:in `_render_template'
  actionpack (4.1.4) lib/action_controller/metal/streaming.rb:217:in `_render_template'
  actionview (4.1.4) lib/action_view/rendering.rb:82:in `render_to_body'
  actionpack (4.1.4) lib/action_controller/metal/rendering.rb:32:in `render_to_body'
  actionpack (4.1.4) lib/action_controller/metal/renderers.rb:32:in `render_to_body'
  actionpack (4.1.4) lib/abstract_controller/rendering.rb:25:in `render'
  actionpack (4.1.4) lib/action_controller/metal/rendering.rb:16:in `render'
  actionpack (4.1.4) lib/action_controller/metal/instrumentation.rb:41:in `block (2 levels) in render'
  activesupport (4.1.4) lib/active_support/core_ext/benchmark.rb:12:in `block in ms'
  /Users/shin_mac/.rvm/rubies/ruby-2.1.2/lib/ruby/2.1.0/benchmark.rb:294:in `realtime'
  activesupport (4.1.4) lib/active_support/core_ext/benchmark.rb:12:in `ms'
  actionpack (4.1.4) lib/action_controller/metal/instrumentation.rb:41:in `block in render'
  actionpack (4.1.4) lib/action_controller/metal/instrumentation.rb:84:in `cleanup_view_runtime'
  activerecord (4.1.4) lib/active_record/railties/controller_runtime.rb:25:in `cleanup_view_runtime'
  actionpack (4.1.4) lib/action_controller/metal/instrumentation.rb:40:in `render'
  actionpack (4.1.4) lib/action_controller/metal/implicit_render.rb:10:in `default_render'
  actionpack (4.1.4) lib/action_controller/metal/implicit_render.rb:5:in `send_action'
  actionpack (4.1.4) lib/abstract_controller/base.rb:189:in `process_action'
  actionpack (4.1.4) lib/action_controller/metal/rendering.rb:10:in `process_action'
  actionpack (4.1.4) lib/abstract_controller/callbacks.rb:20:in `block in process_action'
  activesupport (4.1.4) lib/active_support/callbacks.rb:113:in `call'
  activesupport (4.1.4) lib/active_support/callbacks.rb:113:in `call'
  activesupport (4.1.4) lib/active_support/callbacks.rb:229:in `block in halting'
  activesupport (4.1.4) lib/active_support/callbacks.rb:229:in `call'
  activesupport (4.1.4) lib/active_support/callbacks.rb:229:in `block in halting'
  activesupport (4.1.4) lib/active_support/callbacks.rb:166:in `call'
  activesupport (4.1.4) lib/active_support/callbacks.rb:166:in `block in halting'
  activesupport (4.1.4) lib/active_support/callbacks.rb:166:in `call'
  activesupport (4.1.4) lib/active_support/callbacks.rb:166:in `block in halting'
  activesupport (4.1.4) lib/active_support/callbacks.rb:166:in `call'
  activesupport (4.1.4) lib/active_support/callbacks.rb:166:in `block in halting'
  activesupport (4.1.4) lib/active_support/callbacks.rb:86:in `call'
  activesupport (4.1.4) lib/active_support/callbacks.rb:86:in `run_callbacks'
  actionpack (4.1.4) lib/abstract_controller/callbacks.rb:19:in `process_action'
  actionpack (4.1.4) lib/action_controller/metal/rescue.rb:29:in `process_action'
  actionpack (4.1.4) lib/action_controller/metal/instrumentation.rb:31:in `block in process_action'
  activesupport (4.1.4) lib/active_support/notifications.rb:159:in `block in instrument'
  activesupport (4.1.4) lib/active_support/notifications/instrumenter.rb:20:in `instrument'
  activesupport (4.1.4) lib/active_support/notifications.rb:159:in `instrument'
  actionpack (4.1.4) lib/action_controller/metal/instrumentation.rb:30:in `process_action'
  actionpack (4.1.4) lib/action_controller/metal/params_wrapper.rb:250:in `process_action'
  activerecord (4.1.4) lib/active_record/railties/controller_runtime.rb:18:in `process_action'
  actionpack (4.1.4) lib/abstract_controller/base.rb:136:in `process'
  actionview (4.1.4) lib/action_view/rendering.rb:30:in `process'
  actionpack (4.1.4) lib/action_controller/metal.rb:196:in `dispatch'
  actionpack (4.1.4) lib/action_controller/metal/rack_delegation.rb:13:in `dispatch'
  actionpack (4.1.4) lib/action_controller/metal.rb:232:in `block in action'
  actionpack (4.1.4) lib/action_dispatch/routing/route_set.rb:82:in `call'
  actionpack (4.1.4) lib/action_dispatch/routing/route_set.rb:82:in `dispatch'
  actionpack (4.1.4) lib/action_dispatch/routing/route_set.rb:50:in `call'
  actionpack (4.1.4) lib/action_dispatch/journey/router.rb:71:in `block in call'
  actionpack (4.1.4) lib/action_dispatch/journey/router.rb:59:in `each'
  actionpack (4.1.4) lib/action_dispatch/journey/router.rb:59:in `call'
  actionpack (4.1.4) lib/action_dispatch/routing/route_set.rb:678:in `call'
  rack (1.5.2) lib/rack/etag.rb:23:in `call'
  rack (1.5.2) lib/rack/conditionalget.rb:25:in `call'
  rack (1.5.2) lib/rack/head.rb:11:in `call'
  actionpack (4.1.4) lib/action_dispatch/middleware/params_parser.rb:27:in `call'
  actionpack (4.1.4) lib/action_dispatch/middleware/flash.rb:254:in `call'
  rack (1.5.2) lib/rack/session/abstract/id.rb:225:in `context'
  rack (1.5.2) lib/rack/session/abstract/id.rb:220:in `call'
  actionpack (4.1.4) lib/action_dispatch/middleware/cookies.rb:560:in `call'
  activerecord (4.1.4) lib/active_record/query_cache.rb:36:in `call'
  activerecord (4.1.4) lib/active_record/connection_adapters/abstract/connection_pool.rb:621:in `call'
  activerecord (4.1.4) lib/active_record/migration.rb:380:in `call'
  actionpack (4.1.4) lib/action_dispatch/middleware/callbacks.rb:29:in `block in call'
  activesupport (4.1.4) lib/active_support/callbacks.rb:82:in `run_callbacks'
  actionpack (4.1.4) lib/action_dispatch/middleware/callbacks.rb:27:in `call'
  actionpack (4.1.4) lib/action_dispatch/middleware/reloader.rb:73:in `call'
  actionpack (4.1.4) lib/action_dispatch/middleware/remote_ip.rb:76:in `call'
  actionpack (4.1.4) lib/action_dispatch/middleware/debug_exceptions.rb:17:in `call'
  actionpack (4.1.4) lib/action_dispatch/middleware/show_exceptions.rb:30:in `call'
  railties (4.1.4) lib/rails/rack/logger.rb:38:in `call_app'
  railties (4.1.4) lib/rails/rack/logger.rb:20:in `block in call'
  activesupport (4.1.4) lib/active_support/tagged_logging.rb:68:in `block in tagged'
  activesupport (4.1.4) lib/active_support/tagged_logging.rb:26:in `tagged'
  activesupport (4.1.4) lib/active_support/tagged_logging.rb:68:in `tagged'
  railties (4.1.4) lib/rails/rack/logger.rb:20:in `call'
  actionpack (4.1.4) lib/action_dispatch/middleware/request_id.rb:21:in `call'
  rack (1.5.2) lib/rack/methodoverride.rb:21:in `call'
  rack (1.5.2) lib/rack/runtime.rb:17:in `call'
  activesupport (4.1.4) lib/active_support/cache/strategy/local_cache_middleware.rb:26:in `call'
  rack (1.5.2) lib/rack/lock.rb:17:in `call'
  actionpack (4.1.4) lib/action_dispatch/middleware/static.rb:64:in `call'
  rack (1.5.2) lib/rack/sendfile.rb:112:in `call'
  railties (4.1.4) lib/rails/engine.rb:514:in `call'
  railties (4.1.4) lib/rails/application.rb:144:in `call'
  rack (1.5.2) lib/rack/lock.rb:17:in `call'
  rack (1.5.2) lib/rack/content_length.rb:14:in `call'
  rack (1.5.2) lib/rack/handler/webrick.rb:60:in `service'
  /Users/shin_mac/.rvm/rubies/ruby-2.1.2/lib/ruby/2.1.0/webrick/httpserver.rb:138:in `service'
  /Users/shin_mac/.rvm/rubies/ruby-2.1.2/lib/ruby/2.1.0/webrick/httpserver.rb:94:in `run'
  /Users/shin_mac/.rvm/rubies/ruby-2.1.2/lib/ruby/2.1.0/webrick/server.rb:295:in `block in start_thread'


  Rendered /Users/shin_mac/.rvm/gems/ruby-2.1.2/gems/actionpack-4.1.4/lib/action_dispatch/middleware/templates/rescues/missing_template.html.erb within rescues/layout (0.4ms)
^C[2014-09-12 10:00:43] INFO  going to shutdown ...
[2014-09-12 10:00:43] INFO  WEBrick::HTTPServer#start done.
Exiting
bash-3.2$ bundle install
Fetching gem metadata from https://rubygems.org/...........
Resolving dependencies...
[31mCould not find gem 'device (>= 0) ruby' in the gems available on this machine.[0m
bash-3.2$ bundle install
Using rake 10.3.2
Using i18n 0.6.11
Using json 1.8.1
Using minitest 5.4.1
Using thread_safe 0.3.4
Using tzinfo 1.2.2
Using activesupport 4.1.4
Using builder 3.2.2
Using erubis 2.7.0
Using actionview 4.1.4
Using rack 1.5.2
Using rack-test 0.6.2
Using actionpack 4.1.4
Using mime-types 1.25.1
Using polyglot 0.3.5
Using treetop 1.4.15
Using mail 2.5.4
Using actionmailer 4.1.4
Using activemodel 4.1.4
Using arel 5.0.1.20140414130214
Using activerecord 4.1.4
Using bcrypt 3.1.7
Using coffee-script-source 1.8.0
Using execjs 2.2.1
Using coffee-script 2.3.0
Using thor 0.19.1
Using railties 4.1.4
Using coffee-rails 4.0.1
Using orm_adapter 0.5.0
Using warden 1.2.3
Using devise 3.3.0
Using hike 1.2.3
Using multi_json 1.10.1
Using jbuilder 2.1.3
Using jquery-rails 3.1.2
Using pg 0.17.1
Using bundler 1.6.2
Using tilt 1.4.1
Using sprockets 2.11.0
Using sprockets-rails 2.1.4
Using rails 4.1.4
Using rdoc 4.1.2
Using sass 3.2.19
Using sass-rails 4.0.3
Using sdoc 0.4.1
Using temple 0.6.8
Using slim 2.0.3
Using spring 1.1.3
Using turbolinks 2.3.0
Using uglifier 2.5.3
[32mYour bundle is complete![0m
[32mUse `bundle show [gemname]` to see where a bundled gem is installed.[0m
bash-3.2$ rails s
=> Booting WEBrick
=> Rails 4.1.4 application starting in development on http://0.0.0.0:3000
=> Run `rails server -h` for more startup options
=> Notice: server is listening on all interfaces (0.0.0.0). Consider using 127.0.0.1 (--binding option)
=> Ctrl-C to shutdown server
[2014-09-12 10:01:16] INFO  WEBrick 1.3.1
[2014-09-12 10:01:16] INFO  ruby 2.1.2 (2014-05-08) [x86_64-darwin13.0]
[2014-09-12 10:01:16] INFO  WEBrick::HTTPServer#start: pid=1745 port=3000


Started GET "/" for 127.0.0.1 at 2014-09-12 10:01:20 -0700
  [1m[36mActiveRecord::SchemaMigration Load (0.2ms)[0m  [1mSELECT "schema_migrations".* FROM "schema_migrations"[0m
Processing by TicketsController#index as HTML
  Rendered tickets/index.html.slim within layouts/application (12.6ms)
Completed 200 OK in 539ms (Views: 529.7ms | ActiveRecord: 0.0ms)


Started GET "/assets/tickets.css?body=1" for 127.0.0.1 at 2014-09-12 10:01:20 -0700


Started GET "/assets/application.css?body=1" for 127.0.0.1 at 2014-09-12 10:01:20 -0700


Started GET "/assets/turbolinks.js?body=1" for 127.0.0.1 at 2014-09-12 10:01:20 -0700


Started GET "/assets/application.js?body=1" for 127.0.0.1 at 2014-09-12 10:01:20 -0700


Started GET "/assets/tickets.js?body=1" for 127.0.0.1 at 2014-09-12 10:01:20 -0700


Started GET "/assets/jquery_ujs.js?body=1" for 127.0.0.1 at 2014-09-12 10:01:20 -0700


Started GET "/assets/jquery.js?body=1" for 127.0.0.1 at 2014-09-12 10:01:21 -0700
^C[2014-09-12 10:05:37] INFO  going to shutdown ...
[2014-09-12 10:05:37] INFO  WEBrick::HTTPServer#start done.
Exiting
bash-3.2$ bunlde i[K[K[K[K[K[K[K[Kbundle install
Using rake 10.3.2
Using i18n 0.6.11
Using json 1.8.1
Using minitest 5.4.1
Using thread_safe 0.3.4
Using tzinfo 1.2.2
Using activesupport 4.1.4
Using builder 3.2.2
Using erubis 2.7.0
Using actionview 4.1.4
Using rack 1.5.2
Using rack-test 0.6.2
Using actionpack 4.1.4
Using mime-types 1.25.1
Using polyglot 0.3.5
Using treetop 1.4.15
Using mail 2.5.4
Using actionmailer 4.1.4
Using activemodel 4.1.4
Using arel 5.0.1.20140414130214
Using activerecord 4.1.4
Using bcrypt 3.1.7
Using sass 3.2.19
Using bootstrap-sass 3.2.0.1
Using coffee-script-source 1.8.0
Using execjs 2.2.1
Using coffee-script 2.3.0
Using thor 0.19.1
Using railties 4.1.4
Using coffee-rails 4.0.1
Using orm_adapter 0.5.0
Using warden 1.2.3
Using devise 3.3.0
Using hike 1.2.3
Using multi_json 1.10.1
Using jbuilder 2.1.3
Using jquery-rails 3.1.2
Using pg 0.17.1
Using bundler 1.6.2
Using tilt 1.4.1
Using sprockets 2.11.0
Using sprockets-rails 2.1.4
Using rails 4.1.4
Using rdoc 4.1.2
Using sass-rails 4.0.3
Using sdoc 0.4.1
Using temple 0.6.8
Using slim 2.0.3
Using spring 1.1.3
Using turbolinks 2.3.0
Using uglifier 2.5.3
[32mYour bundle is complete![0m
[32mUse `bundle show [gemname]` to see where a bundled gem is installed.[0m
bash-3.2$ rails s
=> Booting WEBrick
=> Rails 4.1.4 application starting in development on http://0.0.0.0:3000
=> Run `rails server -h` for more startup options
=> Notice: server is listening on all interfaces (0.0.0.0). Consider using 127.0.0.1 (--binding option)
=> Ctrl-C to shutdown server
[2014-09-12 10:11:49] INFO  WEBrick 1.3.1
[2014-09-12 10:11:49] INFO  ruby 2.1.2 (2014-05-08) [x86_64-darwin13.0]
[2014-09-12 10:11:49] INFO  WEBrick::HTTPServer#start: pid=2056 port=3000


Started GET "/" for 127.0.0.1 at 2014-09-12 10:11:55 -0700
  [1m[36mActiveRecord::SchemaMigration Load (0.2ms)[0m  [1mSELECT "schema_migrations".* FROM "schema_migrations"[0m
Processing by TicketsController#index as HTML
  Rendered tickets/index.html.slim within layouts/application (8.7ms)
  Rendered layouts/_navbar.html.slim (9.8ms)
Completed 500 Internal Server Error in 1298ms

ActionView::Template::Error (undefined local variable or method `new_campaign_path' for #<#<Class:0x007fa519149f40>:0x007fa519149540>):
    2:   .container-fluid
    3:     .navbar-header
    4:       = link_to "Tickety", root_path, class: "navbar-brand"
    5:       = link_to "New Ticket", new_campaign_path, class: "navbar-brand"
    6:       .pull-right
    7:       / -if user_signed_in?
    8:        / - if current_user.avatar.present?
  app/views/layouts/_navbar.html.slim:5:in `_app_views_layouts__navbar_html_slim___1056731144459408130_70173560148260'
  app/views/layouts/application.html.slim:14:in `_app_views_layouts_application_html_slim__1278121535223699919_70173533674780'


  Rendered /Users/shin_mac/.rvm/gems/ruby-2.1.2/gems/actionpack-4.1.4/lib/action_dispatch/middleware/templates/rescues/_trace.html.erb (1.3ms)
  Rendered /Users/shin_mac/.rvm/gems/ruby-2.1.2/gems/actionpack-4.1.4/lib/action_dispatch/middleware/templates/rescues/_request_and_response.html.erb (0.8ms)
  Rendered /Users/shin_mac/.rvm/gems/ruby-2.1.2/gems/actionpack-4.1.4/lib/action_dispatch/middleware/templates/rescues/template_error.html.erb within rescues/layout (15.4ms)


Started GET "/" for 127.0.0.1 at 2014-09-12 10:12:35 -0700
Processing by TicketsController#index as HTML
  Rendered tickets/index.html.slim within layouts/application (0.0ms)
  Rendered layouts/_navbar.html.slim (2.5ms)
Completed 200 OK in 42ms (Views: 41.3ms | ActiveRecord: 0.0ms)


Started GET "/assets/tickets.css?body=1" for 127.0.0.1 at 2014-09-12 10:12:36 -0700


Started GET "/assets/jquery_ujs.js?body=1" for 127.0.0.1 at 2014-09-12 10:12:36 -0700


Started GET "/assets/jquery.js?body=1" for 127.0.0.1 at 2014-09-12 10:12:36 -0700


Started GET "/assets/bootstrap_and_overrides.css?body=1" for 127.0.0.1 at 2014-09-12 10:12:36 -0700


Started GET "/assets/application.css?body=1" for 127.0.0.1 at 2014-09-12 10:12:36 -0700


Started GET "/assets/tickets.js?body=1" for 127.0.0.1 at 2014-09-12 10:12:36 -0700


Started GET "/assets/turbolinks.js?body=1" for 127.0.0.1 at 2014-09-12 10:12:36 -0700


Started GET "/assets/application.js?body=1" for 127.0.0.1 at 2014-09-12 10:12:36 -0700


Started GET "/" for 127.0.0.1 at 2014-09-12 10:12:41 -0700
Processing by TicketsController#index as HTML
  Rendered tickets/index.html.slim within layouts/application (1.6ms)
  Rendered layouts/_navbar.html.slim (2.1ms)
Completed 200 OK in 39ms (Views: 38.6ms | ActiveRecord: 0.0ms)


Started GET "/" for 127.0.0.1 at 2014-09-12 10:13:20 -0700
Processing by TicketsController#index as HTML
  Rendered tickets/index.html.slim within layouts/application (1.8ms)
  Rendered layouts/_navbar.html.slim (0.2ms)
Completed 200 OK in 41ms (Views: 41.0ms | ActiveRecord: 0.0ms)


Started GET "/assets/tickets.css?body=1" for 127.0.0.1 at 2014-09-12 10:13:20 -0700


Started GET "/assets/bootstrap_and_overrides.css?body=1" for 127.0.0.1 at 2014-09-12 10:13:20 -0700


Started GET "/assets/jquery_ujs.js?body=1" for 127.0.0.1 at 2014-09-12 10:13:20 -0700


Started GET "/assets/turbolinks.js?body=1" for 127.0.0.1 at 2014-09-12 10:13:20 -0700


Started GET "/assets/jquery.js?body=1" for 127.0.0.1 at 2014-09-12 10:13:20 -0700


Started GET "/assets/application.css?body=1" for 127.0.0.1 at 2014-09-12 10:13:20 -0700


Started GET "/assets/tickets.js?body=1" for 127.0.0.1 at 2014-09-12 10:13:20 -0700


Started GET "/assets/application.js?body=1" for 127.0.0.1 at 2014-09-12 10:13:20 -0700
^C[2014-09-12 10:15:25] INFO  going to shutdown ...
[2014-09-12 10:15:25] INFO  WEBrick::HTTPServer#start done.
Exiting
bash-3.2$ rails c
Loading development environment (Rails 4.1.4)
Couldn't load interactive_editor: cannot load such file -- interactive_editor
Couldn't load awesome_print: cannot load such file -- awesome_print
Couldn't load hirb: cannot load such file -- hirb
[?1034h2.1.2 :001 > ex[K[Kquite[K
bash-3.2$ rails c
Loading development environment (Rails 4.1.4)
[?1034h2.1.2 :001 > q[Kt = Tik[Kcket.new
NameError: uninitialized constant Ticket
	from (irb):1
	from /Users/shin_mac/.rvm/gems/ruby-2.1.2/gems/railties-4.1.4/lib/rails/commands/console.rb:90:in `start'
	from /Users/shin_mac/.rvm/gems/ruby-2.1.2/gems/railties-4.1.4/lib/rails/commands/console.rb:9:in `start'
	from /Users/shin_mac/.rvm/gems/ruby-2.1.2/gems/railties-4.1.4/lib/rails/commands/commands_tasks.rb:69:in `console'
	from /Users/shin_mac/.rvm/gems/ruby-2.1.2/gems/railties-4.1.4/lib/rails/commands/commands_tasks.rb:40:in `run_command!'
	from /Users/shin_mac/.rvm/gems/ruby-2.1.2/gems/railties-4.1.4/lib/rails/commands.rb:17:in `<top (required)>'
	from /Users/shin_mac/projects/Tickety/bin/rails:8:in `<top (required)>'
	from /Users/shin_mac/.rvm/rubies/ruby-2.1.2/lib/ruby/2.1.0/rubygems/core_ext/kernel_require.rb:55:in `require'
	from /Users/shin_mac/.rvm/rubies/ruby-2.1.2/lib/ruby/2.1.0/rubygems/core_ext/kernel_require.rb:55:in `require'
	from -e:1:in `<main>'
2.1.2 :002 > eixt
NameError: undefined local variable or method `eixt' for main:Object
	from (irb):2
	from /Users/shin_mac/.rvm/gems/ruby-2.1.2/gems/railties-4.1.4/lib/rails/commands/console.rb:90:in `start'
	from /Users/shin_mac/.rvm/gems/ruby-2.1.2/gems/railties-4.1.4/lib/rails/commands/console.rb:9:in `start'
	from /Users/shin_mac/.rvm/gems/ruby-2.1.2/gems/railties-4.1.4/lib/rails/commands/commands_tasks.rb:69:in `console'
	from /Users/shin_mac/.rvm/gems/ruby-2.1.2/gems/railties-4.1.4/lib/rails/commands/commands_tasks.rb:40:in `run_command!'
	from /Users/shin_mac/.rvm/gems/ruby-2.1.2/gems/railties-4.1.4/lib/rails/commands.rb:17:in `<top (required)>'
	from /Users/shin_mac/.rvm/gems/ruby-2.1.2/gems/activesupport-4.1.4/lib/active_support/dependencies.rb:247:in `require'
	from /Users/shin_mac/.rvm/gems/ruby-2.1.2/gems/activesupport-4.1.4/lib/active_support/dependencies.rb:247:in `block in require'
	from /Users/shin_mac/.rvm/gems/ruby-2.1.2/gems/activesupport-4.1.4/lib/active_support/dependencies.rb:232:in `load_dependency'
	from /Users/shin_mac/.rvm/gems/ruby-2.1.2/gems/activesupport-4.1.4/lib/active_support/dependencies.rb:247:in `require'
	from /Users/shin_mac/projects/Tickety/bin/rails:8:in `<top (required)>'
	from /Users/shin_mac/.rvm/gems/ruby-2.1.2/gems/activesupport-4.1.4/lib/active_support/dependencies.rb:241:in `load'
	from /Users/shin_mac/.rvm/gems/ruby-2.1.2/gems/activesupport-4.1.4/lib/active_support/dependencies.rb:241:in `block in load'
	from /Users/shin_mac/.rvm/gems/ruby-2.1.2/gems/activesupport-4.1.4/lib/active_support/dependencies.rb:232:in `load_dependency'
	from /Users/shin_mac/.rvm/gems/ruby-2.1.2/gems/activesupport-4.1.4/lib/active_support/dependencies.rb:241:in `load'
	from /Users/shin_mac/.rvm/gems/ruby-2.1.2/gems/spring-1.1.3/lib/spring/commands/rails.rb:6:in `call'
	from /Users/shin_mac/.rvm/gems/ruby-2.1.2/gems/spring-1.1.3/lib/spring/command_wrapper.rb:38:in `call'
	from /Users/shin_mac/.rvm/gems/ruby-2.1.2/gems/spring-1.1.3/lib/spring/application.rb:180:in `block in serve'
	from /Users/shin_mac/.rvm/gems/ruby-2.1.2/gems/spring-1.1.3/lib/spring/application.rb:153:in `fork'
	from /Users/shin_mac/.rvm/gems/ruby-2.1.2/gems/spring-1.1.3/lib/spring/application.rb:153:in `serve'
	from /Users/shin_mac/.rvm/gems/ruby-2.1.2/gems/spring-1.1.3/lib/spring/application.rb:128:in `block in run'
	from /Users/shin_mac/.rvm/gems/ruby-2.1.2/gems/spring-1.1.3/lib/spring/application.rb:122:in `loop'
	from /Users/shin_mac/.rvm/gems/ruby-2.1.2/gems/spring-1.1.3/lib/spring/application.rb:122:in `run'
	from /Users/shin_mac/.rvm/gems/ruby-2.1.2/gems/spring-1.1.3/lib/spring/application/boot.rb:18:in `<top (required)>'
	from /Users/shin_mac/.rvm/rubies/ruby-2.1.2/lib/ruby/2.1.0/rubygems/core_ext/kernel_require.rb:55:in `require'
	from /Users/shin_mac/.rvm/rubies/ruby-2.1.2/lib/ruby/2.1.0/rubygems/core_ext/kernel_require.rb:55:in `require'
	from -e:1:in `<main>'2.1.2 :003 > quit
bash-3.2$ pwd
/Users/shin_mac/projects/Tickety
bash-3.2$ rails s
=> Booting WEBrick
=> Rails 4.1.4 application starting in development on http://0.0.0.0:3000
=> Run `rails server -h` for more startup options
=> Notice: server is listening on all interfaces (0.0.0.0). Consider using 127.0.0.1 (--binding option)
=> Ctrl-C to shutdown server
[2014-09-12 10:17:50] INFO  WEBrick 1.3.1
[2014-09-12 10:17:50] INFO  ruby 2.1.2 (2014-05-08) [x86_64-darwin13.0]
[2014-09-12 10:17:50] INFO  WEBrick::HTTPServer#start: pid=2195 port=3000
^C[2014-09-12 10:17:51] INFO  going to shutdown ...
[2014-09-12 10:17:51] INFO  WEBrick::HTTPServer#start done.
Exiting
bash-3.2$ rails c
Loading development environment (Rails 4.1.4)
[?1034h2.1.2 :001 > a-[K = Ticket.all
NameError: uninitialized constant Ticket
	from (irb):1
	from /Users/shin_mac/.rvm/gems/ruby-2.1.2/gems/railties-4.1.4/lib/rails/commands/console.rb:90:in `start'
	from /Users/shin_mac/.rvm/gems/ruby-2.1.2/gems/railties-4.1.4/lib/rails/commands/console.rb:9:in `start'
	from /Users/shin_mac/.rvm/gems/ruby-2.1.2/gems/railties-4.1.4/lib/rails/commands/commands_tasks.rb:69:in `console'
	from /Users/shin_mac/.rvm/gems/ruby-2.1.2/gems/railties-4.1.4/lib/rails/commands/commands_tasks.rb:40:in `run_command!'
	from /Users/shin_mac/.rvm/gems/ruby-2.1.2/gems/railties-4.1.4/lib/rails/commands.rb:17:in `<top (required)>'
	from /Users/shin_mac/projects/Tickety/bin/rails:8:in `<top (required)>'
	from /Users/shin_mac/.rvm/rubies/ruby-2.1.2/lib/ruby/2.1.0/rubygems/core_ext/kernel_require.rb:55:in `require'
	from /Users/shin_mac/.rvm/rubies/ruby-2.1.2/lib/ruby/2.1.0/rubygems/core_ext/kernel_require.rb:55:in `require'
	from -e:1:in `<main>'
2.1.2 :002 > exit
bash-3.2$ rake db:migrate:reset
rake aborted!
NameError: uninitialized constant CreateTikets
/Users/shin_mac/.rvm/gems/ruby-2.1.2/gems/activesupport-4.1.4/lib/active_support/inflector/methods.rb:238:in `const_get'
/Users/shin_mac/.rvm/gems/ruby-2.1.2/gems/activesupport-4.1.4/lib/active_support/inflector/methods.rb:238:in `block in constantize'
/Users/shin_mac/.rvm/gems/ruby-2.1.2/gems/activesupport-4.1.4/lib/active_support/inflector/methods.rb:236:in `each'
/Users/shin_mac/.rvm/gems/ruby-2.1.2/gems/activesupport-4.1.4/lib/active_support/inflector/methods.rb:236:in `inject'
/Users/shin_mac/.rvm/gems/ruby-2.1.2/gems/activesupport-4.1.4/lib/active_support/inflector/methods.rb:236:in `constantize'
/Users/shin_mac/.rvm/gems/ruby-2.1.2/gems/activesupport-4.1.4/lib/active_support/core_ext/string/inflections.rb:66:in `constantize'
/Users/shin_mac/.rvm/gems/ruby-2.1.2/gems/activerecord-4.1.4/lib/active_record/migration.rb:762:in `load_migration'
/Users/shin_mac/.rvm/gems/ruby-2.1.2/gems/activerecord-4.1.4/lib/active_record/migration.rb:757:in `migration'
/Users/shin_mac/.rvm/gems/ruby-2.1.2/gems/activerecord-4.1.4/lib/active_record/migration.rb:752:in `disable_ddl_transaction'
/Users/shin_mac/.rvm/gems/ruby-2.1.2/gems/activerecord-4.1.4/lib/active_record/migration.rb:1045:in `use_transaction?'
/Users/shin_mac/.rvm/gems/ruby-2.1.2/gems/activerecord-4.1.4/lib/active_record/migration.rb:955:in `rescue in block in migrate'
/Users/shin_mac/.rvm/gems/ruby-2.1.2/gems/activerecord-4.1.4/lib/active_record/migration.rb:952:in `block in migrate'
/Users/shin_mac/.rvm/gems/ruby-2.1.2/gems/activerecord-4.1.4/lib/active_record/migration.rb:949:in `each'
/Users/shin_mac/.rvm/gems/ruby-2.1.2/gems/activerecord-4.1.4/lib/active_record/migration.rb:949:in `migrate'
/Users/shin_mac/.rvm/gems/ruby-2.1.2/gems/activerecord-4.1.4/lib/active_record/migration.rb:807:in `up'
/Users/shin_mac/.rvm/gems/ruby-2.1.2/gems/activerecord-4.1.4/lib/active_record/migration.rb:785:in `migrate'
/Users/shin_mac/.rvm/gems/ruby-2.1.2/gems/activerecord-4.1.4/lib/active_record/railties/databases.rake:34:in `block (2 levels) in <top (required)>'
/Users/shin_mac/.rvm/gems/ruby-2.1.2/bin/ruby_executable_hooks:15:in `eval'
/Users/shin_mac/.rvm/gems/ruby-2.1.2/bin/ruby_executable_hooks:15:in `<main>'
NameError: uninitialized constant CreateTikets
/Users/shin_mac/.rvm/gems/ruby-2.1.2/gems/activesupport-4.1.4/lib/active_support/inflector/methods.rb:238:in `const_get'
/Users/shin_mac/.rvm/gems/ruby-2.1.2/gems/activesupport-4.1.4/lib/active_support/inflector/methods.rb:238:in `block in constantize'
/Users/shin_mac/.rvm/gems/ruby-2.1.2/gems/activesupport-4.1.4/lib/active_support/inflector/methods.rb:236:in `each'
/Users/shin_mac/.rvm/gems/ruby-2.1.2/gems/activesupport-4.1.4/lib/active_support/inflector/methods.rb:236:in `inject'
/Users/shin_mac/.rvm/gems/ruby-2.1.2/gems/activesupport-4.1.4/lib/active_support/inflector/methods.rb:236:in `constantize'
/Users/shin_mac/.rvm/gems/ruby-2.1.2/gems/activesupport-4.1.4/lib/active_support/core_ext/string/inflections.rb:66:in `constantize'
/Users/shin_mac/.rvm/gems/ruby-2.1.2/gems/activerecord-4.1.4/lib/active_record/migration.rb:762:in `load_migration'
/Users/shin_mac/.rvm/gems/ruby-2.1.2/gems/activerecord-4.1.4/lib/active_record/migration.rb:757:in `migration'
/Users/shin_mac/.rvm/gems/ruby-2.1.2/gems/activerecord-4.1.4/lib/active_record/migration.rb:752:in `disable_ddl_transaction'
/Users/shin_mac/.rvm/gems/ruby-2.1.2/gems/activerecord-4.1.4/lib/active_record/migration.rb:1045:in `use_transaction?'
/Users/shin_mac/.rvm/gems/ruby-2.1.2/gems/activerecord-4.1.4/lib/active_record/migration.rb:1037:in `ddl_transaction'
/Users/shin_mac/.rvm/gems/ruby-2.1.2/gems/activerecord-4.1.4/lib/active_record/migration.rb:991:in `execute_migration_in_transaction'
/Users/shin_mac/.rvm/gems/ruby-2.1.2/gems/activerecord-4.1.4/lib/active_record/migration.rb:953:in `block in migrate'
/Users/shin_mac/.rvm/gems/ruby-2.1.2/gems/activerecord-4.1.4/lib/active_record/migration.rb:949:in `each'
/Users/shin_mac/.rvm/gems/ruby-2.1.2/gems/activerecord-4.1.4/lib/active_record/migration.rb:949:in `migrate'
/Users/shin_mac/.rvm/gems/ruby-2.1.2/gems/activerecord-4.1.4/lib/active_record/migration.rb:807:in `up'
/Users/shin_mac/.rvm/gems/ruby-2.1.2/gems/activerecord-4.1.4/lib/active_record/migration.rb:785:in `migrate'
/Users/shin_mac/.rvm/gems/ruby-2.1.2/gems/activerecord-4.1.4/lib/active_record/railties/databases.rake:34:in `block (2 levels) in <top (required)>'
/Users/shin_mac/.rvm/gems/ruby-2.1.2/bin/ruby_executable_hooks:15:in `eval'
/Users/shin_mac/.rvm/gems/ruby-2.1.2/bin/ruby_executable_hooks:15:in `<main>'
Tasks: TOP => db:migrate:reset => db:migrate
(See full trace by running task with --trace)
bash-3.2$ di[K[Krake db[K[Kg model t[KTicket title[K[K[K[K[Ktitle:string description;[K:tes[Kxt status:boolean
rake aborted!
Don't know how to build task 'g'
/Users/shin_mac/.rvm/gems/ruby-2.1.2/bin/ruby_executable_hooks:15:in `eval'
/Users/shin_mac/.rvm/gems/ruby-2.1.2/bin/ruby_executable_hooks:15:in `<main>'
(See full trace by running task with --trace)
bash-3.2$ rake g model Ticket title:string description:text status:boolean
rake aborted!
Don't know how to build task 'g'
/Users/shin_mac/.rvm/gems/ruby-2.1.2/bin/ruby_executable_hooks:15:in `eval'
/Users/shin_mac/.rvm/gems/ruby-2.1.2/bin/ruby_executable_hooks:15:in `<main>'
(See full trace by running task with --trace)
bash-3.2$ rake g model Ticket title:string description:text status:boolean[C[1P[1P[1P[1P[1@r[1@a[1@i[1@l[C[C[C[C[C[C[C[C[C[C[C[C[C[C[C[C[C[C[C[C[C[C[C[C[C[C[C[C[C[C[C[C[C[C[C[C[C[C[C[C[C[C[C[C[C[C[C[C[C[C[C[C[C[C[C[C[C[C[C[C
bash: rail: command not found
bash-3.2$ rail g model Ticket title:string description:text status:boolean[1@s[C[C[C[C[C[C[C[C[C[C[C[C[C[C[C[C[C[C[C[C[C[C[C[C[C[C[C[C[C[C[C[C[C[C[C[C[C[C[C[C[C[C[C[C[C[C[C[C[C[C[C[C[C[C[C[C[C[C[C[C
[1m[37m      invoke[0m  active_record
[1m[32m      create[0m    db/migrate/20140912172233_create_tickets.rb
[1m[32m      create[0m    app/models/ticket.rb
[1m[37m      invoke[0m    test_unit
[1m[32m      create[0m      test/models/ticket_test.rb
[1m[32m      create[0m      test/fixtures/tickets.yml
bash-3.2$ db [K[K[Kcreate db[K[K[K[K[K[K[K[K[Krake db:create
Tickety_development already exists
Tickety_test already exists
bash-3.2$ rake db:createils g model Ticket title:string description:text status:boolean[C[C[C[C[C[C[C[C[C[C[C[C[C[C[1P[C[C[C[C[C[C[C[C[C[C[C[C[C[C[C[C[C[C[C[C[C[C[C[C[C[C[C[C[C[C[C[C[C[C[C[C[C[C[C[C[C[C[C[C[C[C[C[C[C[C[C[C[C[C[C[C[C[C[C[C[C[C[C[C[C[C[C[C[C[C[C[Cke[C[C[C[C[C[C[C[C[C[C[C[C[C[C[C[C[C[C[C[C[C[C[C[C[C[C[C[C[C[C[C[C[C[C[C[C[C[C[C[C[C[C[C[C[C[C[C[C[C[C[C[C[C[C[C[C[C[C[C[C[C[C[C[C[C[C[C[C[C[C[C[C[C[C[Cdb:migrate:reset[K[C[C[C[C[C[C[C[C[C[C[C[Cils c[Kke db:migrate:reset
== 20140912172233 CreateTickets: migrating ====================================
-- create_table(:tickets)
   -> 0.0031s
== 20140912172233 CreateTickets: migrated (0.0032s) ===========================

bash-3.2$ rails c
Loading development environment (Rails 4.1.4)
[?1034h2.1.2 :001 > n[Kticket = Ticket.all
  [1m[36mTicket Load (0.4ms)[0m  [1mSELECT "tickets".* FROM "tickets"[0m
#<ActiveRecord::Relation []>
2.1.2 :002 > exit
bash-3.2$ bundle install
[32mUpdating git://github.com/plataformatec/simple_form.git[0m
Fetching gem metadata from https://rubygems.org/..........
Resolving dependencies...
Using rake 10.3.2
Using i18n 0.6.11
Using json 1.8.1
Using minitest 5.4.1
Using thread_safe 0.3.4
Using tzinfo 1.2.2
Using activesupport 4.1.4
Using builder 3.2.2
Using erubis 2.7.0
Using actionview 4.1.4
Using rack 1.5.2
Using rack-test 0.6.2
Using actionpack 4.1.4
Using mime-types 1.25.1
Using polyglot 0.3.5
Using treetop 1.4.15
Using mail 2.5.4
Using actionmailer 4.1.4
Using activemodel 4.1.4
Using arel 5.0.1.20140414130214
Using activerecord 4.1.4
Using awesome_print 1.2.0
Using bcrypt 3.1.7
Using coderay 1.1.0
Using better_errors 1.1.0
Using debug_inspector 0.0.2
Using binding_of_caller 0.7.2
Using sass 3.2.19
Using bootstrap-sass 3.2.0.1
Using bundler 1.6.2
Using coffee-script-source 1.8.0
Using execjs 2.2.1
Using coffee-script 2.3.0
Using thor 0.19.1
Using railties 4.1.4
Using coffee-rails 4.0.1
Using orm_adapter 0.5.0
Using warden 1.2.3
Using devise 3.3.0
Using ffi 1.9.3
Using hike 1.2.3
Using hirb 0.7.2
Using spoon 0.0.4
Using interactive_editor 0.0.10
Using multi_json 1.10.1
Using jbuilder 2.1.3
Using jquery-rails 3.1.2
Using pg 0.17.1
Using quiet_assets 1.0.3
Using tilt 1.4.1
Using sprockets 2.11.0
Using sprockets-rails 2.1.4
Using rails 4.1.4
Using rdoc 4.1.2
Using sass-rails 4.0.3
Using sdoc 0.4.1
Using simple_form 3.1.0.rc2 from git://github.com/plataformatec/simple_form.git (at master)
Using temple 0.6.8
Using slim 2.0.3
Using spring 1.1.3
Using turbolinks 2.3.0
Using uglifier 2.5.3
[32mYour bundle is complete![0m
[32mUse `bundle show [gemname]` to see where a bundled gem is installed.[0m
bash-3.2$ rails generate simple_form:install --bootstrap
[1m[32m      create[0m  config/initializers/simple_form.rb
[1m[32m      create[0m  config/initializers/simple_form_bootstrap.rb
[1m[34m       exist[0m  config/locales
[1m[32m      create[0m  config/locales/simple_form.en.yml
[1m[32m      create[0m  lib/templates/erb/scaffold/_form.html.erb
===============================================================================

  Be sure to have a copy of the Bootstrap stylesheet available on your
  application, you can get it on http://getbootstrap.com/.

  Inside your views, use the 'simple_form_for' with one of the Bootstrap form
  classes, '.form-horizontal' or '.form-inline', as the following:

    = simple_form_for(@user, html: { class: 'form-horizontal' }) do |form|

===============================================================================
bash-3.2$ rails s
=> Booting WEBrick
=> Rails 4.1.4 application starting in development on http://0.0.0.0:3000
=> Run `rails server -h` for more startup options
=> Notice: server is listening on all interfaces (0.0.0.0). Consider using 127.0.0.1 (--binding option)
=> Ctrl-C to shutdown server
[2014-09-12 10:28:21] INFO  WEBrick 1.3.1
[2014-09-12 10:28:21] INFO  ruby 2.1.2 (2014-05-08) [x86_64-darwin13.0]
[2014-09-12 10:28:21] INFO  WEBrick::HTTPServer#start: pid=2472 port=3000


Started GET "/" for 127.0.0.1 at 2014-09-12 10:28:25 -0700
  [1m[36mActiveRecord::SchemaMigration Load (0.2ms)[0m  [1mSELECT "schema_migrations".* FROM "schema_migrations"[0m
Processing by TicketsController#index as HTML
  Rendered tickets/index.html.slim within layouts/application (9.0ms)
  Rendered layouts/_navbar.html.slim (2.5ms)
Completed 200 OK in 94ms (Views: 87.0ms | ActiveRecord: 0.0ms)


Started GET "/" for 127.0.0.1 at 2014-09-12 10:38:54 -0700
Processing by TicketsController#index as HTML
  Rendered tickets/index.html.slim within layouts/application (0.0ms)
  Rendered layouts/_navbar.html.slim (0.2ms)
Completed 200 OK in 46ms (Views: 44.7ms | ActiveRecord: 0.0ms)


Started GET "/" for 127.0.0.1 at 2014-09-12 10:38:56 -0700
Processing by TicketsController#index as HTML
  Rendered tickets/index.html.slim within layouts/application (1.4ms)
  Rendered layouts/_navbar.html.slim (2.1ms)
Completed 200 OK in 46ms (Views: 45.3ms | ActiveRecord: 0.0ms)
^C[2014-09-12 10:40:30] INFO  going to shutdown ...
[2014-09-12 10:40:30] INFO  WEBrick::HTTPServer#start done.
Exiting
bash-3.2$ ra[K[Krai[K[K[Krails [K[K[K[K[K[Krake rutes
rake aborted!
Don't know how to build task 'rutes'
/Users/shin_mac/.rvm/gems/ruby-2.1.2/bin/ruby_executable_hooks:15:in `eval'
/Users/shin_mac/.rvm/gems/ruby-2.1.2/bin/ruby_executable_hooks:15:in `<main>'
(See full trace by running task with --trace)
bash-3.2$ rake routes
     Prefix Verb   URI Pattern                 Controller#Action
       root GET    /                           tickets#index
    tickets GET    /tickets(.:format)          tickets#index
            POST   /tickets(.:format)          tickets#create
 new_ticket GET    /tickets/new(.:format)      tickets#new
edit_ticket GET    /tickets/:id/edit(.:format) tickets#edit
     ticket GET    /tickets/:id(.:format)      tickets#show
            PATCH  /tickets/:id(.:format)      tickets#update
            PUT    /tickets/:id(.:format)      tickets#update
            DELETE /tickets/:id(.:format)      tickets#destroy
bash-3.2$ rails s
=> Booting WEBrick
=> Rails 4.1.4 application starting in development on http://0.0.0.0:3000
=> Run `rails server -h` for more startup options
=> Notice: server is listening on all interfaces (0.0.0.0). Consider using 127.0.0.1 (--binding option)
=> Ctrl-C to shutdown server
[2014-09-12 10:42:33] INFO  WEBrick 1.3.1
[2014-09-12 10:42:33] INFO  ruby 2.1.2 (2014-05-08) [x86_64-darwin13.0]
[2014-09-12 10:42:33] INFO  WEBrick::HTTPServer#start: pid=2774 port=3000


Started GET "/" for 127.0.0.1 at 2014-09-12 10:42:38 -0700
  [1m[36mActiveRecord::SchemaMigration Load (0.4ms)[0m  [1mSELECT "schema_migrations".* FROM "schema_migrations"[0m
Processing by TicketsController#index as HTML
  Rendered tickets/index.html.slim within layouts/application (11.2ms)
  Rendered layouts/_navbar.html.slim (2.3ms)
Completed 200 OK in 105ms (Views: 96.2ms | ActiveRecord: 0.0ms)


Started GET "/tickets/new" for 127.0.0.1 at 2014-09-12 10:42:40 -0700
Processing by TicketsController#new as HTML
Completed 500 Internal Server Error in 6ms

ActionView::MissingTemplate - Missing template tickets/new, application/new with {:locale=>[:en], :formats=>[:html, :xml], :variants=>[], :handlers=>[:erb, :builder, :raw, :ruby, :slim, :coffee, :jbuilder]}. Searched in:
  * "/Users/shin_mac/projects/Tickety/app/views"
  * "/Users/shin_mac/.rvm/gems/ruby-2.1.2/gems/devise-3.3.0/app/views"
:
  actionview (4.1.4) lib/action_view/path_set.rb:46:in `find'
  actionview (4.1.4) lib/action_view/lookup_context.rb:124:in `find'
  actionview (4.1.4) lib/action_view/renderer/abstract_renderer.rb:18:in `find_template'
  actionview (4.1.4) lib/action_view/renderer/template_renderer.rb:41:in `determine_template'
  actionview (4.1.4) lib/action_view/renderer/template_renderer.rb:8:in `render'
  actionview (4.1.4) lib/action_view/renderer/renderer.rb:42:in `render_template'
  actionview (4.1.4) lib/action_view/renderer/renderer.rb:23:in `render'
  actionview (4.1.4) lib/action_view/rendering.rb:99:in `_render_template'
  actionpack (4.1.4) lib/action_controller/metal/streaming.rb:217:in `_render_template'
  actionview (4.1.4) lib/action_view/rendering.rb:82:in `render_to_body'
  actionpack (4.1.4) lib/action_controller/metal/rendering.rb:32:in `render_to_body'
  actionpack (4.1.4) lib/action_controller/metal/renderers.rb:32:in `render_to_body'
  actionpack (4.1.4) lib/abstract_controller/rendering.rb:25:in `render'
  actionpack (4.1.4) lib/action_controller/metal/rendering.rb:16:in `render'
  actionpack (4.1.4) lib/action_controller/metal/instrumentation.rb:41:in `block (2 levels) in render'
  activesupport (4.1.4) lib/active_support/core_ext/benchmark.rb:12:in `block in ms'
   () Users/shin_mac/.rvm/rubies/ruby-2.1.2/lib/ruby/2.1.0/benchmark.rb:294:in `realtime'
  activesupport (4.1.4) lib/active_support/core_ext/benchmark.rb:12:in `ms'
  actionpack (4.1.4) lib/action_controller/metal/instrumentation.rb:41:in `block in render'
  actionpack (4.1.4) lib/action_controller/metal/instrumentation.rb:84:in `cleanup_view_runtime'
  activerecord (4.1.4) lib/active_record/railties/controller_runtime.rb:25:in `cleanup_view_runtime'
  actionpack (4.1.4) lib/action_controller/metal/instrumentation.rb:40:in `render'
  actionpack (4.1.4) lib/action_controller/metal/implicit_render.rb:10:in `default_render'
  actionpack (4.1.4) lib/action_controller/metal/implicit_render.rb:5:in `send_action'
  actionpack (4.1.4) lib/abstract_controller/base.rb:189:in `process_action'
  actionpack (4.1.4) lib/action_controller/metal/rendering.rb:10:in `process_action'
  actionpack (4.1.4) lib/abstract_controller/callbacks.rb:20:in `block in process_action'
  activesupport (4.1.4) lib/active_support/callbacks.rb:113:in `call'
  activesupport (4.1.4) lib/active_support/callbacks.rb:229:in `block in halting'
  activesupport (4.1.4) lib/active_support/callbacks.rb:229:in `block in halting'
  activesupport (4.1.4) lib/active_support/callbacks.rb:166:in `block in halting'
  activesupport (4.1.4) lib/active_support/callbacks.rb:166:in `block in halting'
  activesupport (4.1.4) lib/active_support/callbacks.rb:166:in `block in halting'
  activesupport (4.1.4) lib/active_support/callbacks.rb:86:in `run_callbacks'
  actionpack (4.1.4) lib/abstract_controller/callbacks.rb:19:in `process_action'
  actionpack (4.1.4) lib/action_controller/metal/rescue.rb:29:in `process_action'
  actionpack (4.1.4) lib/action_controller/metal/instrumentation.rb:31:in `block in process_action'
  activesupport (4.1.4) lib/active_support/notifications.rb:159:in `block in instrument'
  activesupport (4.1.4) lib/active_support/notifications/instrumenter.rb:20:in `instrument'
  activesupport (4.1.4) lib/active_support/notifications.rb:159:in `instrument'
  actionpack (4.1.4) lib/action_controller/metal/instrumentation.rb:30:in `process_action'
  actionpack (4.1.4) lib/action_controller/metal/params_wrapper.rb:250:in `process_action'
  activerecord (4.1.4) lib/active_record/railties/controller_runtime.rb:18:in `process_action'
  actionpack (4.1.4) lib/abstract_controller/base.rb:136:in `process'
  actionview (4.1.4) lib/action_view/rendering.rb:30:in `process'
  actionpack (4.1.4) lib/action_controller/metal.rb:196:in `dispatch'
  actionpack (4.1.4) lib/action_controller/metal/rack_delegation.rb:13:in `dispatch'
  actionpack (4.1.4) lib/action_controller/metal.rb:232:in `block in action'
  actionpack (4.1.4) lib/action_dispatch/routing/route_set.rb:82:in `dispatch'
  actionpack (4.1.4) lib/action_dispatch/routing/route_set.rb:50:in `call'
  actionpack (4.1.4) lib/action_dispatch/journey/router.rb:71:in `block in call'
  actionpack (4.1.4) lib/action_dispatch/journey/router.rb:59:in `call'
  actionpack (4.1.4) lib/action_dispatch/routing/route_set.rb:678:in `call'
  warden (1.2.3) lib/warden/manager.rb:35:in `block in call'
  warden (1.2.3) lib/warden/manager.rb:34:in `call'
  rack (1.5.2) lib/rack/etag.rb:23:in `call'
  rack (1.5.2) lib/rack/conditionalget.rb:25:in `call'
  rack (1.5.2) lib/rack/head.rb:11:in `call'
  actionpack (4.1.4) lib/action_dispatch/middleware/params_parser.rb:27:in `call'
  actionpack (4.1.4) lib/action_dispatch/middleware/flash.rb:254:in `call'
  rack (1.5.2) lib/rack/session/abstract/id.rb:225:in `context'
  rack (1.5.2) lib/rack/session/abstract/id.rb:220:in `call'
  actionpack (4.1.4) lib/action_dispatch/middleware/cookies.rb:560:in `call'
  activerecord (4.1.4) lib/active_record/query_cache.rb:36:in `call'
  activerecord (4.1.4) lib/active_record/connection_adapters/abstract/connection_pool.rb:621:in `call'
  activerecord (4.1.4) lib/active_record/migration.rb:380:in `call'
  actionpack (4.1.4) lib/action_dispatch/middleware/callbacks.rb:29:in `block in call'
  activesupport (4.1.4) lib/active_support/callbacks.rb:82:in `run_callbacks'
  actionpack (4.1.4) lib/action_dispatch/middleware/callbacks.rb:27:in `call'
  actionpack (4.1.4) lib/action_dispatch/middleware/reloader.rb:73:in `call'
  actionpack (4.1.4) lib/action_dispatch/middleware/remote_ip.rb:76:in `call'
  better_errors (1.1.0) lib/better_errors/middleware.rb:84:in `protected_app_call'
  better_errors (1.1.0) lib/better_errors/middleware.rb:79:in `better_errors_call'
  better_errors (1.1.0) lib/better_errors/middleware.rb:56:in `call'
  actionpack (4.1.4) lib/action_dispatch/middleware/debug_exceptions.rb:17:in `call'
  actionpack (4.1.4) lib/action_dispatch/middleware/show_exceptions.rb:30:in `call'
  railties (4.1.4) lib/rails/rack/logger.rb:38:in `call_app'
  railties (4.1.4) lib/rails/rack/logger.rb:20:in `block in call'
  activesupport (4.1.4) lib/active_support/tagged_logging.rb:68:in `block in tagged'
  activesupport (4.1.4) lib/active_support/tagged_logging.rb:26:in `tagged'
  activesupport (4.1.4) lib/active_support/tagged_logging.rb:68:in `tagged'
  railties (4.1.4) lib/rails/rack/logger.rb:20:in `call'
  quiet_assets (1.0.3) lib/quiet_assets.rb:23:in `call_with_quiet_assets'
  actionpack (4.1.4) lib/action_dispatch/middleware/request_id.rb:21:in `call'
  rack (1.5.2) lib/rack/methodoverride.rb:21:in `call'
  rack (1.5.2) lib/rack/runtime.rb:17:in `call'
  activesupport (4.1.4) lib/active_support/cache/strategy/local_cache_middleware.rb:26:in `call'
  rack (1.5.2) lib/rack/lock.rb:17:in `call'
  actionpack (4.1.4) lib/action_dispatch/middleware/static.rb:64:in `call'
  rack (1.5.2) lib/rack/sendfile.rb:112:in `call'
  railties (4.1.4) lib/rails/engine.rb:514:in `call'
  railties (4.1.4) lib/rails/application.rb:144:in `call'
  rack (1.5.2) lib/rack/lock.rb:17:in `call'
  rack (1.5.2) lib/rack/content_length.rb:14:in `call'
  rack (1.5.2) lib/rack/handler/webrick.rb:60:in `service'
   () Users/shin_mac/.rvm/rubies/ruby-2.1.2/lib/ruby/2.1.0/webrick/httpserver.rb:138:in `service'
   () Users/shin_mac/.rvm/rubies/ruby-2.1.2/lib/ruby/2.1.0/webrick/httpserver.rb:94:in `run'
   () Users/shin_mac/.rvm/rubies/ruby-2.1.2/lib/ruby/2.1.0/webrick/server.rb:295:in `block in start_thread'



Started GET "/tickets/new" for 127.0.0.1 at 2014-09-12 10:42:40 -0700
Processing by TicketsController#new as HTML
Completed 500 Internal Server Error in 2ms

ActionView::MissingTemplate - Missing template tickets/new, application/new with {:locale=>[:en], :formats=>[:html], :variants=>[], :handlers=>[:erb, :builder, :raw, :ruby, :slim, :coffee, :jbuilder]}. Searched in:
  * "/Users/shin_mac/projects/Tickety/app/views"
  * "/Users/shin_mac/.rvm/gems/ruby-2.1.2/gems/devise-3.3.0/app/views"
:
  actionview (4.1.4) lib/action_view/path_set.rb:46:in `find'
  actionview (4.1.4) lib/action_view/lookup_context.rb:124:in `find'
  actionview (4.1.4) lib/action_view/renderer/abstract_renderer.rb:18:in `find_template'
  actionview (4.1.4) lib/action_view/renderer/template_renderer.rb:41:in `determine_template'
  actionview (4.1.4) lib/action_view/renderer/template_renderer.rb:8:in `render'
  actionview (4.1.4) lib/action_view/renderer/renderer.rb:42:in `render_template'
  actionview (4.1.4) lib/action_view/renderer/renderer.rb:23:in `render'
  actionview (4.1.4) lib/action_view/rendering.rb:99:in `_render_template'
  actionpack (4.1.4) lib/action_controller/metal/streaming.rb:217:in `_render_template'
  actionview (4.1.4) lib/action_view/rendering.rb:82:in `render_to_body'
  actionpack (4.1.4) lib/action_controller/metal/rendering.rb:32:in `render_to_body'
  actionpack (4.1.4) lib/action_controller/metal/renderers.rb:32:in `render_to_body'
  actionpack (4.1.4) lib/abstract_controller/rendering.rb:25:in `render'
  actionpack (4.1.4) lib/action_controller/metal/rendering.rb:16:in `render'
  actionpack (4.1.4) lib/action_controller/metal/instrumentation.rb:41:in `block (2 levels) in render'
  activesupport (4.1.4) lib/active_support/core_ext/benchmark.rb:12:in `block in ms'
   () Users/shin_mac/.rvm/rubies/ruby-2.1.2/lib/ruby/2.1.0/benchmark.rb:294:in `realtime'
  activesupport (4.1.4) lib/active_support/core_ext/benchmark.rb:12:in `ms'
  actionpack (4.1.4) lib/action_controller/metal/instrumentation.rb:41:in `block in render'
  actionpack (4.1.4) lib/action_controller/metal/instrumentation.rb:84:in `cleanup_view_runtime'
  activerecord (4.1.4) lib/active_record/railties/controller_runtime.rb:25:in `cleanup_view_runtime'
  actionpack (4.1.4) lib/action_controller/metal/instrumentation.rb:40:in `render'
  actionpack (4.1.4) lib/action_controller/metal/implicit_render.rb:10:in `default_render'
  actionpack (4.1.4) lib/action_controller/metal/implicit_render.rb:5:in `send_action'
  actionpack (4.1.4) lib/abstract_controller/base.rb:189:in `process_action'
  actionpack (4.1.4) lib/action_controller/metal/rendering.rb:10:in `process_action'
  actionpack (4.1.4) lib/abstract_controller/callbacks.rb:20:in `block in process_action'
  activesupport (4.1.4) lib/active_support/callbacks.rb:113:in `call'
  activesupport (4.1.4) lib/active_support/callbacks.rb:229:in `block in halting'
  activesupport (4.1.4) lib/active_support/callbacks.rb:229:in `block in halting'
  activesupport (4.1.4) lib/active_support/callbacks.rb:166:in `block in halting'
  activesupport (4.1.4) lib/active_support/callbacks.rb:166:in `block in halting'
  activesupport (4.1.4) lib/active_support/callbacks.rb:166:in `block in halting'
  activesupport (4.1.4) lib/active_support/callbacks.rb:86:in `run_callbacks'
  actionpack (4.1.4) lib/abstract_controller/callbacks.rb:19:in `process_action'
  actionpack (4.1.4) lib/action_controller/metal/rescue.rb:29:in `process_action'
  actionpack (4.1.4) lib/action_controller/metal/instrumentation.rb:31:in `block in process_action'
  activesupport (4.1.4) lib/active_support/notifications.rb:159:in `block in instrument'
  activesupport (4.1.4) lib/active_support/notifications/instrumenter.rb:20:in `instrument'
  activesupport (4.1.4) lib/active_support/notifications.rb:159:in `instrument'
  actionpack (4.1.4) lib/action_controller/metal/instrumentation.rb:30:in `process_action'
  actionpack (4.1.4) lib/action_controller/metal/params_wrapper.rb:250:in `process_action'
  activerecord (4.1.4) lib/active_record/railties/controller_runtime.rb:18:in `process_action'
  actionpack (4.1.4) lib/abstract_controller/base.rb:136:in `process'
  actionview (4.1.4) lib/action_view/rendering.rb:30:in `process'
  actionpack (4.1.4) lib/action_controller/metal.rb:196:in `dispatch'
  actionpack (4.1.4) lib/action_controller/metal/rack_delegation.rb:13:in `dispatch'
  actionpack (4.1.4) lib/action_controller/metal.rb:232:in `block in action'
  actionpack (4.1.4) lib/action_dispatch/routing/route_set.rb:82:in `dispatch'
  actionpack (4.1.4) lib/action_dispatch/routing/route_set.rb:50:in `call'
  actionpack (4.1.4) lib/action_dispatch/journey/router.rb:71:in `block in call'
  actionpack (4.1.4) lib/action_dispatch/journey/router.rb:59:in `call'
  actionpack (4.1.4) lib/action_dispatch/routing/route_set.rb:678:in `call'
  warden (1.2.3) lib/warden/manager.rb:35:in `block in call'
  warden (1.2.3) lib/warden/manager.rb:34:in `call'
  rack (1.5.2) lib/rack/etag.rb:23:in `call'
  rack (1.5.2) lib/rack/conditionalget.rb:25:in `call'
  rack (1.5.2) lib/rack/head.rb:11:in `call'
  actionpack (4.1.4) lib/action_dispatch/middleware/params_parser.rb:27:in `call'
  actionpack (4.1.4) lib/action_dispatch/middleware/flash.rb:254:in `call'
  rack (1.5.2) lib/rack/session/abstract/id.rb:225:in `context'
  rack (1.5.2) lib/rack/session/abstract/id.rb:220:in `call'
  actionpack (4.1.4) lib/action_dispatch/middleware/cookies.rb:560:in `call'
  activerecord (4.1.4) lib/active_record/query_cache.rb:36:in `call'
  activerecord (4.1.4) lib/active_record/connection_adapters/abstract/connection_pool.rb:621:in `call'
  activerecord (4.1.4) lib/active_record/migration.rb:380:in `call'
  actionpack (4.1.4) lib/action_dispatch/middleware/callbacks.rb:29:in `block in call'
  activesupport (4.1.4) lib/active_support/callbacks.rb:82:in `run_callbacks'
  actionpack (4.1.4) lib/action_dispatch/middleware/callbacks.rb:27:in `call'
  actionpack (4.1.4) lib/action_dispatch/middleware/reloader.rb:73:in `call'
  actionpack (4.1.4) lib/action_dispatch/middleware/remote_ip.rb:76:in `call'
  better_errors (1.1.0) lib/better_errors/middleware.rb:84:in `protected_app_call'
  better_errors (1.1.0) lib/better_errors/middleware.rb:79:in `better_errors_call'
  better_errors (1.1.0) lib/better_errors/middleware.rb:56:in `call'
  actionpack (4.1.4) lib/action_dispatch/middleware/debug_exceptions.rb:17:in `call'
  actionpack (4.1.4) lib/action_dispatch/middleware/show_exceptions.rb:30:in `call'
  railties (4.1.4) lib/rails/rack/logger.rb:38:in `call_app'
  railties (4.1.4) lib/rails/rack/logger.rb:20:in `block in call'
  activesupport (4.1.4) lib/active_support/tagged_logging.rb:68:in `block in tagged'
  activesupport (4.1.4) lib/active_support/tagged_logging.rb:26:in `tagged'
  activesupport (4.1.4) lib/active_support/tagged_logging.rb:68:in `tagged'
  railties (4.1.4) lib/rails/rack/logger.rb:20:in `call'
  quiet_assets (1.0.3) lib/quiet_assets.rb:23:in `call_with_quiet_assets'
  actionpack (4.1.4) lib/action_dispatch/middleware/request_id.rb:21:in `call'
  rack (1.5.2) lib/rack/methodoverride.rb:21:in `call'
  rack (1.5.2) lib/rack/runtime.rb:17:in `call'
  activesupport (4.1.4) lib/active_support/cache/strategy/local_cache_middleware.rb:26:in `call'
  rack (1.5.2) lib/rack/lock.rb:17:in `call'
  actionpack (4.1.4) lib/action_dispatch/middleware/static.rb:64:in `call'
  rack (1.5.2) lib/rack/sendfile.rb:112:in `call'
  railties (4.1.4) lib/rails/engine.rb:514:in `call'
  railties (4.1.4) lib/rails/application.rb:144:in `call'
  rack (1.5.2) lib/rack/lock.rb:17:in `call'
  rack (1.5.2) lib/rack/content_length.rb:14:in `call'
  rack (1.5.2) lib/rack/handler/webrick.rb:60:in `service'
   () Users/shin_mac/.rvm/rubies/ruby-2.1.2/lib/ruby/2.1.0/webrick/httpserver.rb:138:in `service'
   () Users/shin_mac/.rvm/rubies/ruby-2.1.2/lib/ruby/2.1.0/webrick/httpserver.rb:94:in `run'
   () Users/shin_mac/.rvm/rubies/ruby-2.1.2/lib/ruby/2.1.0/webrick/server.rb:295:in `block in start_thread'



Started POST "/__better_errors/70322704619780/variables" for 127.0.0.1 at 2014-09-12 10:42:40 -0700
^C[2014-09-12 10:43:20] INFO  going to shutdown ...
[2014-09-12 10:43:20] INFO  WEBrick::HTTPServer#start done.
Exiting
bash-3.2$ rails c
Loading development environment (Rails 4.1.4)
[?1034h2.1.2 :001 > tikec[Kt = Ticket [K.new
+----+-------+-------------+--------+------------+------------+
| id | title | description | status | created_at | updated_at |
+----+-------+-------------+--------+------------+------------+
|    |       |             |        |            |            |
+----+-------+-------------+--------+------------+------------+
1 row in set
2.1.2 :002 > qu[K[Kquit
bash-3.2$ rails s
=> Booting WEBrick
=> Rails 4.1.4 application starting in development on http://0.0.0.0:3000
=> Run `rails server -h` for more startup options
=> Notice: server is listening on all interfaces (0.0.0.0). Consider using 127.0.0.1 (--binding option)
=> Ctrl-C to shutdown server
[2014-09-12 10:44:16] INFO  WEBrick 1.3.1
[2014-09-12 10:44:16] INFO  ruby 2.1.2 (2014-05-08) [x86_64-darwin13.0]
[2014-09-12 10:44:16] INFO  WEBrick::HTTPServer#start: pid=2817 port=3000


Started GET "/tickets/new" for 127.0.0.1 at 2014-09-12 10:44:17 -0700
  [1m[36mActiveRecord::SchemaMigration Load (0.2ms)[0m  [1mSELECT "schema_migrations".* FROM "schema_migrations"[0m
Processing by TicketsController#new as HTML
Completed 500 Internal Server Error in 16ms

ActionView::MissingTemplate - Missing template tickets/new, application/new with {:locale=>[:en], :formats=>[:html], :variants=>[], :handlers=>[:erb, :builder, :raw, :ruby, :slim, :coffee, :jbuilder]}. Searched in:
  * "/Users/shin_mac/projects/Tickety/app/views"
  * "/Users/shin_mac/.rvm/gems/ruby-2.1.2/gems/devise-3.3.0/app/views"
:
  actionview (4.1.4) lib/action_view/path_set.rb:46:in `find'
  actionview (4.1.4) lib/action_view/lookup_context.rb:124:in `find'
  actionview (4.1.4) lib/action_view/renderer/abstract_renderer.rb:18:in `find_template'
  actionview (4.1.4) lib/action_view/renderer/template_renderer.rb:41:in `determine_template'
  actionview (4.1.4) lib/action_view/renderer/template_renderer.rb:8:in `render'
  actionview (4.1.4) lib/action_view/renderer/renderer.rb:42:in `render_template'
  actionview (4.1.4) lib/action_view/renderer/renderer.rb:23:in `render'
  actionview (4.1.4) lib/action_view/rendering.rb:99:in `_render_template'
  actionpack (4.1.4) lib/action_controller/metal/streaming.rb:217:in `_render_template'
  actionview (4.1.4) lib/action_view/rendering.rb:82:in `render_to_body'
  actionpack (4.1.4) lib/action_controller/metal/rendering.rb:32:in `render_to_body'
  actionpack (4.1.4) lib/action_controller/metal/renderers.rb:32:in `render_to_body'
  actionpack (4.1.4) lib/abstract_controller/rendering.rb:25:in `render'
  actionpack (4.1.4) lib/action_controller/metal/rendering.rb:16:in `render'
  actionpack (4.1.4) lib/action_controller/metal/instrumentation.rb:41:in `block (2 levels) in render'
  activesupport (4.1.4) lib/active_support/core_ext/benchmark.rb:12:in `block in ms'
   () Users/shin_mac/.rvm/rubies/ruby-2.1.2/lib/ruby/2.1.0/benchmark.rb:294:in `realtime'
  activesupport (4.1.4) lib/active_support/core_ext/benchmark.rb:12:in `ms'
  actionpack (4.1.4) lib/action_controller/metal/instrumentation.rb:41:in `block in render'
  actionpack (4.1.4) lib/action_controller/metal/instrumentation.rb:84:in `cleanup_view_runtime'
  activerecord (4.1.4) lib/active_record/railties/controller_runtime.rb:25:in `cleanup_view_runtime'
  actionpack (4.1.4) lib/action_controller/metal/instrumentation.rb:40:in `render'
  actionpack (4.1.4) lib/action_controller/metal/implicit_render.rb:10:in `default_render'
  actionpack (4.1.4) lib/action_controller/metal/implicit_render.rb:5:in `send_action'
  actionpack (4.1.4) lib/abstract_controller/base.rb:189:in `process_action'
  actionpack (4.1.4) lib/action_controller/metal/rendering.rb:10:in `process_action'
  actionpack (4.1.4) lib/abstract_controller/callbacks.rb:20:in `block in process_action'
  activesupport (4.1.4) lib/active_support/callbacks.rb:113:in `call'
  activesupport (4.1.4) lib/active_support/callbacks.rb:229:in `block in halting'
  activesupport (4.1.4) lib/active_support/callbacks.rb:229:in `block in halting'
  activesupport (4.1.4) lib/active_support/callbacks.rb:166:in `block in halting'
  activesupport (4.1.4) lib/active_support/callbacks.rb:166:in `block in halting'
  activesupport (4.1.4) lib/active_support/callbacks.rb:166:in `block in halting'
  activesupport (4.1.4) lib/active_support/callbacks.rb:86:in `run_callbacks'
  actionpack (4.1.4) lib/abstract_controller/callbacks.rb:19:in `process_action'
  actionpack (4.1.4) lib/action_controller/metal/rescue.rb:29:in `process_action'
  actionpack (4.1.4) lib/action_controller/metal/instrumentation.rb:31:in `block in process_action'
  activesupport (4.1.4) lib/active_support/notifications.rb:159:in `block in instrument'
  activesupport (4.1.4) lib/active_support/notifications/instrumenter.rb:20:in `instrument'
  activesupport (4.1.4) lib/active_support/notifications.rb:159:in `instrument'
  actionpack (4.1.4) lib/action_controller/metal/instrumentation.rb:30:in `process_action'
  actionpack (4.1.4) lib/action_controller/metal/params_wrapper.rb:250:in `process_action'
  activerecord (4.1.4) lib/active_record/railties/controller_runtime.rb:18:in `process_action'
  actionpack (4.1.4) lib/abstract_controller/base.rb:136:in `process'
  actionview (4.1.4) lib/action_view/rendering.rb:30:in `process'
  actionpack (4.1.4) lib/action_controller/metal.rb:196:in `dispatch'
  actionpack (4.1.4) lib/action_controller/metal/rack_delegation.rb:13:in `dispatch'
  actionpack (4.1.4) lib/action_controller/metal.rb:232:in `block in action'
  actionpack (4.1.4) lib/action_dispatch/routing/route_set.rb:82:in `dispatch'
  actionpack (4.1.4) lib/action_dispatch/routing/route_set.rb:50:in `call'
  actionpack (4.1.4) lib/action_dispatch/journey/router.rb:71:in `block in call'
  actionpack (4.1.4) lib/action_dispatch/journey/router.rb:59:in `call'
  actionpack (4.1.4) lib/action_dispatch/routing/route_set.rb:678:in `call'
  warden (1.2.3) lib/warden/manager.rb:35:in `block in call'
  warden (1.2.3) lib/warden/manager.rb:34:in `call'
  rack (1.5.2) lib/rack/etag.rb:23:in `call'
  rack (1.5.2) lib/rack/conditionalget.rb:25:in `call'
  rack (1.5.2) lib/rack/head.rb:11:in `call'
  actionpack (4.1.4) lib/action_dispatch/middleware/params_parser.rb:27:in `call'
  actionpack (4.1.4) lib/action_dispatch/middleware/flash.rb:254:in `call'
  rack (1.5.2) lib/rack/session/abstract/id.rb:225:in `context'
  rack (1.5.2) lib/rack/session/abstract/id.rb:220:in `call'
  actionpack (4.1.4) lib/action_dispatch/middleware/cookies.rb:560:in `call'
  activerecord (4.1.4) lib/active_record/query_cache.rb:36:in `call'
  activerecord (4.1.4) lib/active_record/connection_adapters/abstract/connection_pool.rb:621:in `call'
  activerecord (4.1.4) lib/active_record/migration.rb:380:in `call'
  actionpack (4.1.4) lib/action_dispatch/middleware/callbacks.rb:29:in `block in call'
  activesupport (4.1.4) lib/active_support/callbacks.rb:82:in `run_callbacks'
  actionpack (4.1.4) lib/action_dispatch/middleware/callbacks.rb:27:in `call'
  actionpack (4.1.4) lib/action_dispatch/middleware/reloader.rb:73:in `call'
  actionpack (4.1.4) lib/action_dispatch/middleware/remote_ip.rb:76:in `call'
  better_errors (1.1.0) lib/better_errors/middleware.rb:84:in `protected_app_call'
  better_errors (1.1.0) lib/better_errors/middleware.rb:79:in `better_errors_call'
  better_errors (1.1.0) lib/better_errors/middleware.rb:56:in `call'
  actionpack (4.1.4) lib/action_dispatch/middleware/debug_exceptions.rb:17:in `call'
  actionpack (4.1.4) lib/action_dispatch/middleware/show_exceptions.rb:30:in `call'
  railties (4.1.4) lib/rails/rack/logger.rb:38:in `call_app'
  railties (4.1.4) lib/rails/rack/logger.rb:20:in `block in call'
  activesupport (4.1.4) lib/active_support/tagged_logging.rb:68:in `block in tagged'
  activesupport (4.1.4) lib/active_support/tagged_logging.rb:26:in `tagged'
  activesupport (4.1.4) lib/active_support/tagged_logging.rb:68:in `tagged'
  railties (4.1.4) lib/rails/rack/logger.rb:20:in `call'
  quiet_assets (1.0.3) lib/quiet_assets.rb:23:in `call_with_quiet_assets'
  actionpack (4.1.4) lib/action_dispatch/middleware/request_id.rb:21:in `call'
  rack (1.5.2) lib/rack/methodoverride.rb:21:in `call'
  rack (1.5.2) lib/rack/runtime.rb:17:in `call'
  activesupport (4.1.4) lib/active_support/cache/strategy/local_cache_middleware.rb:26:in `call'
  rack (1.5.2) lib/rack/lock.rb:17:in `call'
  actionpack (4.1.4) lib/action_dispatch/middleware/static.rb:64:in `call'
  rack (1.5.2) lib/rack/sendfile.rb:112:in `call'
  railties (4.1.4) lib/rails/engine.rb:514:in `call'
  railties (4.1.4) lib/rails/application.rb:144:in `call'
  rack (1.5.2) lib/rack/lock.rb:17:in `call'
  rack (1.5.2) lib/rack/content_length.rb:14:in `call'
  rack (1.5.2) lib/rack/handler/webrick.rb:60:in `service'
   () Users/shin_mac/.rvm/rubies/ruby-2.1.2/lib/ruby/2.1.0/webrick/httpserver.rb:138:in `service'
   () Users/shin_mac/.rvm/rubies/ruby-2.1.2/lib/ruby/2.1.0/webrick/httpserver.rb:94:in `run'
   () Users/shin_mac/.rvm/rubies/ruby-2.1.2/lib/ruby/2.1.0/webrick/server.rb:295:in `block in start_thread'



Started POST "/__better_errors/70139909713660/variables" for 127.0.0.1 at 2014-09-12 10:44:18 -0700


Started GET "/tickets/new" for 127.0.0.1 at 2014-09-12 10:45:13 -0700
Processing by TicketsController#new as HTML
  Rendered tickets/_form.html.slim (42.7ms)
  Rendered tickets/new.html.slim within layouts/application (57.0ms)
  Rendered layouts/_navbar.html.slim (2.8ms)
Completed 200 OK in 141ms (Views: 140.0ms | ActiveRecord: 0.0ms)


Started GET "/" for 127.0.0.1 at 2014-09-12 10:45:31 -0700
Processing by TicketsController#index as HTML
  Rendered tickets/index.html.slim within layouts/application (2.8ms)
  Rendered layouts/_navbar.html.slim (2.1ms)
Completed 200 OK in 60ms (Views: 59.4ms | ActiveRecord: 0.0ms)


Started GET "/tickets/new" for 127.0.0.1 at 2014-09-12 10:45:32 -0700
Processing by TicketsController#new as HTML
  Rendered tickets/_form.html.slim (6.6ms)
  Rendered tickets/new.html.slim within layouts/application (9.1ms)
  Rendered layouts/_navbar.html.slim (0.3ms)
Completed 200 OK in 53ms (Views: 52.6ms | ActiveRecord: 0.0ms)


Started GET "/" for 127.0.0.1 at 2014-09-12 10:45:34 -0700
Processing by TicketsController#index as HTML
  Rendered tickets/index.html.slim within layouts/application (0.0ms)
  Rendered layouts/_navbar.html.slim (0.2ms)
Completed 200 OK in 45ms (Views: 44.8ms | ActiveRecord: 0.0ms)


Started GET "/tickets/new" for 127.0.0.1 at 2014-09-12 10:45:35 -0700
Processing by TicketsController#new as HTML
  Rendered tickets/_form.html.slim (5.0ms)
  Rendered tickets/new.html.slim within layouts/application (5.6ms)
  Rendered layouts/_navbar.html.slim (0.2ms)
Completed 200 OK in 47ms (Views: 46.2ms | ActiveRecord: 0.0ms)


Started GET "/" for 127.0.0.1 at 2014-09-12 10:45:36 -0700
Processing by TicketsController#index as HTML
  Rendered tickets/index.html.slim within layouts/application (0.0ms)
  Rendered layouts/_navbar.html.slim (0.2ms)
Completed 200 OK in 45ms (Views: 44.9ms | ActiveRecord: 0.0ms)


Started GET "/tickets/new" for 127.0.0.1 at 2014-09-12 10:45:37 -0700
Processing by TicketsController#new as HTML
  Rendered tickets/_form.html.slim (5.0ms)
  Rendered tickets/new.html.slim within layouts/application (5.5ms)
  Rendered layouts/_navbar.html.slim (0.2ms)
Completed 200 OK in 47ms (Views: 46.2ms | ActiveRecord: 0.0ms)


Started GET "/" for 127.0.0.1 at 2014-09-12 10:45:39 -0700
Processing by TicketsController#index as HTML
  Rendered tickets/index.html.slim within layouts/application (0.0ms)
  Rendered layouts/_navbar.html.slim (0.2ms)
Completed 200 OK in 45ms (Views: 44.5ms | ActiveRecord: 0.0ms)


Started GET "/tickets/new" for 127.0.0.1 at 2014-09-12 10:46:05 -0700
Processing by TicketsController#new as HTML
  Rendered tickets/_form.html.slim (4.9ms)
  Rendered tickets/new.html.slim within layouts/application (5.5ms)
  Rendered layouts/_navbar.html.slim (0.2ms)
Completed 200 OK in 47ms (Views: 46.4ms | ActiveRecord: 0.0ms)


Started POST "/tickets" for 127.0.0.1 at 2014-09-12 10:47:47 -0700

AbstractController::ActionNotFound - The action 'create' could not be found for TicketsController:
  actionpack (4.1.4) lib/abstract_controller/base.rb:131:in `process'
  actionview (4.1.4) lib/action_view/rendering.rb:30:in `process'
  actionpack (4.1.4) lib/action_controller/metal.rb:196:in `dispatch'
  actionpack (4.1.4) lib/action_controller/metal/rack_delegation.rb:13:in `dispatch'
  actionpack (4.1.4) lib/action_controller/metal.rb:232:in `block in action'
  actionpack (4.1.4) lib/action_dispatch/routing/route_set.rb:82:in `dispatch'
  actionpack (4.1.4) lib/action_dispatch/routing/route_set.rb:50:in `call'
  actionpack (4.1.4) lib/action_dispatch/journey/router.rb:71:in `block in call'
  actionpack (4.1.4) lib/action_dispatch/journey/router.rb:59:in `call'
  actionpack (4.1.4) lib/action_dispatch/routing/route_set.rb:678:in `call'
  warden (1.2.3) lib/warden/manager.rb:35:in `block in call'
  warden (1.2.3) lib/warden/manager.rb:34:in `call'
  rack (1.5.2) lib/rack/etag.rb:23:in `call'
  rack (1.5.2) lib/rack/conditionalget.rb:35:in `call'
  rack (1.5.2) lib/rack/head.rb:11:in `call'
  actionpack (4.1.4) lib/action_dispatch/middleware/params_parser.rb:27:in `call'
  actionpack (4.1.4) lib/action_dispatch/middleware/flash.rb:254:in `call'
  rack (1.5.2) lib/rack/session/abstract/id.rb:225:in `context'
  rack (1.5.2) lib/rack/session/abstract/id.rb:220:in `call'
  actionpack (4.1.4) lib/action_dispatch/middleware/cookies.rb:560:in `call'
  activerecord (4.1.4) lib/active_record/query_cache.rb:36:in `call'
  activerecord (4.1.4) lib/active_record/connection_adapters/abstract/connection_pool.rb:621:in `call'
  activerecord (4.1.4) lib/active_record/migration.rb:380:in `call'
  actionpack (4.1.4) lib/action_dispatch/middleware/callbacks.rb:29:in `block in call'
  activesupport (4.1.4) lib/active_support/callbacks.rb:82:in `run_callbacks'
  actionpack (4.1.4) lib/action_dispatch/middleware/callbacks.rb:27:in `call'
  actionpack (4.1.4) lib/action_dispatch/middleware/reloader.rb:73:in `call'
  actionpack (4.1.4) lib/action_dispatch/middleware/remote_ip.rb:76:in `call'
  better_errors (1.1.0) lib/better_errors/middleware.rb:84:in `protected_app_call'
  better_errors (1.1.0) lib/better_errors/middleware.rb:79:in `better_errors_call'
  better_errors (1.1.0) lib/better_errors/middleware.rb:56:in `call'
  actionpack (4.1.4) lib/action_dispatch/middleware/debug_exceptions.rb:17:in `call'
  actionpack (4.1.4) lib/action_dispatch/middleware/show_exceptions.rb:30:in `call'
  railties (4.1.4) lib/rails/rack/logger.rb:38:in `call_app'
  railties (4.1.4) lib/rails/rack/logger.rb:20:in `block in call'
  activesupport (4.1.4) lib/active_support/tagged_logging.rb:68:in `block in tagged'
  activesupport (4.1.4) lib/active_support/tagged_logging.rb:26:in `tagged'
  activesupport (4.1.4) lib/active_support/tagged_logging.rb:68:in `tagged'
  railties (4.1.4) lib/rails/rack/logger.rb:20:in `call'
  quiet_assets (1.0.3) lib/quiet_assets.rb:23:in `call_with_quiet_assets'
  actionpack (4.1.4) lib/action_dispatch/middleware/request_id.rb:21:in `call'
  rack (1.5.2) lib/rack/methodoverride.rb:21:in `call'
  rack (1.5.2) lib/rack/runtime.rb:17:in `call'
  activesupport (4.1.4) lib/active_support/cache/strategy/local_cache_middleware.rb:26:in `call'
  rack (1.5.2) lib/rack/lock.rb:17:in `call'
  actionpack (4.1.4) lib/action_dispatch/middleware/static.rb:64:in `call'
  rack (1.5.2) lib/rack/sendfile.rb:112:in `call'
  railties (4.1.4) lib/rails/engine.rb:514:in `call'
  railties (4.1.4) lib/rails/application.rb:144:in `call'
  rack (1.5.2) lib/rack/lock.rb:17:in `call'
  rack (1.5.2) lib/rack/content_length.rb:14:in `call'
  rack (1.5.2) lib/rack/handler/webrick.rb:60:in `service'
   () Users/shin_mac/.rvm/rubies/ruby-2.1.2/lib/ruby/2.1.0/webrick/httpserver.rb:138:in `service'
   () Users/shin_mac/.rvm/rubies/ruby-2.1.2/lib/ruby/2.1.0/webrick/httpserver.rb:94:in `run'
   () Users/shin_mac/.rvm/rubies/ruby-2.1.2/lib/ruby/2.1.0/webrick/server.rb:295:in `block in start_thread'



Started POST "/__better_errors/70139865966380/variables" for 127.0.0.1 at 2014-09-12 10:47:48 -0700


Started POST "/tickets" for 127.0.0.1 at 2014-09-12 10:50:37 -0700
Processing by TicketsController#create as HTML
  Parameters: {"utf8"=>"✓", "authenticity_token"=>"Dujt+L2hDpnz2tsAXXdb3rNicaJm5668YPIFtJv2Yqo=", "ticket"=>{"title"=>"", "description"=>""}, "commit"=>"Submit"}
Completed 500 Internal Server Error in 3ms

NameError - undefined local variable or method `tickets' for #<TicketsController:0x007f9570a7cee0>:
   () Users/shin_mac/projects/Tickety/app/controllers/tickets_controller.rb:12:in `create'
  actionpack (4.1.4) lib/action_controller/metal/implicit_render.rb:4:in `send_action'
  actionpack (4.1.4) lib/abstract_controller/base.rb:189:in `process_action'
  actionpack (4.1.4) lib/action_controller/metal/rendering.rb:10:in `process_action'
  actionpack (4.1.4) lib/abstract_controller/callbacks.rb:20:in `block in process_action'
  activesupport (4.1.4) lib/active_support/callbacks.rb:113:in `call'
  activesupport (4.1.4) lib/active_support/callbacks.rb:229:in `block in halting'
  activesupport (4.1.4) lib/active_support/callbacks.rb:229:in `block in halting'
  activesupport (4.1.4) lib/active_support/callbacks.rb:166:in `block in halting'
  activesupport (4.1.4) lib/active_support/callbacks.rb:166:in `block in halting'
  activesupport (4.1.4) lib/active_support/callbacks.rb:166:in `block in halting'
  activesupport (4.1.4) lib/active_support/callbacks.rb:86:in `run_callbacks'
  actionpack (4.1.4) lib/abstract_controller/callbacks.rb:19:in `process_action'
  actionpack (4.1.4) lib/action_controller/metal/rescue.rb:29:in `process_action'
  actionpack (4.1.4) lib/action_controller/metal/instrumentation.rb:31:in `block in process_action'
  activesupport (4.1.4) lib/active_support/notifications.rb:159:in `block in instrument'
  activesupport (4.1.4) lib/active_support/notifications/instrumenter.rb:20:in `instrument'
  activesupport (4.1.4) lib/active_support/notifications.rb:159:in `instrument'
  actionpack (4.1.4) lib/action_controller/metal/instrumentation.rb:30:in `process_action'
  actionpack (4.1.4) lib/action_controller/metal/params_wrapper.rb:250:in `process_action'
  activerecord (4.1.4) lib/active_record/railties/controller_runtime.rb:18:in `process_action'
  actionpack (4.1.4) lib/abstract_controller/base.rb:136:in `process'
  actionview (4.1.4) lib/action_view/rendering.rb:30:in `process'
  actionpack (4.1.4) lib/action_controller/metal.rb:196:in `dispatch'
  actionpack (4.1.4) lib/action_controller/metal/rack_delegation.rb:13:in `dispatch'
  actionpack (4.1.4) lib/action_controller/metal.rb:232:in `block in action'
  actionpack (4.1.4) lib/action_dispatch/routing/route_set.rb:82:in `dispatch'
  actionpack (4.1.4) lib/action_dispatch/routing/route_set.rb:50:in `call'
  actionpack (4.1.4) lib/action_dispatch/journey/router.rb:71:in `block in call'
  actionpack (4.1.4) lib/action_dispatch/journey/router.rb:59:in `call'
  actionpack (4.1.4) lib/action_dispatch/routing/route_set.rb:678:in `call'
  warden (1.2.3) lib/warden/manager.rb:35:in `block in call'
  warden (1.2.3) lib/warden/manager.rb:34:in `call'
  rack (1.5.2) lib/rack/etag.rb:23:in `call'
  rack (1.5.2) lib/rack/conditionalget.rb:35:in `call'
  rack (1.5.2) lib/rack/head.rb:11:in `call'
  actionpack (4.1.4) lib/action_dispatch/middleware/params_parser.rb:27:in `call'
  actionpack (4.1.4) lib/action_dispatch/middleware/flash.rb:254:in `call'
  rack (1.5.2) lib/rack/session/abstract/id.rb:225:in `context'
  rack (1.5.2) lib/rack/session/abstract/id.rb:220:in `call'
  actionpack (4.1.4) lib/action_dispatch/middleware/cookies.rb:560:in `call'
  activerecord (4.1.4) lib/active_record/query_cache.rb:36:in `call'
  activerecord (4.1.4) lib/active_record/connection_adapters/abstract/connection_pool.rb:621:in `call'
  activerecord (4.1.4) lib/active_record/migration.rb:380:in `call'
  actionpack (4.1.4) lib/action_dispatch/middleware/callbacks.rb:29:in `block in call'
  activesupport (4.1.4) lib/active_support/callbacks.rb:82:in `run_callbacks'
  actionpack (4.1.4) lib/action_dispatch/middleware/callbacks.rb:27:in `call'
  actionpack (4.1.4) lib/action_dispatch/middleware/reloader.rb:73:in `call'
  actionpack (4.1.4) lib/action_dispatch/middleware/remote_ip.rb:76:in `call'
  better_errors (1.1.0) lib/better_errors/middleware.rb:84:in `protected_app_call'
  better_errors (1.1.0) lib/better_errors/middleware.rb:79:in `better_errors_call'
  better_errors (1.1.0) lib/better_errors/middleware.rb:56:in `call'
  actionpack (4.1.4) lib/action_dispatch/middleware/debug_exceptions.rb:17:in `call'
  actionpack (4.1.4) lib/action_dispatch/middleware/show_exceptions.rb:30:in `call'
  railties (4.1.4) lib/rails/rack/logger.rb:38:in `call_app'
  railties (4.1.4) lib/rails/rack/logger.rb:20:in `block in call'
  activesupport (4.1.4) lib/active_support/tagged_logging.rb:68:in `block in tagged'
  activesupport (4.1.4) lib/active_support/tagged_logging.rb:26:in `tagged'
  activesupport (4.1.4) lib/active_support/tagged_logging.rb:68:in `tagged'
  railties (4.1.4) lib/rails/rack/logger.rb:20:in `call'
  quiet_assets (1.0.3) lib/quiet_assets.rb:23:in `call_with_quiet_assets'
  actionpack (4.1.4) lib/action_dispatch/middleware/request_id.rb:21:in `call'
  rack (1.5.2) lib/rack/methodoverride.rb:21:in `call'
  rack (1.5.2) lib/rack/runtime.rb:17:in `call'
  activesupport (4.1.4) lib/active_support/cache/strategy/local_cache_middleware.rb:26:in `call'
  rack (1.5.2) lib/rack/lock.rb:17:in `call'
  actionpack (4.1.4) lib/action_dispatch/middleware/static.rb:64:in `call'
  rack (1.5.2) lib/rack/sendfile.rb:112:in `call'
  railties (4.1.4) lib/rails/engine.rb:514:in `call'
  railties (4.1.4) lib/rails/application.rb:144:in `call'
  rack (1.5.2) lib/rack/lock.rb:17:in `call'
  rack (1.5.2) lib/rack/content_length.rb:14:in `call'
  rack (1.5.2) lib/rack/handler/webrick.rb:60:in `service'
   () Users/shin_mac/.rvm/rubies/ruby-2.1.2/lib/ruby/2.1.0/webrick/httpserver.rb:138:in `service'
   () Users/shin_mac/.rvm/rubies/ruby-2.1.2/lib/ruby/2.1.0/webrick/httpserver.rb:94:in `run'
   () Users/shin_mac/.rvm/rubies/ruby-2.1.2/lib/ruby/2.1.0/webrick/server.rb:295:in `block in start_thread'



Started POST "/__better_errors/70139908273980/variables" for 127.0.0.1 at 2014-09-12 10:50:37 -0700


Started POST "/tickets" for 127.0.0.1 at 2014-09-12 10:54:24 -0700
Processing by TicketsController#create as HTML
  Parameters: {"utf8"=>"✓", "authenticity_token"=>"Dujt+L2hDpnz2tsAXXdb3rNicaJm5668YPIFtJv2Yqo=", "ticket"=>{"title"=>"", "description"=>""}, "commit"=>"Submit"}
  [1m[35m (0.1ms)[0m  BEGIN
  [1m[36m (0.1ms)[0m  [1mROLLBACK[0m
  Rendered tickets/_form.html.slim (4.9ms)
  Rendered tickets/new.html.slim within layouts/application (5.4ms)
  Rendered layouts/_navbar.html.slim (0.2ms)
Completed 200 OK in 67ms (Views: 59.8ms | ActiveRecord: 1.5ms)


Started POST "/tickets" for 127.0.0.1 at 2014-09-12 10:54:51 -0700
Processing by TicketsController#create as HTML
  Parameters: {"utf8"=>"✓", "authenticity_token"=>"Dujt+L2hDpnz2tsAXXdb3rNicaJm5668YPIFtJv2Yqo=", "ticket"=>{"title"=>"title1-sono1", "description"=>"description-sono1"}, "commit"=>"Submit"}
  [1m[35m (0.2ms)[0m  BEGIN
  [1m[36mSQL (6.5ms)[0m  [1mINSERT INTO "tickets" ("created_at", "description", "title", "updated_at") VALUES ($1, $2, $3, $4) RETURNING "id"[0m  [["created_at", "2014-09-12 17:54:51.331565"], ["description", "description-sono1"], ["title", "title1-sono1"], ["updated_at", "2014-09-12 17:54:51.331565"]]
  [1m[35m (5.8ms)[0m  COMMIT
Redirected to http://localhost:3000/tickets/1
Completed 302 Found in 19ms (ActiveRecord: 12.6ms)


Started GET "/tickets/1" for 127.0.0.1 at 2014-09-12 10:54:51 -0700

AbstractController::ActionNotFound - The action 'show' could not be found for TicketsController:
  actionpack (4.1.4) lib/abstract_controller/base.rb:131:in `process'
  actionview (4.1.4) lib/action_view/rendering.rb:30:in `process'
  actionpack (4.1.4) lib/action_controller/metal.rb:196:in `dispatch'
  actionpack (4.1.4) lib/action_controller/metal/rack_delegation.rb:13:in `dispatch'
  actionpack (4.1.4) lib/action_controller/metal.rb:232:in `block in action'
  actionpack (4.1.4) lib/action_dispatch/routing/route_set.rb:82:in `dispatch'
  actionpack (4.1.4) lib/action_dispatch/routing/route_set.rb:50:in `call'
  actionpack (4.1.4) lib/action_dispatch/journey/router.rb:71:in `block in call'
  actionpack (4.1.4) lib/action_dispatch/journey/router.rb:59:in `call'
  actionpack (4.1.4) lib/action_dispatch/routing/route_set.rb:678:in `call'
  warden (1.2.3) lib/warden/manager.rb:35:in `block in call'
  warden (1.2.3) lib/warden/manager.rb:34:in `call'
  rack (1.5.2) lib/rack/etag.rb:23:in `call'
  rack (1.5.2) lib/rack/conditionalget.rb:25:in `call'
  rack (1.5.2) lib/rack/head.rb:11:in `call'
  actionpack (4.1.4) lib/action_dispatch/middleware/params_parser.rb:27:in `call'
  actionpack (4.1.4) lib/action_dispatch/middleware/flash.rb:254:in `call'
  rack (1.5.2) lib/rack/session/abstract/id.rb:225:in `context'
  rack (1.5.2) lib/rack/session/abstract/id.rb:220:in `call'
  actionpack (4.1.4) lib/action_dispatch/middleware/cookies.rb:560:in `call'
  activerecord (4.1.4) lib/active_record/query_cache.rb:36:in `call'
  activerecord (4.1.4) lib/active_record/connection_adapters/abstract/connection_pool.rb:621:in `call'
  activerecord (4.1.4) lib/active_record/migration.rb:380:in `call'
  actionpack (4.1.4) lib/action_dispatch/middleware/callbacks.rb:29:in `block in call'
  activesupport (4.1.4) lib/active_support/callbacks.rb:82:in `run_callbacks'
  actionpack (4.1.4) lib/action_dispatch/middleware/callbacks.rb:27:in `call'
  actionpack (4.1.4) lib/action_dispatch/middleware/reloader.rb:73:in `call'
  actionpack (4.1.4) lib/action_dispatch/middleware/remote_ip.rb:76:in `call'
  better_errors (1.1.0) lib/better_errors/middleware.rb:84:in `protected_app_call'
  better_errors (1.1.0) lib/better_errors/middleware.rb:79:in `better_errors_call'
  better_errors (1.1.0) lib/better_errors/middleware.rb:56:in `call'
  actionpack (4.1.4) lib/action_dispatch/middleware/debug_exceptions.rb:17:in `call'
  actionpack (4.1.4) lib/action_dispatch/middleware/show_exceptions.rb:30:in `call'
  railties (4.1.4) lib/rails/rack/logger.rb:38:in `call_app'
  railties (4.1.4) lib/rails/rack/logger.rb:20:in `block in call'
  activesupport (4.1.4) lib/active_support/tagged_logging.rb:68:in `block in tagged'
  activesupport (4.1.4) lib/active_support/tagged_logging.rb:26:in `tagged'
  activesupport (4.1.4) lib/active_support/tagged_logging.rb:68:in `tagged'
  railties (4.1.4) lib/rails/rack/logger.rb:20:in `call'
  quiet_assets (1.0.3) lib/quiet_assets.rb:23:in `call_with_quiet_assets'
  actionpack (4.1.4) lib/action_dispatch/middleware/request_id.rb:21:in `call'
  rack (1.5.2) lib/rack/methodoverride.rb:21:in `call'
  rack (1.5.2) lib/rack/runtime.rb:17:in `call'
  activesupport (4.1.4) lib/active_support/cache/strategy/local_cache_middleware.rb:26:in `call'
  rack (1.5.2) lib/rack/lock.rb:17:in `call'
  actionpack (4.1.4) lib/action_dispatch/middleware/static.rb:64:in `call'
  rack (1.5.2) lib/rack/sendfile.rb:112:in `call'
  railties (4.1.4) lib/rails/engine.rb:514:in `call'
  railties (4.1.4) lib/rails/application.rb:144:in `call'
  rack (1.5.2) lib/rack/lock.rb:17:in `call'
  rack (1.5.2) lib/rack/content_length.rb:14:in `call'
  rack (1.5.2) lib/rack/handler/webrick.rb:60:in `service'
   () Users/shin_mac/.rvm/rubies/ruby-2.1.2/lib/ruby/2.1.0/webrick/httpserver.rb:138:in `service'
   () Users/shin_mac/.rvm/rubies/ruby-2.1.2/lib/ruby/2.1.0/webrick/httpserver.rb:94:in `run'
   () Users/shin_mac/.rvm/rubies/ruby-2.1.2/lib/ruby/2.1.0/webrick/server.rb:295:in `block in start_thread'



Started POST "/__better_errors/70139907973520/variables" for 127.0.0.1 at 2014-09-12 10:54:51 -0700


Started GET "/tickets/1" for 127.0.0.1 at 2014-09-12 11:01:03 -0700
Processing by TicketsController#show as HTML
  Parameters: {"id"=>"1"}
  [1m[36mTicket Load (0.3ms)[0m  [1mSELECT  "tickets".* FROM "tickets"  WHERE "tickets"."id" = $1 LIMIT 1[0m  [["id", 1]]
  Rendered tickets/show.html.slim within layouts/application (10.3ms)
Completed 500 Internal Server Error in 19ms

NoMethodError - undefined method `edit_campaign_path' for #<#<Class:0x007f956fd2b480>:0x007f956fd2a7b0>:
   () Users/shin_mac/projects/Tickety/app/views/tickets/show.html.slim:7:in `_app_views_tickets_show_html_slim__8270764224581800_70139901462340'
  actionview (4.1.4) lib/action_view/template.rb:145:in `block in render'
  activesupport (4.1.4) lib/active_support/notifications.rb:161:in `instrument'
  actionview (4.1.4) lib/action_view/template.rb:339:in `instrument'
  actionview (4.1.4) lib/action_view/template.rb:143:in `render'
  actionview (4.1.4) lib/action_view/renderer/template_renderer.rb:55:in `block (2 levels) in render_template'
  actionview (4.1.4) lib/action_view/renderer/abstract_renderer.rb:38:in `block in instrument'
  activesupport (4.1.4) lib/active_support/notifications.rb:159:in `block in instrument'
  activesupport (4.1.4) lib/active_support/notifications/instrumenter.rb:20:in `instrument'
  activesupport (4.1.4) lib/active_support/notifications.rb:159:in `instrument'
  actionview (4.1.4) lib/action_view/renderer/abstract_renderer.rb:38:in `instrument'
  actionview (4.1.4) lib/action_view/renderer/template_renderer.rb:54:in `block in render_template'
  actionview (4.1.4) lib/action_view/renderer/template_renderer.rb:62:in `render_with_layout'
  actionview (4.1.4) lib/action_view/renderer/template_renderer.rb:53:in `render_template'
  actionview (4.1.4) lib/action_view/renderer/template_renderer.rb:17:in `render'
  actionview (4.1.4) lib/action_view/renderer/renderer.rb:42:in `render_template'
  actionview (4.1.4) lib/action_view/renderer/renderer.rb:23:in `render'
  actionview (4.1.4) lib/action_view/rendering.rb:99:in `_render_template'
  actionpack (4.1.4) lib/action_controller/metal/streaming.rb:217:in `_render_template'
  actionview (4.1.4) lib/action_view/rendering.rb:82:in `render_to_body'
  actionpack (4.1.4) lib/action_controller/metal/rendering.rb:32:in `render_to_body'
  actionpack (4.1.4) lib/action_controller/metal/renderers.rb:32:in `render_to_body'
  actionpack (4.1.4) lib/abstract_controller/rendering.rb:25:in `render'
  actionpack (4.1.4) lib/action_controller/metal/rendering.rb:16:in `render'
  actionpack (4.1.4) lib/action_controller/metal/instrumentation.rb:41:in `block (2 levels) in render'
  activesupport (4.1.4) lib/active_support/core_ext/benchmark.rb:12:in `block in ms'
   () Users/shin_mac/.rvm/rubies/ruby-2.1.2/lib/ruby/2.1.0/benchmark.rb:294:in `realtime'
  activesupport (4.1.4) lib/active_support/core_ext/benchmark.rb:12:in `ms'
  actionpack (4.1.4) lib/action_controller/metal/instrumentation.rb:41:in `block in render'
  actionpack (4.1.4) lib/action_controller/metal/instrumentation.rb:84:in `cleanup_view_runtime'
  activerecord (4.1.4) lib/active_record/railties/controller_runtime.rb:25:in `cleanup_view_runtime'
  actionpack (4.1.4) lib/action_controller/metal/instrumentation.rb:40:in `render'
  actionpack (4.1.4) lib/action_controller/metal/implicit_render.rb:10:in `default_render'
  actionpack (4.1.4) lib/action_controller/metal/implicit_render.rb:5:in `send_action'
  actionpack (4.1.4) lib/abstract_controller/base.rb:189:in `process_action'
  actionpack (4.1.4) lib/action_controller/metal/rendering.rb:10:in `process_action'
  actionpack (4.1.4) lib/abstract_controller/callbacks.rb:20:in `block in process_action'
  activesupport (4.1.4) lib/active_support/callbacks.rb:113:in `call'
  activesupport (4.1.4) lib/active_support/callbacks.rb:229:in `block in halting'
  activesupport (4.1.4) lib/active_support/callbacks.rb:229:in `block in halting'
  activesupport (4.1.4) lib/active_support/callbacks.rb:166:in `block in halting'
  activesupport (4.1.4) lib/active_support/callbacks.rb:166:in `block in halting'
  activesupport (4.1.4) lib/active_support/callbacks.rb:166:in `block in halting'
  activesupport (4.1.4) lib/active_support/callbacks.rb:86:in `run_callbacks'
  actionpack (4.1.4) lib/abstract_controller/callbacks.rb:19:in `process_action'
  actionpack (4.1.4) lib/action_controller/metal/rescue.rb:29:in `process_action'
  actionpack (4.1.4) lib/action_controller/metal/instrumentation.rb:31:in `block in process_action'
  activesupport (4.1.4) lib/active_support/notifications.rb:159:in `block in instrument'
  activesupport (4.1.4) lib/active_support/notifications/instrumenter.rb:20:in `instrument'
  activesupport (4.1.4) lib/active_support/notifications.rb:159:in `instrument'
  actionpack (4.1.4) lib/action_controller/metal/instrumentation.rb:30:in `process_action'
  actionpack (4.1.4) lib/action_controller/metal/params_wrapper.rb:250:in `process_action'
  activerecord (4.1.4) lib/active_record/railties/controller_runtime.rb:18:in `process_action'
  actionpack (4.1.4) lib/abstract_controller/base.rb:136:in `process'
  actionview (4.1.4) lib/action_view/rendering.rb:30:in `process'
  actionpack (4.1.4) lib/action_controller/metal.rb:196:in `dispatch'
  actionpack (4.1.4) lib/action_controller/metal/rack_delegation.rb:13:in `dispatch'
  actionpack (4.1.4) lib/action_controller/metal.rb:232:in `block in action'
  actionpack (4.1.4) lib/action_dispatch/routing/route_set.rb:82:in `dispatch'
  actionpack (4.1.4) lib/action_dispatch/routing/route_set.rb:50:in `call'
  actionpack (4.1.4) lib/action_dispatch/journey/router.rb:71:in `block in call'
  actionpack (4.1.4) lib/action_dispatch/journey/router.rb:59:in `call'
  actionpack (4.1.4) lib/action_dispatch/routing/route_set.rb:678:in `call'
  warden (1.2.3) lib/warden/manager.rb:35:in `block in call'
  warden (1.2.3) lib/warden/manager.rb:34:in `call'
  rack (1.5.2) lib/rack/etag.rb:23:in `call'
  rack (1.5.2) lib/rack/conditionalget.rb:25:in `call'
  rack (1.5.2) lib/rack/head.rb:11:in `call'
  actionpack (4.1.4) lib/action_dispatch/middleware/params_parser.rb:27:in `call'
  actionpack (4.1.4) lib/action_dispatch/middleware/flash.rb:254:in `call'
  rack (1.5.2) lib/rack/session/abstract/id.rb:225:in `context'
  rack (1.5.2) lib/rack/session/abstract/id.rb:220:in `call'
  actionpack (4.1.4) lib/action_dispatch/middleware/cookies.rb:560:in `call'
  activerecord (4.1.4) lib/active_record/query_cache.rb:36:in `call'
  activerecord (4.1.4) lib/active_record/connection_adapters/abstract/connection_pool.rb:621:in `call'
  activerecord (4.1.4) lib/active_record/migration.rb:380:in `call'
  actionpack (4.1.4) lib/action_dispatch/middleware/callbacks.rb:29:in `block in call'
  activesupport (4.1.4) lib/active_support/callbacks.rb:82:in `run_callbacks'
  actionpack (4.1.4) lib/action_dispatch/middleware/callbacks.rb:27:in `call'
  actionpack (4.1.4) lib/action_dispatch/middleware/reloader.rb:73:in `call'
  actionpack (4.1.4) lib/action_dispatch/middleware/remote_ip.rb:76:in `call'
  better_errors (1.1.0) lib/better_errors/middleware.rb:84:in `protected_app_call'
  better_errors (1.1.0) lib/better_errors/middleware.rb:79:in `better_errors_call'
  better_errors (1.1.0) lib/better_errors/middleware.rb:56:in `call'
  actionpack (4.1.4) lib/action_dispatch/middleware/debug_exceptions.rb:17:in `call'
  actionpack (4.1.4) lib/action_dispatch/middleware/show_exceptions.rb:30:in `call'
  railties (4.1.4) lib/rails/rack/logger.rb:38:in `call_app'
  railties (4.1.4) lib/rails/rack/logger.rb:20:in `block in call'
  activesupport (4.1.4) lib/active_support/tagged_logging.rb:68:in `block in tagged'
  activesupport (4.1.4) lib/active_support/tagged_logging.rb:26:in `tagged'
  activesupport (4.1.4) lib/active_support/tagged_logging.rb:68:in `tagged'
  railties (4.1.4) lib/rails/rack/logger.rb:20:in `call'
  quiet_assets (1.0.3) lib/quiet_assets.rb:23:in `call_with_quiet_assets'
  actionpack (4.1.4) lib/action_dispatch/middleware/request_id.rb:21:in `call'
  rack (1.5.2) lib/rack/methodoverride.rb:21:in `call'
  rack (1.5.2) lib/rack/runtime.rb:17:in `call'
  activesupport (4.1.4) lib/active_support/cache/strategy/local_cache_middleware.rb:26:in `call'
  rack (1.5.2) lib/rack/lock.rb:17:in `call'
  actionpack (4.1.4) lib/action_dispatch/middleware/static.rb:64:in `call'
  rack (1.5.2) lib/rack/sendfile.rb:112:in `call'
  railties (4.1.4) lib/rails/engine.rb:514:in `call'
  railties (4.1.4) lib/rails/application.rb:144:in `call'
  rack (1.5.2) lib/rack/lock.rb:17:in `call'
  rack (1.5.2) lib/rack/content_length.rb:14:in `call'
  rack (1.5.2) lib/rack/handler/webrick.rb:60:in `service'
   () Users/shin_mac/.rvm/rubies/ruby-2.1.2/lib/ruby/2.1.0/webrick/httpserver.rb:138:in `service'
   () Users/shin_mac/.rvm/rubies/ruby-2.1.2/lib/ruby/2.1.0/webrick/httpserver.rb:94:in `run'
   () Users/shin_mac/.rvm/rubies/ruby-2.1.2/lib/ruby/2.1.0/webrick/server.rb:295:in `block in start_thread'



Started POST "/__better_errors/70139900805960/variables" for 127.0.0.1 at 2014-09-12 11:01:03 -0700


Started GET "/tickets/1" for 127.0.0.1 at 2014-09-12 11:01:53 -0700
Processing by TicketsController#show as HTML
  Parameters: {"id"=>"1"}
  [1m[35mTicket Load (0.3ms)[0m  SELECT  "tickets".* FROM "tickets"  WHERE "tickets"."id" = $1 LIMIT 1  [["id", 1]]
  Rendered tickets/show.html.slim within layouts/application (2.7ms)
  Rendered layouts/_navbar.html.slim (0.2ms)
Completed 200 OK in 56ms (Views: 54.1ms | ActiveRecord: 0.3ms)


Started GET "/tickets/new" for 127.0.0.1 at 2014-09-12 11:08:20 -0700
Processing by TicketsController#new as HTML
  Rendered tickets/_form.html.slim (5.7ms)
  Rendered tickets/new.html.slim within layouts/application (6.4ms)
  Rendered layouts/_navbar.html.slim (0.2ms)
Completed 200 OK in 72ms (Views: 71.2ms | ActiveRecord: 0.0ms)


Started POST "/tickets" for 127.0.0.1 at 2014-09-12 11:08:42 -0700
Processing by TicketsController#create as HTML
  Parameters: {"utf8"=>"✓", "authenticity_token"=>"Dujt+L2hDpnz2tsAXXdb3rNicaJm5668YPIFtJv2Yqo=", "ticket"=>{"title"=>"title 2", "description"=>"description 2"}, "commit"=>"Submit"}
  [1m[36m (0.1ms)[0m  [1mBEGIN[0m
  [1m[35mSQL (0.2ms)[0m  INSERT INTO "tickets" ("created_at", "description", "title", "updated_at") VALUES ($1, $2, $3, $4) RETURNING "id"  [["created_at", "2014-09-12 18:08:42.376830"], ["description", "description 2"], ["title", "title 2"], ["updated_at", "2014-09-12 18:08:42.376830"]]
  [1m[36m (6.0ms)[0m  [1mCOMMIT[0m
Redirected to http://localhost:3000/tickets/2
Completed 302 Found in 9ms (ActiveRecord: 6.3ms)


Started GET "/tickets/2" for 127.0.0.1 at 2014-09-12 11:08:42 -0700
Processing by TicketsController#show as HTML
  Parameters: {"id"=>"2"}
  [1m[35mTicket Load (0.2ms)[0m  SELECT  "tickets".* FROM "tickets"  WHERE "tickets"."id" = $1 LIMIT 1  [["id", 2]]
  Rendered tickets/show.html.slim within layouts/application (0.4ms)
  Rendered layouts/_navbar.html.slim (0.2ms)
Completed 200 OK in 49ms (Views: 48.1ms | ActiveRecord: 0.2ms)


Started GET "/" for 127.0.0.1 at 2014-09-12 11:08:45 -0700
Processing by TicketsController#index as HTML
  Rendered tickets/index.html.slim within layouts/application (0.0ms)
  Rendered layouts/_navbar.html.slim (0.2ms)
Completed 200 OK in 46ms (Views: 45.7ms | ActiveRecord: 0.0ms)
^C[2014-09-12 11:09:14] INFO  going to shutdown ...
[2014-09-12 11:09:14] INFO  WEBrick::HTTPServer#start done.
Exiting
bash-3.2$ rails c
Loading development environment (Rails 4.1.4)
[?1034h2.1.2 :001 > q = Ticket.all
  [1m[36mTicket Load (0.5ms)[0m  [1mSELECT "tickets".* FROM "tickets"[0m
+----+--------------+-------------------+--------+-------------------------+-------------------------+
| id | title        | description       | status | created_at              | updated_at              |
+----+--------------+-------------------+--------+-------------------------+-------------------------+
| 1  | title1-sono1 | description-sono1 |        | 2014-09-12 17:54:51 UTC | 2014-09-12 17:54:51 UTC |
| 2  | title 2      | description 2     |        | 2014-09-12 18:08:42 UTC | 2014-09-12 18:08:42 UTC |
+----+--------------+-------------------+--------+-------------------------+-------------------------+
2 rows in set
2.1.2 :002 > qit
NameError: undefined local variable or method `qit' for main:Object
	from (irb):2
	from /Users/shin_mac/.rvm/gems/ruby-2.1.2/gems/railties-4.1.4/lib/rails/commands/console.rb:90:in `start'
	from /Users/shin_mac/.rvm/gems/ruby-2.1.2/gems/railties-4.1.4/lib/rails/commands/console.rb:9:in `start'
	from /Users/shin_mac/.rvm/gems/ruby-2.1.2/gems/railties-4.1.4/lib/rails/commands/commands_tasks.rb:69:in `console'
	from /Users/shin_mac/.rvm/gems/ruby-2.1.2/gems/railties-4.1.4/lib/rails/commands/commands_tasks.rb:40:in `run_command!'
	from /Users/shin_mac/.rvm/gems/ruby-2.1.2/gems/railties-4.1.4/lib/rails/commands.rb:17:in `<top (required)>'
	from /Users/shin_mac/.rvm/gems/ruby-2.1.2/gems/activesupport-4.1.4/lib/active_support/dependencies.rb:247:in `require'
	from /Users/shin_mac/.rvm/gems/ruby-2.1.2/gems/activesupport-4.1.4/lib/active_support/dependencies.rb:247:in `block in require'
	from /Users/shin_mac/.rvm/gems/ruby-2.1.2/gems/activesupport-4.1.4/lib/active_support/dependencies.rb:232:in `load_dependency'
	from /Users/shin_mac/.rvm/gems/ruby-2.1.2/gems/activesupport-4.1.4/lib/active_support/dependencies.rb:247:in `require'
	from /Users/shin_mac/projects/Tickety/bin/rails:8:in `<top (required)>'
	from /Users/shin_mac/.rvm/gems/ruby-2.1.2/gems/activesupport-4.1.4/lib/active_support/dependencies.rb:241:in `load'
	from /Users/shin_mac/.rvm/gems/ruby-2.1.2/gems/activesupport-4.1.4/lib/active_support/dependencies.rb:241:in `block in load'
	from /Users/shin_mac/.rvm/gems/ruby-2.1.2/gems/activesupport-4.1.4/lib/active_support/dependencies.rb:232:in `load_dependency'
	from /Users/shin_mac/.rvm/gems/ruby-2.1.2/gems/activesupport-4.1.4/lib/active_support/dependencies.rb:241:in `load'
	from /Users/shin_mac/.rvm/gems/ruby-2.1.2/gems/spring-1.1.3/lib/spring/commands/rails.rb:6:in `call'
	from /Users/shin_mac/.rvm/gems/ruby-2.1.2/gems/spring-1.1.3/lib/spring/command_wrapper.rb:38:in `call'
	from /Users/shin_mac/.rvm/gems/ruby-2.1.2/gems/spring-1.1.3/lib/spring/application.rb:180:in `block in serve'
	from /Users/shin_mac/.rvm/gems/ruby-2.1.2/gems/spring-1.1.3/lib/spring/application.rb:153:in `fork'
	from /Users/shin_mac/.rvm/gems/ruby-2.1.2/gems/spring-1.1.3/lib/spring/application.rb:153:in `serve'
	from /Users/shin_mac/.rvm/gems/ruby-2.1.2/gems/spring-1.1.3/lib/spring/application.rb:128:in `block in run'
	from /Users/shin_mac/.rvm/gems/ruby-2.1.2/gems/spring-1.1.3/lib/spring/application.rb:122:in `loop'
	from /Users/shin_mac/.rvm/gems/ruby-2.1.2/gems/spring-1.1.3/lib/spring/application.rb:122:in `run'
	from /Users/shin_mac/.rvm/gems/ruby-2.1.2/gems/spring-1.1.3/lib/spring/application/boot.rb:18:in `<top (required)>'
	from /Users/shin_mac/.rvm/rubies/ruby-2.1.2/lib/ruby/2.1.0/rubygems/core_ext/kernel_require.rb:55:in `require'
	from /Users/shin_mac/.rvm/rubies/ruby-2.1.2/lib/ruby/2.1.0/rubygems/core_ext/kernel_require.rb:55:in `require'
	from -e:1:in `<main>'2.1.2 :003 > quit
bash-3.2$ rails s
=> Booting WEBrick
=> Rails 4.1.4 application starting in development on http://0.0.0.0:3000
=> Run `rails server -h` for more startup options
=> Notice: server is listening on all interfaces (0.0.0.0). Consider using 127.0.0.1 (--binding option)
=> Ctrl-C to shutdown server
[2014-09-12 11:11:10] INFO  WEBrick 1.3.1
[2014-09-12 11:11:10] INFO  ruby 2.1.2 (2014-05-08) [x86_64-darwin13.0]
[2014-09-12 11:11:10] INFO  WEBrick::HTTPServer#start: pid=3465 port=3000


Started GET "/" for 127.0.0.1 at 2014-09-12 11:11:10 -0700
  [1m[36mActiveRecord::SchemaMigration Load (0.4ms)[0m  [1mSELECT "schema_migrations".* FROM "schema_migrations"[0m
Processing by TicketsController#index as HTML
  [1m[35mTicket Load (0.4ms)[0m  SELECT  "tickets".* FROM "tickets"  LIMIT 10
  Rendered tickets/index.html.slim within layouts/application (15.9ms)
  Rendered layouts/_navbar.html.slim (2.8ms)
Completed 200 OK in 113ms (Views: 102.9ms | ActiveRecord: 1.7ms)


Started GET "/" for 127.0.0.1 at 2014-09-12 11:11:25 -0700
Processing by TicketsController#index as HTML
  [1m[36mTicket Load (0.2ms)[0m  [1mSELECT  "tickets".* FROM "tickets"  LIMIT 10[0m
  Rendered tickets/index.html.slim within layouts/application (0.7ms)
  Rendered layouts/_navbar.html.slim (0.2ms)
Completed 200 OK in 46ms (Views: 45.1ms | ActiveRecord: 0.2ms)


Started GET "/" for 127.0.0.1 at 2014-09-12 11:11:28 -0700
Processing by TicketsController#index as HTML
  [1m[35mTicket Load (0.2ms)[0m  SELECT  "tickets".* FROM "tickets"  LIMIT 10
  Rendered tickets/index.html.slim within layouts/application (2.5ms)
  Rendered layouts/_navbar.html.slim (2.3ms)
Completed 200 OK in 48ms (Views: 46.9ms | ActiveRecord: 0.2ms)
^C[2014-09-12 11:19:30] INFO  going to shutdown ...
[2014-09-12 11:19:30] INFO  WEBrick::HTTPServer#start done.
Exiting
bash-3.2$ rai[K[K[Krake routs
rake aborted!
Don't know how to build task 'routs'
/Users/shin_mac/.rvm/gems/ruby-2.1.2/bin/ruby_executable_hooks:15:in `eval'
/Users/shin_mac/.rvm/gems/ruby-2.1.2/bin/ruby_executable_hooks:15:in `<main>'
(See full trace by running task with --trace)
bash-3.2$ rake routes
     Prefix Verb   URI Pattern                 Controller#Action
       root GET    /                           tickets#index
    tickets GET    /tickets(.:format)          tickets#index
            POST   /tickets(.:format)          tickets#create
 new_ticket GET    /tickets/new(.:format)      tickets#new
edit_ticket GET    /tickets/:id/edit(.:format) tickets#edit
     ticket GET    /tickets/:id(.:format)      tickets#show
            PATCH  /tickets/:id(.:format)      tickets#update
            PUT    /tickets/:id(.:format)      tickets#update
            DELETE /tickets/:id(.:format)      tickets#destroy
bash-3.2$ rails s
=> Booting WEBrick
=> Rails 4.1.4 application starting in development on http://0.0.0.0:3000
=> Run `rails server -h` for more startup options
=> Notice: server is listening on all interfaces (0.0.0.0). Consider using 127.0.0.1 (--binding option)
=> Ctrl-C to shutdown server
[2014-09-12 11:26:07] INFO  WEBrick 1.3.1
[2014-09-12 11:26:07] INFO  ruby 2.1.2 (2014-05-08) [x86_64-darwin13.0]
[2014-09-12 11:26:07] INFO  WEBrick::HTTPServer#start: pid=3820 port=3000


Started GET "/" for 127.0.0.1 at 2014-09-12 11:26:10 -0700
  [1m[36mActiveRecord::SchemaMigration Load (0.2ms)[0m  [1mSELECT "schema_migrations".* FROM "schema_migrations"[0m
Processing by TicketsController#index as HTML
  [1m[35mTicket Load (0.5ms)[0m  SELECT  "tickets".* FROM "tickets"  LIMIT 10
  Rendered tickets/index.html.slim within layouts/application (16.8ms)
  Rendered layouts/_navbar.html.slim (2.6ms)
Completed 200 OK in 104ms (Views: 93.6ms | ActiveRecord: 1.6ms)


Started GET "/tickets/1" for 127.0.0.1 at 2014-09-12 11:26:12 -0700
Processing by TicketsController#show as HTML
  Parameters: {"id"=>"1"}
  [1m[36mTicket Load (0.2ms)[0m  [1mSELECT  "tickets".* FROM "tickets"  WHERE "tickets"."id" = $1 LIMIT 1[0m  [["id", 1]]
  Rendered tickets/show.html.slim within layouts/application (2.6ms)
  Rendered layouts/_navbar.html.slim (2.3ms)
Completed 200 OK in 48ms (Views: 46.4ms | ActiveRecord: 0.4ms)


Started GET "/tickets/1/edit" for 127.0.0.1 at 2014-09-12 11:26:15 -0700
Processing by TicketsController#edit as HTML
  Parameters: {"id"=>"1"}
  Rendered tickets/_form.html.slim (23.6ms)
  Rendered tickets/edit.html.slim within layouts/application (25.8ms)
Completed 500 Internal Server Error in 28ms

NoMethodError - undefined method `model_name' for NilClass:Class:
  actionpack (4.1.4) lib/action_controller/model_naming.rb:9:in `model_name_from_record_or_class'
  actionview (4.1.4) lib/action_view/record_identifier.rb:47:in `dom_class'
   () Users/shin_mac/.rvm/gems/ruby-2.1.2/bundler/gems/simple_form-29f8f768f170/lib/simple_form/action_view_extensions/form_helper.rb:58:in `simple_form_css_class'
   () Users/shin_mac/.rvm/gems/ruby-2.1.2/bundler/gems/simple_form-29f8f768f170/lib/simple_form/action_view_extensions/form_helper.rb:19:in `simple_form_for'
   () Users/shin_mac/projects/Tickety/app/views/tickets/_form.html.slim:1:in `_app_views_tickets__form_html_slim___2797850422347343073_70335556012380'
  actionview (4.1.4) lib/action_view/template.rb:145:in `block in render'
  activesupport (4.1.4) lib/active_support/notifications.rb:161:in `instrument'
  actionview (4.1.4) lib/action_view/template.rb:339:in `instrument'
  actionview (4.1.4) lib/action_view/template.rb:143:in `render'
  actionview (4.1.4) lib/action_view/renderer/partial_renderer.rb:306:in `render_partial'
  actionview (4.1.4) lib/action_view/renderer/partial_renderer.rb:279:in `block in render'
  actionview (4.1.4) lib/action_view/renderer/abstract_renderer.rb:38:in `block in instrument'
  activesupport (4.1.4) lib/active_support/notifications.rb:159:in `block in instrument'
  activesupport (4.1.4) lib/active_support/notifications/instrumenter.rb:20:in `instrument'
  activesupport (4.1.4) lib/active_support/notifications.rb:159:in `instrument'
  actionview (4.1.4) lib/action_view/renderer/abstract_renderer.rb:38:in `instrument'
  actionview (4.1.4) lib/action_view/renderer/partial_renderer.rb:278:in `render'
  actionview (4.1.4) lib/action_view/renderer/renderer.rb:47:in `render_partial'
  actionview (4.1.4) lib/action_view/helpers/rendering_helper.rb:35:in `render'
   () Users/shin_mac/projects/Tickety/app/views/tickets/edit.html.slim:3:in `_app_views_tickets_edit_html_slim___1620245350029939438_70335557095320'
  actionview (4.1.4) lib/action_view/template.rb:145:in `block in render'
  activesupport (4.1.4) lib/active_support/notifications.rb:161:in `instrument'
  actionview (4.1.4) lib/action_view/template.rb:339:in `instrument'
  actionview (4.1.4) lib/action_view/template.rb:143:in `render'
  actionview (4.1.4) lib/action_view/renderer/template_renderer.rb:55:in `block (2 levels) in render_template'
  actionview (4.1.4) lib/action_view/renderer/abstract_renderer.rb:38:in `block in instrument'
  activesupport (4.1.4) lib/active_support/notifications.rb:159:in `block in instrument'
  activesupport (4.1.4) lib/active_support/notifications/instrumenter.rb:20:in `instrument'
  activesupport (4.1.4) lib/active_support/notifications.rb:159:in `instrument'
  actionview (4.1.4) lib/action_view/renderer/abstract_renderer.rb:38:in `instrument'
  actionview (4.1.4) lib/action_view/renderer/template_renderer.rb:54:in `block in render_template'
  actionview (4.1.4) lib/action_view/renderer/template_renderer.rb:62:in `render_with_layout'
  actionview (4.1.4) lib/action_view/renderer/template_renderer.rb:53:in `render_template'
  actionview (4.1.4) lib/action_view/renderer/template_renderer.rb:17:in `render'
  actionview (4.1.4) lib/action_view/renderer/renderer.rb:42:in `render_template'
  actionview (4.1.4) lib/action_view/renderer/renderer.rb:23:in `render'
  actionview (4.1.4) lib/action_view/rendering.rb:99:in `_render_template'
  actionpack (4.1.4) lib/action_controller/metal/streaming.rb:217:in `_render_template'
  actionview (4.1.4) lib/action_view/rendering.rb:82:in `render_to_body'
  actionpack (4.1.4) lib/action_controller/metal/rendering.rb:32:in `render_to_body'
  actionpack (4.1.4) lib/action_controller/metal/renderers.rb:32:in `render_to_body'
  actionpack (4.1.4) lib/abstract_controller/rendering.rb:25:in `render'
  actionpack (4.1.4) lib/action_controller/metal/rendering.rb:16:in `render'
  actionpack (4.1.4) lib/action_controller/metal/instrumentation.rb:41:in `block (2 levels) in render'
  activesupport (4.1.4) lib/active_support/core_ext/benchmark.rb:12:in `block in ms'
   () Users/shin_mac/.rvm/rubies/ruby-2.1.2/lib/ruby/2.1.0/benchmark.rb:294:in `realtime'
  activesupport (4.1.4) lib/active_support/core_ext/benchmark.rb:12:in `ms'
  actionpack (4.1.4) lib/action_controller/metal/instrumentation.rb:41:in `block in render'
  actionpack (4.1.4) lib/action_controller/metal/instrumentation.rb:84:in `cleanup_view_runtime'
  activerecord (4.1.4) lib/active_record/railties/controller_runtime.rb:25:in `cleanup_view_runtime'
  actionpack (4.1.4) lib/action_controller/metal/instrumentation.rb:40:in `render'
  actionpack (4.1.4) lib/action_controller/metal/implicit_render.rb:10:in `default_render'
  actionpack (4.1.4) lib/action_controller/metal/implicit_render.rb:5:in `send_action'
  actionpack (4.1.4) lib/abstract_controller/base.rb:189:in `process_action'
  actionpack (4.1.4) lib/action_controller/metal/rendering.rb:10:in `process_action'
  actionpack (4.1.4) lib/abstract_controller/callbacks.rb:20:in `block in process_action'
  activesupport (4.1.4) lib/active_support/callbacks.rb:113:in `call'
  activesupport (4.1.4) lib/active_support/callbacks.rb:229:in `block in halting'
  activesupport (4.1.4) lib/active_support/callbacks.rb:229:in `block in halting'
  activesupport (4.1.4) lib/active_support/callbacks.rb:166:in `block in halting'
  activesupport (4.1.4) lib/active_support/callbacks.rb:166:in `block in halting'
  activesupport (4.1.4) lib/active_support/callbacks.rb:166:in `block in halting'
  activesupport (4.1.4) lib/active_support/callbacks.rb:86:in `run_callbacks'
  actionpack (4.1.4) lib/abstract_controller/callbacks.rb:19:in `process_action'
  actionpack (4.1.4) lib/action_controller/metal/rescue.rb:29:in `process_action'
  actionpack (4.1.4) lib/action_controller/metal/instrumentation.rb:31:in `block in process_action'
  activesupport (4.1.4) lib/active_support/notifications.rb:159:in `block in instrument'
  activesupport (4.1.4) lib/active_support/notifications/instrumenter.rb:20:in `instrument'
  activesupport (4.1.4) lib/active_support/notifications.rb:159:in `instrument'
  actionpack (4.1.4) lib/action_controller/metal/instrumentation.rb:30:in `process_action'
  actionpack (4.1.4) lib/action_controller/metal/params_wrapper.rb:250:in `process_action'
  activerecord (4.1.4) lib/active_record/railties/controller_runtime.rb:18:in `process_action'
  actionpack (4.1.4) lib/abstract_controller/base.rb:136:in `process'
  actionview (4.1.4) lib/action_view/rendering.rb:30:in `process'
  actionpack (4.1.4) lib/action_controller/metal.rb:196:in `dispatch'
  actionpack (4.1.4) lib/action_controller/metal/rack_delegation.rb:13:in `dispatch'
  actionpack (4.1.4) lib/action_controller/metal.rb:232:in `block in action'
  actionpack (4.1.4) lib/action_dispatch/routing/route_set.rb:82:in `dispatch'
  actionpack (4.1.4) lib/action_dispatch/routing/route_set.rb:50:in `call'
  actionpack (4.1.4) lib/action_dispatch/journey/router.rb:71:in `block in call'
  actionpack (4.1.4) lib/action_dispatch/journey/router.rb:59:in `call'
  actionpack (4.1.4) lib/action_dispatch/routing/route_set.rb:678:in `call'
  warden (1.2.3) lib/warden/manager.rb:35:in `block in call'
  warden (1.2.3) lib/warden/manager.rb:34:in `call'
  rack (1.5.2) lib/rack/etag.rb:23:in `call'
  rack (1.5.2) lib/rack/conditionalget.rb:25:in `call'
  rack (1.5.2) lib/rack/head.rb:11:in `call'
  actionpack (4.1.4) lib/action_dispatch/middleware/params_parser.rb:27:in `call'
  actionpack (4.1.4) lib/action_dispatch/middleware/flash.rb:254:in `call'
  rack (1.5.2) lib/rack/session/abstract/id.rb:225:in `context'
  rack (1.5.2) lib/rack/session/abstract/id.rb:220:in `call'
  actionpack (4.1.4) lib/action_dispatch/middleware/cookies.rb:560:in `call'
  activerecord (4.1.4) lib/active_record/query_cache.rb:36:in `call'
  activerecord (4.1.4) lib/active_record/connection_adapters/abstract/connection_pool.rb:621:in `call'
  activerecord (4.1.4) lib/active_record/migration.rb:380:in `call'
  actionpack (4.1.4) lib/action_dispatch/middleware/callbacks.rb:29:in `block in call'
  activesupport (4.1.4) lib/active_support/callbacks.rb:82:in `run_callbacks'
  actionpack (4.1.4) lib/action_dispatch/middleware/callbacks.rb:27:in `call'
  actionpack (4.1.4) lib/action_dispatch/middleware/reloader.rb:73:in `call'
  actionpack (4.1.4) lib/action_dispatch/middleware/remote_ip.rb:76:in `call'
  better_errors (1.1.0) lib/better_errors/middleware.rb:84:in `protected_app_call'
  better_errors (1.1.0) lib/better_errors/middleware.rb:79:in `better_errors_call'
  better_errors (1.1.0) lib/better_errors/middleware.rb:56:in `call'
  actionpack (4.1.4) lib/action_dispatch/middleware/debug_exceptions.rb:17:in `call'
  actionpack (4.1.4) lib/action_dispatch/middleware/show_exceptions.rb:30:in `call'
  railties (4.1.4) lib/rails/rack/logger.rb:38:in `call_app'
  railties (4.1.4) lib/rails/rack/logger.rb:20:in `block in call'
  activesupport (4.1.4) lib/active_support/tagged_logging.rb:68:in `block in tagged'
  activesupport (4.1.4) lib/active_support/tagged_logging.rb:26:in `tagged'
  activesupport (4.1.4) lib/active_support/tagged_logging.rb:68:in `tagged'
  railties (4.1.4) lib/rails/rack/logger.rb:20:in `call'
  quiet_assets (1.0.3) lib/quiet_assets.rb:23:in `call_with_quiet_assets'
  actionpack (4.1.4) lib/action_dispatch/middleware/request_id.rb:21:in `call'
  rack (1.5.2) lib/rack/methodoverride.rb:21:in `call'
  rack (1.5.2) lib/rack/runtime.rb:17:in `call'
  activesupport (4.1.4) lib/active_support/cache/strategy/local_cache_middleware.rb:26:in `call'
  rack (1.5.2) lib/rack/lock.rb:17:in `call'
  actionpack (4.1.4) lib/action_dispatch/middleware/static.rb:64:in `call'
  rack (1.5.2) lib/rack/sendfile.rb:112:in `call'
  railties (4.1.4) lib/rails/engine.rb:514:in `call'
  railties (4.1.4) lib/rails/application.rb:144:in `call'
  rack (1.5.2) lib/rack/lock.rb:17:in `call'
  rack (1.5.2) lib/rack/content_length.rb:14:in `call'
  rack (1.5.2) lib/rack/handler/webrick.rb:60:in `service'
   () Users/shin_mac/.rvm/rubies/ruby-2.1.2/lib/ruby/2.1.0/webrick/httpserver.rb:138:in `service'
   () Users/shin_mac/.rvm/rubies/ruby-2.1.2/lib/ruby/2.1.0/webrick/httpserver.rb:94:in `run'
   () Users/shin_mac/.rvm/rubies/ruby-2.1.2/lib/ruby/2.1.0/webrick/server.rb:295:in `block in start_thread'



Started GET "/tickets/1/edit" for 127.0.0.1 at 2014-09-12 11:26:15 -0700
Processing by TicketsController#edit as HTML
  Parameters: {"id"=>"1"}
  Rendered tickets/_form.html.slim (3.6ms)
  Rendered tickets/edit.html.slim within layouts/application (7.0ms)
Completed 500 Internal Server Error in 9ms

NoMethodError - undefined method `model_name' for NilClass:Class:
  actionpack (4.1.4) lib/action_controller/model_naming.rb:9:in `model_name_from_record_or_class'
  actionview (4.1.4) lib/action_view/record_identifier.rb:47:in `dom_class'
   () Users/shin_mac/.rvm/gems/ruby-2.1.2/bundler/gems/simple_form-29f8f768f170/lib/simple_form/action_view_extensions/form_helper.rb:58:in `simple_form_css_class'
   () Users/shin_mac/.rvm/gems/ruby-2.1.2/bundler/gems/simple_form-29f8f768f170/lib/simple_form/action_view_extensions/form_helper.rb:19:in `simple_form_for'
   () Users/shin_mac/projects/Tickety/app/views/tickets/_form.html.slim:1:in `_app_views_tickets__form_html_slim___2797850422347343073_70335579554200'
  actionview (4.1.4) lib/action_view/template.rb:145:in `block in render'
  activesupport (4.1.4) lib/active_support/notifications.rb:161:in `instrument'
  actionview (4.1.4) lib/action_view/template.rb:339:in `instrument'
  actionview (4.1.4) lib/action_view/template.rb:143:in `render'
  actionview (4.1.4) lib/action_view/renderer/partial_renderer.rb:306:in `render_partial'
  actionview (4.1.4) lib/action_view/renderer/partial_renderer.rb:279:in `block in render'
  actionview (4.1.4) lib/action_view/renderer/abstract_renderer.rb:38:in `block in instrument'
  activesupport (4.1.4) lib/active_support/notifications.rb:159:in `block in instrument'
  activesupport (4.1.4) lib/active_support/notifications/instrumenter.rb:20:in `instrument'
  activesupport (4.1.4) lib/active_support/notifications.rb:159:in `instrument'
  actionview (4.1.4) lib/action_view/renderer/abstract_renderer.rb:38:in `instrument'
  actionview (4.1.4) lib/action_view/renderer/partial_renderer.rb:278:in `render'
  actionview (4.1.4) lib/action_view/renderer/renderer.rb:47:in `render_partial'
  actionview (4.1.4) lib/action_view/helpers/rendering_helper.rb:35:in `render'
   () Users/shin_mac/projects/Tickety/app/views/tickets/edit.html.slim:3:in `_app_views_tickets_edit_html_slim___1620245350029939438_70335579702180'
  actionview (4.1.4) lib/action_view/template.rb:145:in `block in render'
  activesupport (4.1.4) lib/active_support/notifications.rb:161:in `instrument'
  actionview (4.1.4) lib/action_view/template.rb:339:in `instrument'
  actionview (4.1.4) lib/action_view/template.rb:143:in `render'
  actionview (4.1.4) lib/action_view/renderer/template_renderer.rb:55:in `block (2 levels) in render_template'
  actionview (4.1.4) lib/action_view/renderer/abstract_renderer.rb:38:in `block in instrument'
  activesupport (4.1.4) lib/active_support/notifications.rb:159:in `block in instrument'
  activesupport (4.1.4) lib/active_support/notifications/instrumenter.rb:20:in `instrument'
  activesupport (4.1.4) lib/active_support/notifications.rb:159:in `instrument'
  actionview (4.1.4) lib/action_view/renderer/abstract_renderer.rb:38:in `instrument'
  actionview (4.1.4) lib/action_view/renderer/template_renderer.rb:54:in `block in render_template'
  actionview (4.1.4) lib/action_view/renderer/template_renderer.rb:62:in `render_with_layout'
  actionview (4.1.4) lib/action_view/renderer/template_renderer.rb:53:in `render_template'
  actionview (4.1.4) lib/action_view/renderer/template_renderer.rb:17:in `render'
  actionview (4.1.4) lib/action_view/renderer/renderer.rb:42:in `render_template'
  actionview (4.1.4) lib/action_view/renderer/renderer.rb:23:in `render'
  actionview (4.1.4) lib/action_view/rendering.rb:99:in `_render_template'
  actionpack (4.1.4) lib/action_controller/metal/streaming.rb:217:in `_render_template'
  actionview (4.1.4) lib/action_view/rendering.rb:82:in `render_to_body'
  actionpack (4.1.4) lib/action_controller/metal/rendering.rb:32:in `render_to_body'
  actionpack (4.1.4) lib/action_controller/metal/renderers.rb:32:in `render_to_body'
  actionpack (4.1.4) lib/abstract_controller/rendering.rb:25:in `render'
  actionpack (4.1.4) lib/action_controller/metal/rendering.rb:16:in `render'
  actionpack (4.1.4) lib/action_controller/metal/instrumentation.rb:41:in `block (2 levels) in render'
  activesupport (4.1.4) lib/active_support/core_ext/benchmark.rb:12:in `block in ms'
   () Users/shin_mac/.rvm/rubies/ruby-2.1.2/lib/ruby/2.1.0/benchmark.rb:294:in `realtime'
  activesupport (4.1.4) lib/active_support/core_ext/benchmark.rb:12:in `ms'
  actionpack (4.1.4) lib/action_controller/metal/instrumentation.rb:41:in `block in render'
  actionpack (4.1.4) lib/action_controller/metal/instrumentation.rb:84:in `cleanup_view_runtime'
  activerecord (4.1.4) lib/active_record/railties/controller_runtime.rb:25:in `cleanup_view_runtime'
  actionpack (4.1.4) lib/action_controller/metal/instrumentation.rb:40:in `render'
  actionpack (4.1.4) lib/action_controller/metal/implicit_render.rb:10:in `default_render'
  actionpack (4.1.4) lib/action_controller/metal/implicit_render.rb:5:in `send_action'
  actionpack (4.1.4) lib/abstract_controller/base.rb:189:in `process_action'
  actionpack (4.1.4) lib/action_controller/metal/rendering.rb:10:in `process_action'
  actionpack (4.1.4) lib/abstract_controller/callbacks.rb:20:in `block in process_action'
  activesupport (4.1.4) lib/active_support/callbacks.rb:113:in `call'
  activesupport (4.1.4) lib/active_support/callbacks.rb:229:in `block in halting'
  activesupport (4.1.4) lib/active_support/callbacks.rb:229:in `block in halting'
  activesupport (4.1.4) lib/active_support/callbacks.rb:166:in `block in halting'
  activesupport (4.1.4) lib/active_support/callbacks.rb:166:in `block in halting'
  activesupport (4.1.4) lib/active_support/callbacks.rb:166:in `block in halting'
  activesupport (4.1.4) lib/active_support/callbacks.rb:86:in `run_callbacks'
  actionpack (4.1.4) lib/abstract_controller/callbacks.rb:19:in `process_action'
  actionpack (4.1.4) lib/action_controller/metal/rescue.rb:29:in `process_action'
  actionpack (4.1.4) lib/action_controller/metal/instrumentation.rb:31:in `block in process_action'
  activesupport (4.1.4) lib/active_support/notifications.rb:159:in `block in instrument'
  activesupport (4.1.4) lib/active_support/notifications/instrumenter.rb:20:in `instrument'
  activesupport (4.1.4) lib/active_support/notifications.rb:159:in `instrument'
  actionpack (4.1.4) lib/action_controller/metal/instrumentation.rb:30:in `process_action'
  actionpack (4.1.4) lib/action_controller/metal/params_wrapper.rb:250:in `process_action'
  activerecord (4.1.4) lib/active_record/railties/controller_runtime.rb:18:in `process_action'
  actionpack (4.1.4) lib/abstract_controller/base.rb:136:in `process'
  actionview (4.1.4) lib/action_view/rendering.rb:30:in `process'
  actionpack (4.1.4) lib/action_controller/metal.rb:196:in `dispatch'
  actionpack (4.1.4) lib/action_controller/metal/rack_delegation.rb:13:in `dispatch'
  actionpack (4.1.4) lib/action_controller/metal.rb:232:in `block in action'
  actionpack (4.1.4) lib/action_dispatch/routing/route_set.rb:82:in `dispatch'
  actionpack (4.1.4) lib/action_dispatch/routing/route_set.rb:50:in `call'
  actionpack (4.1.4) lib/action_dispatch/journey/router.rb:71:in `block in call'
  actionpack (4.1.4) lib/action_dispatch/journey/router.rb:59:in `call'
  actionpack (4.1.4) lib/action_dispatch/routing/route_set.rb:678:in `call'
  warden (1.2.3) lib/warden/manager.rb:35:in `block in call'
  warden (1.2.3) lib/warden/manager.rb:34:in `call'
  rack (1.5.2) lib/rack/etag.rb:23:in `call'
  rack (1.5.2) lib/rack/conditionalget.rb:25:in `call'
  rack (1.5.2) lib/rack/head.rb:11:in `call'
  actionpack (4.1.4) lib/action_dispatch/middleware/params_parser.rb:27:in `call'
  actionpack (4.1.4) lib/action_dispatch/middleware/flash.rb:254:in `call'
  rack (1.5.2) lib/rack/session/abstract/id.rb:225:in `context'
  rack (1.5.2) lib/rack/session/abstract/id.rb:220:in `call'
  actionpack (4.1.4) lib/action_dispatch/middleware/cookies.rb:560:in `call'
  activerecord (4.1.4) lib/active_record/query_cache.rb:36:in `call'
  activerecord (4.1.4) lib/active_record/connection_adapters/abstract/connection_pool.rb:621:in `call'
  activerecord (4.1.4) lib/active_record/migration.rb:380:in `call'
  actionpack (4.1.4) lib/action_dispatch/middleware/callbacks.rb:29:in `block in call'
  activesupport (4.1.4) lib/active_support/callbacks.rb:82:in `run_callbacks'
  actionpack (4.1.4) lib/action_dispatch/middleware/callbacks.rb:27:in `call'
  actionpack (4.1.4) lib/action_dispatch/middleware/reloader.rb:73:in `call'
  actionpack (4.1.4) lib/action_dispatch/middleware/remote_ip.rb:76:in `call'
  better_errors (1.1.0) lib/better_errors/middleware.rb:84:in `protected_app_call'
  better_errors (1.1.0) lib/better_errors/middleware.rb:79:in `better_errors_call'
  better_errors (1.1.0) lib/better_errors/middleware.rb:56:in `call'
  actionpack (4.1.4) lib/action_dispatch/middleware/debug_exceptions.rb:17:in `call'
  actionpack (4.1.4) lib/action_dispatch/middleware/show_exceptions.rb:30:in `call'
  railties (4.1.4) lib/rails/rack/logger.rb:38:in `call_app'
  railties (4.1.4) lib/rails/rack/logger.rb:20:in `block in call'
  activesupport (4.1.4) lib/active_support/tagged_logging.rb:68:in `block in tagged'
  activesupport (4.1.4) lib/active_support/tagged_logging.rb:26:in `tagged'
  activesupport (4.1.4) lib/active_support/tagged_logging.rb:68:in `tagged'
  railties (4.1.4) lib/rails/rack/logger.rb:20:in `call'
  quiet_assets (1.0.3) lib/quiet_assets.rb:23:in `call_with_quiet_assets'
  actionpack (4.1.4) lib/action_dispatch/middleware/request_id.rb:21:in `call'
  rack (1.5.2) lib/rack/methodoverride.rb:21:in `call'
  rack (1.5.2) lib/rack/runtime.rb:17:in `call'
  activesupport (4.1.4) lib/active_support/cache/strategy/local_cache_middleware.rb:26:in `call'
  rack (1.5.2) lib/rack/lock.rb:17:in `call'
  actionpack (4.1.4) lib/action_dispatch/middleware/static.rb:64:in `call'
  rack (1.5.2) lib/rack/sendfile.rb:112:in `call'
  railties (4.1.4) lib/rails/engine.rb:514:in `call'
  railties (4.1.4) lib/rails/application.rb:144:in `call'
  rack (1.5.2) lib/rack/lock.rb:17:in `call'
  rack (1.5.2) lib/rack/content_length.rb:14:in `call'
  rack (1.5.2) lib/rack/handler/webrick.rb:60:in `service'
   () Users/shin_mac/.rvm/rubies/ruby-2.1.2/lib/ruby/2.1.0/webrick/httpserver.rb:138:in `service'
   () Users/shin_mac/.rvm/rubies/ruby-2.1.2/lib/ruby/2.1.0/webrick/httpserver.rb:94:in `run'
   () Users/shin_mac/.rvm/rubies/ruby-2.1.2/lib/ruby/2.1.0/webrick/server.rb:295:in `block in start_thread'



Started POST "/__better_errors/70335579250360/variables" for 127.0.0.1 at 2014-09-12 11:26:15 -0700


Started GET "/" for 127.0.0.1 at 2014-09-12 11:26:38 -0700
Processing by TicketsController#index as HTML
  [1m[35mTicket Load (0.2ms)[0m  SELECT  "tickets".* FROM "tickets"  LIMIT 10
  Rendered tickets/index.html.slim within layouts/application (3.6ms)
  Rendered layouts/_navbar.html.slim (0.2ms)
Completed 200 OK in 47ms (Views: 46.5ms | ActiveRecord: 0.2ms)


Started GET "/tickets/1" for 127.0.0.1 at 2014-09-12 11:26:41 -0700
Processing by TicketsController#show as HTML
  Parameters: {"id"=>"1"}
  [1m[36mTicket Load (0.3ms)[0m  [1mSELECT  "tickets".* FROM "tickets"  WHERE "tickets"."id" = $1 LIMIT 1[0m  [["id", 1]]
  Rendered tickets/show.html.slim within layouts/application (0.4ms)
  Rendered layouts/_navbar.html.slim (0.3ms)
Completed 200 OK in 50ms (Views: 48.7ms | ActiveRecord: 0.3ms)


Started GET "/" for 127.0.0.1 at 2014-09-12 11:26:42 -0700
Processing by TicketsController#index as HTML
  [1m[35mTicket Load (0.2ms)[0m  SELECT  "tickets".* FROM "tickets"  LIMIT 10
  Rendered tickets/index.html.slim within layouts/application (0.9ms)
  Rendered layouts/_navbar.html.slim (0.2ms)
Completed 200 OK in 48ms (Views: 47.5ms | ActiveRecord: 0.2ms)


Started GET "/tickets/1" for 127.0.0.1 at 2014-09-12 11:26:45 -0700
Processing by TicketsController#show as HTML
  Parameters: {"id"=>"1"}
  [1m[36mTicket Load (0.3ms)[0m  [1mSELECT  "tickets".* FROM "tickets"  WHERE "tickets"."id" = $1 LIMIT 1[0m  [["id", 1]]
  Rendered tickets/show.html.slim within layouts/application (0.4ms)
  Rendered layouts/_navbar.html.slim (0.2ms)
Completed 200 OK in 46ms (Views: 44.6ms | ActiveRecord: 0.3ms)


Started GET "/" for 127.0.0.1 at 2014-09-12 11:26:47 -0700
Processing by TicketsController#index as HTML
  [1m[35mTicket Load (0.2ms)[0m  SELECT  "tickets".* FROM "tickets"  LIMIT 10
  Rendered tickets/index.html.slim within layouts/application (0.9ms)
  Rendered layouts/_navbar.html.slim (0.2ms)
Completed 200 OK in 44ms (Views: 43.7ms | ActiveRecord: 0.2ms)


Started GET "/tickets/1" for 127.0.0.1 at 2014-09-12 11:26:52 -0700
Processing by TicketsController#show as HTML
  Parameters: {"id"=>"1"}
  [1m[36mTicket Load (0.2ms)[0m  [1mSELECT  "tickets".* FROM "tickets"  WHERE "tickets"."id" = $1 LIMIT 1[0m  [["id", 1]]
  Rendered tickets/show.html.slim within layouts/application (0.5ms)
  Rendered layouts/_navbar.html.slim (0.2ms)
Completed 200 OK in 46ms (Views: 44.6ms | ActiveRecord: 0.2ms)


Started GET "/tickets/1/edit" for 127.0.0.1 at 2014-09-12 11:26:54 -0700
Processing by TicketsController#edit as HTML
  Parameters: {"id"=>"1"}
  Rendered tickets/_form.html.slim (1.4ms)
  Rendered tickets/edit.html.slim within layouts/application (1.9ms)
Completed 500 Internal Server Error in 4ms

NoMethodError - undefined method `model_name' for NilClass:Class:
  actionpack (4.1.4) lib/action_controller/model_naming.rb:9:in `model_name_from_record_or_class'
  actionview (4.1.4) lib/action_view/record_identifier.rb:47:in `dom_class'
   () Users/shin_mac/.rvm/gems/ruby-2.1.2/bundler/gems/simple_form-29f8f768f170/lib/simple_form/action_view_extensions/form_helper.rb:58:in `simple_form_css_class'
   () Users/shin_mac/.rvm/gems/ruby-2.1.2/bundler/gems/simple_form-29f8f768f170/lib/simple_form/action_view_extensions/form_helper.rb:19:in `simple_form_for'
   () Users/shin_mac/projects/Tickety/app/views/tickets/_form.html.slim:1:in `_app_views_tickets__form_html_slim___2797850422347343073_70335556012380'
  actionview (4.1.4) lib/action_view/template.rb:145:in `block in render'
  activesupport (4.1.4) lib/active_support/notifications.rb:161:in `instrument'
  actionview (4.1.4) lib/action_view/template.rb:339:in `instrument'
  actionview (4.1.4) lib/action_view/template.rb:143:in `render'
  actionview (4.1.4) lib/action_view/renderer/partial_renderer.rb:306:in `render_partial'
  actionview (4.1.4) lib/action_view/renderer/partial_renderer.rb:279:in `block in render'
  actionview (4.1.4) lib/action_view/renderer/abstract_renderer.rb:38:in `block in instrument'
  activesupport (4.1.4) lib/active_support/notifications.rb:159:in `block in instrument'
  activesupport (4.1.4) lib/active_support/notifications/instrumenter.rb:20:in `instrument'
  activesupport (4.1.4) lib/active_support/notifications.rb:159:in `instrument'
  actionview (4.1.4) lib/action_view/renderer/abstract_renderer.rb:38:in `instrument'
  actionview (4.1.4) lib/action_view/renderer/partial_renderer.rb:278:in `render'
  actionview (4.1.4) lib/action_view/renderer/renderer.rb:47:in `render_partial'
  actionview (4.1.4) lib/action_view/helpers/rendering_helper.rb:35:in `render'
   () Users/shin_mac/projects/Tickety/app/views/tickets/edit.html.slim:3:in `_app_views_tickets_edit_html_slim___1620245350029939438_70335557095320'
  actionview (4.1.4) lib/action_view/template.rb:145:in `block in render'
  activesupport (4.1.4) lib/active_support/notifications.rb:161:in `instrument'
  actionview (4.1.4) lib/action_view/template.rb:339:in `instrument'
  actionview (4.1.4) lib/action_view/template.rb:143:in `render'
  actionview (4.1.4) lib/action_view/renderer/template_renderer.rb:55:in `block (2 levels) in render_template'
  actionview (4.1.4) lib/action_view/renderer/abstract_renderer.rb:38:in `block in instrument'
  activesupport (4.1.4) lib/active_support/notifications.rb:159:in `block in instrument'
  activesupport (4.1.4) lib/active_support/notifications/instrumenter.rb:20:in `instrument'
  activesupport (4.1.4) lib/active_support/notifications.rb:159:in `instrument'
  actionview (4.1.4) lib/action_view/renderer/abstract_renderer.rb:38:in `instrument'
  actionview (4.1.4) lib/action_view/renderer/template_renderer.rb:54:in `block in render_template'
  actionview (4.1.4) lib/action_view/renderer/template_renderer.rb:62:in `render_with_layout'
  actionview (4.1.4) lib/action_view/renderer/template_renderer.rb:53:in `render_template'
  actionview (4.1.4) lib/action_view/renderer/template_renderer.rb:17:in `render'
  actionview (4.1.4) lib/action_view/renderer/renderer.rb:42:in `render_template'
  actionview (4.1.4) lib/action_view/renderer/renderer.rb:23:in `render'
  actionview (4.1.4) lib/action_view/rendering.rb:99:in `_render_template'
  actionpack (4.1.4) lib/action_controller/metal/streaming.rb:217:in `_render_template'
  actionview (4.1.4) lib/action_view/rendering.rb:82:in `render_to_body'
  actionpack (4.1.4) lib/action_controller/metal/rendering.rb:32:in `render_to_body'
  actionpack (4.1.4) lib/action_controller/metal/renderers.rb:32:in `render_to_body'
  actionpack (4.1.4) lib/abstract_controller/rendering.rb:25:in `render'
  actionpack (4.1.4) lib/action_controller/metal/rendering.rb:16:in `render'
  actionpack (4.1.4) lib/action_controller/metal/instrumentation.rb:41:in `block (2 levels) in render'
  activesupport (4.1.4) lib/active_support/core_ext/benchmark.rb:12:in `block in ms'
   () Users/shin_mac/.rvm/rubies/ruby-2.1.2/lib/ruby/2.1.0/benchmark.rb:294:in `realtime'
  activesupport (4.1.4) lib/active_support/core_ext/benchmark.rb:12:in `ms'
  actionpack (4.1.4) lib/action_controller/metal/instrumentation.rb:41:in `block in render'
  actionpack (4.1.4) lib/action_controller/metal/instrumentation.rb:84:in `cleanup_view_runtime'
  activerecord (4.1.4) lib/active_record/railties/controller_runtime.rb:25:in `cleanup_view_runtime'
  actionpack (4.1.4) lib/action_controller/metal/instrumentation.rb:40:in `render'
  actionpack (4.1.4) lib/action_controller/metal/implicit_render.rb:10:in `default_render'
  actionpack (4.1.4) lib/action_controller/metal/implicit_render.rb:5:in `send_action'
  actionpack (4.1.4) lib/abstract_controller/base.rb:189:in `process_action'
  actionpack (4.1.4) lib/action_controller/metal/rendering.rb:10:in `process_action'
  actionpack (4.1.4) lib/abstract_controller/callbacks.rb:20:in `block in process_action'
  activesupport (4.1.4) lib/active_support/callbacks.rb:113:in `call'
  activesupport (4.1.4) lib/active_support/callbacks.rb:229:in `block in halting'
  activesupport (4.1.4) lib/active_support/callbacks.rb:229:in `block in halting'
  activesupport (4.1.4) lib/active_support/callbacks.rb:166:in `block in halting'
  activesupport (4.1.4) lib/active_support/callbacks.rb:166:in `block in halting'
  activesupport (4.1.4) lib/active_support/callbacks.rb:166:in `block in halting'
  activesupport (4.1.4) lib/active_support/callbacks.rb:86:in `run_callbacks'
  actionpack (4.1.4) lib/abstract_controller/callbacks.rb:19:in `process_action'
  actionpack (4.1.4) lib/action_controller/metal/rescue.rb:29:in `process_action'
  actionpack (4.1.4) lib/action_controller/metal/instrumentation.rb:31:in `block in process_action'
  activesupport (4.1.4) lib/active_support/notifications.rb:159:in `block in instrument'
  activesupport (4.1.4) lib/active_support/notifications/instrumenter.rb:20:in `instrument'
  activesupport (4.1.4) lib/active_support/notifications.rb:159:in `instrument'
  actionpack (4.1.4) lib/action_controller/metal/instrumentation.rb:30:in `process_action'
  actionpack (4.1.4) lib/action_controller/metal/params_wrapper.rb:250:in `process_action'
  activerecord (4.1.4) lib/active_record/railties/controller_runtime.rb:18:in `process_action'
  actionpack (4.1.4) lib/abstract_controller/base.rb:136:in `process'
  actionview (4.1.4) lib/action_view/rendering.rb:30:in `process'
  actionpack (4.1.4) lib/action_controller/metal.rb:196:in `dispatch'
  actionpack (4.1.4) lib/action_controller/metal/rack_delegation.rb:13:in `dispatch'
  actionpack (4.1.4) lib/action_controller/metal.rb:232:in `block in action'
  actionpack (4.1.4) lib/action_dispatch/routing/route_set.rb:82:in `dispatch'
  actionpack (4.1.4) lib/action_dispatch/routing/route_set.rb:50:in `call'
  actionpack (4.1.4) lib/action_dispatch/journey/router.rb:71:in `block in call'
  actionpack (4.1.4) lib/action_dispatch/journey/router.rb:59:in `call'
  actionpack (4.1.4) lib/action_dispatch/routing/route_set.rb:678:in `call'
  warden (1.2.3) lib/warden/manager.rb:35:in `block in call'
  warden (1.2.3) lib/warden/manager.rb:34:in `call'
  rack (1.5.2) lib/rack/etag.rb:23:in `call'
  rack (1.5.2) lib/rack/conditionalget.rb:25:in `call'
  rack (1.5.2) lib/rack/head.rb:11:in `call'
  actionpack (4.1.4) lib/action_dispatch/middleware/params_parser.rb:27:in `call'
  actionpack (4.1.4) lib/action_dispatch/middleware/flash.rb:254:in `call'
  rack (1.5.2) lib/rack/session/abstract/id.rb:225:in `context'
  rack (1.5.2) lib/rack/session/abstract/id.rb:220:in `call'
  actionpack (4.1.4) lib/action_dispatch/middleware/cookies.rb:560:in `call'
  activerecord (4.1.4) lib/active_record/query_cache.rb:36:in `call'
  activerecord (4.1.4) lib/active_record/connection_adapters/abstract/connection_pool.rb:621:in `call'
  activerecord (4.1.4) lib/active_record/migration.rb:380:in `call'
  actionpack (4.1.4) lib/action_dispatch/middleware/callbacks.rb:29:in `block in call'
  activesupport (4.1.4) lib/active_support/callbacks.rb:82:in `run_callbacks'
  actionpack (4.1.4) lib/action_dispatch/middleware/callbacks.rb:27:in `call'
  actionpack (4.1.4) lib/action_dispatch/middleware/reloader.rb:73:in `call'
  actionpack (4.1.4) lib/action_dispatch/middleware/remote_ip.rb:76:in `call'
  better_errors (1.1.0) lib/better_errors/middleware.rb:84:in `protected_app_call'
  better_errors (1.1.0) lib/better_errors/middleware.rb:79:in `better_errors_call'
  better_errors (1.1.0) lib/better_errors/middleware.rb:56:in `call'
  actionpack (4.1.4) lib/action_dispatch/middleware/debug_exceptions.rb:17:in `call'
  actionpack (4.1.4) lib/action_dispatch/middleware/show_exceptions.rb:30:in `call'
  railties (4.1.4) lib/rails/rack/logger.rb:38:in `call_app'
  railties (4.1.4) lib/rails/rack/logger.rb:20:in `block in call'
  activesupport (4.1.4) lib/active_support/tagged_logging.rb:68:in `block in tagged'
  activesupport (4.1.4) lib/active_support/tagged_logging.rb:26:in `tagged'
  activesupport (4.1.4) lib/active_support/tagged_logging.rb:68:in `tagged'
  railties (4.1.4) lib/rails/rack/logger.rb:20:in `call'
  quiet_assets (1.0.3) lib/quiet_assets.rb:23:in `call_with_quiet_assets'
  actionpack (4.1.4) lib/action_dispatch/middleware/request_id.rb:21:in `call'
  rack (1.5.2) lib/rack/methodoverride.rb:21:in `call'
  rack (1.5.2) lib/rack/runtime.rb:17:in `call'
  activesupport (4.1.4) lib/active_support/cache/strategy/local_cache_middleware.rb:26:in `call'
  rack (1.5.2) lib/rack/lock.rb:17:in `call'
  actionpack (4.1.4) lib/action_dispatch/middleware/static.rb:64:in `call'
  rack (1.5.2) lib/rack/sendfile.rb:112:in `call'
  railties (4.1.4) lib/rails/engine.rb:514:in `call'
  railties (4.1.4) lib/rails/application.rb:144:in `call'
  rack (1.5.2) lib/rack/lock.rb:17:in `call'
  rack (1.5.2) lib/rack/content_length.rb:14:in `call'
  rack (1.5.2) lib/rack/handler/webrick.rb:60:in `service'
   () Users/shin_mac/.rvm/rubies/ruby-2.1.2/lib/ruby/2.1.0/webrick/httpserver.rb:138:in `service'
   () Users/shin_mac/.rvm/rubies/ruby-2.1.2/lib/ruby/2.1.0/webrick/httpserver.rb:94:in `run'
   () Users/shin_mac/.rvm/rubies/ruby-2.1.2/lib/ruby/2.1.0/webrick/server.rb:295:in `block in start_thread'



Started GET "/tickets/1/edit" for 127.0.0.1 at 2014-09-12 11:26:54 -0700
Processing by TicketsController#edit as HTML
  Parameters: {"id"=>"1"}
  Rendered tickets/_form.html.slim (1.8ms)
  Rendered tickets/edit.html.slim within layouts/application (2.2ms)
Completed 500 Internal Server Error in 4ms

NoMethodError - undefined method `model_name' for NilClass:Class:
  actionpack (4.1.4) lib/action_controller/model_naming.rb:9:in `model_name_from_record_or_class'
  actionview (4.1.4) lib/action_view/record_identifier.rb:47:in `dom_class'
   () Users/shin_mac/.rvm/gems/ruby-2.1.2/bundler/gems/simple_form-29f8f768f170/lib/simple_form/action_view_extensions/form_helper.rb:58:in `simple_form_css_class'
   () Users/shin_mac/.rvm/gems/ruby-2.1.2/bundler/gems/simple_form-29f8f768f170/lib/simple_form/action_view_extensions/form_helper.rb:19:in `simple_form_for'
   () Users/shin_mac/projects/Tickety/app/views/tickets/_form.html.slim:1:in `_app_views_tickets__form_html_slim___2797850422347343073_70335579554200'
  actionview (4.1.4) lib/action_view/template.rb:145:in `block in render'
  activesupport (4.1.4) lib/active_support/notifications.rb:161:in `instrument'
  actionview (4.1.4) lib/action_view/template.rb:339:in `instrument'
  actionview (4.1.4) lib/action_view/template.rb:143:in `render'
  actionview (4.1.4) lib/action_view/renderer/partial_renderer.rb:306:in `render_partial'
  actionview (4.1.4) lib/action_view/renderer/partial_renderer.rb:279:in `block in render'
  actionview (4.1.4) lib/action_view/renderer/abstract_renderer.rb:38:in `block in instrument'
  activesupport (4.1.4) lib/active_support/notifications.rb:159:in `block in instrument'
  activesupport (4.1.4) lib/active_support/notifications/instrumenter.rb:20:in `instrument'
  activesupport (4.1.4) lib/active_support/notifications.rb:159:in `instrument'
  actionview (4.1.4) lib/action_view/renderer/abstract_renderer.rb:38:in `instrument'
  actionview (4.1.4) lib/action_view/renderer/partial_renderer.rb:278:in `render'
  actionview (4.1.4) lib/action_view/renderer/renderer.rb:47:in `render_partial'
  actionview (4.1.4) lib/action_view/helpers/rendering_helper.rb:35:in `render'
   () Users/shin_mac/projects/Tickety/app/views/tickets/edit.html.slim:3:in `_app_views_tickets_edit_html_slim___1620245350029939438_70335579702180'
  actionview (4.1.4) lib/action_view/template.rb:145:in `block in render'
  activesupport (4.1.4) lib/active_support/notifications.rb:161:in `instrument'
  actionview (4.1.4) lib/action_view/template.rb:339:in `instrument'
  actionview (4.1.4) lib/action_view/template.rb:143:in `render'
  actionview (4.1.4) lib/action_view/renderer/template_renderer.rb:55:in `block (2 levels) in render_template'
  actionview (4.1.4) lib/action_view/renderer/abstract_renderer.rb:38:in `block in instrument'
  activesupport (4.1.4) lib/active_support/notifications.rb:159:in `block in instrument'
  activesupport (4.1.4) lib/active_support/notifications/instrumenter.rb:20:in `instrument'
  activesupport (4.1.4) lib/active_support/notifications.rb:159:in `instrument'
  actionview (4.1.4) lib/action_view/renderer/abstract_renderer.rb:38:in `instrument'
  actionview (4.1.4) lib/action_view/renderer/template_renderer.rb:54:in `block in render_template'
  actionview (4.1.4) lib/action_view/renderer/template_renderer.rb:62:in `render_with_layout'
  actionview (4.1.4) lib/action_view/renderer/template_renderer.rb:53:in `render_template'
  actionview (4.1.4) lib/action_view/renderer/template_renderer.rb:17:in `render'
  actionview (4.1.4) lib/action_view/renderer/renderer.rb:42:in `render_template'
  actionview (4.1.4) lib/action_view/renderer/renderer.rb:23:in `render'
  actionview (4.1.4) lib/action_view/rendering.rb:99:in `_render_template'
  actionpack (4.1.4) lib/action_controller/metal/streaming.rb:217:in `_render_template'
  actionview (4.1.4) lib/action_view/rendering.rb:82:in `render_to_body'
  actionpack (4.1.4) lib/action_controller/metal/rendering.rb:32:in `render_to_body'
  actionpack (4.1.4) lib/action_controller/metal/renderers.rb:32:in `render_to_body'
  actionpack (4.1.4) lib/abstract_controller/rendering.rb:25:in `render'
  actionpack (4.1.4) lib/action_controller/metal/rendering.rb:16:in `render'
  actionpack (4.1.4) lib/action_controller/metal/instrumentation.rb:41:in `block (2 levels) in render'
  activesupport (4.1.4) lib/active_support/core_ext/benchmark.rb:12:in `block in ms'
   () Users/shin_mac/.rvm/rubies/ruby-2.1.2/lib/ruby/2.1.0/benchmark.rb:294:in `realtime'
  activesupport (4.1.4) lib/active_support/core_ext/benchmark.rb:12:in `ms'
  actionpack (4.1.4) lib/action_controller/metal/instrumentation.rb:41:in `block in render'
  actionpack (4.1.4) lib/action_controller/metal/instrumentation.rb:84:in `cleanup_view_runtime'
  activerecord (4.1.4) lib/active_record/railties/controller_runtime.rb:25:in `cleanup_view_runtime'
  actionpack (4.1.4) lib/action_controller/metal/instrumentation.rb:40:in `render'
  actionpack (4.1.4) lib/action_controller/metal/implicit_render.rb:10:in `default_render'
  actionpack (4.1.4) lib/action_controller/metal/implicit_render.rb:5:in `send_action'
  actionpack (4.1.4) lib/abstract_controller/base.rb:189:in `process_action'
  actionpack (4.1.4) lib/action_controller/metal/rendering.rb:10:in `process_action'
  actionpack (4.1.4) lib/abstract_controller/callbacks.rb:20:in `block in process_action'
  activesupport (4.1.4) lib/active_support/callbacks.rb:113:in `call'
  activesupport (4.1.4) lib/active_support/callbacks.rb:229:in `block in halting'
  activesupport (4.1.4) lib/active_support/callbacks.rb:229:in `block in halting'
  activesupport (4.1.4) lib/active_support/callbacks.rb:166:in `block in halting'
  activesupport (4.1.4) lib/active_support/callbacks.rb:166:in `block in halting'
  activesupport (4.1.4) lib/active_support/callbacks.rb:166:in `block in halting'
  activesupport (4.1.4) lib/active_support/callbacks.rb:86:in `run_callbacks'
  actionpack (4.1.4) lib/abstract_controller/callbacks.rb:19:in `process_action'
  actionpack (4.1.4) lib/action_controller/metal/rescue.rb:29:in `process_action'
  actionpack (4.1.4) lib/action_controller/metal/instrumentation.rb:31:in `block in process_action'
  activesupport (4.1.4) lib/active_support/notifications.rb:159:in `block in instrument'
  activesupport (4.1.4) lib/active_support/notifications/instrumenter.rb:20:in `instrument'
  activesupport (4.1.4) lib/active_support/notifications.rb:159:in `instrument'
  actionpack (4.1.4) lib/action_controller/metal/instrumentation.rb:30:in `process_action'
  actionpack (4.1.4) lib/action_controller/metal/params_wrapper.rb:250:in `process_action'
  activerecord (4.1.4) lib/active_record/railties/controller_runtime.rb:18:in `process_action'
  actionpack (4.1.4) lib/abstract_controller/base.rb:136:in `process'
  actionview (4.1.4) lib/action_view/rendering.rb:30:in `process'
  actionpack (4.1.4) lib/action_controller/metal.rb:196:in `dispatch'
  actionpack (4.1.4) lib/action_controller/metal/rack_delegation.rb:13:in `dispatch'
  actionpack (4.1.4) lib/action_controller/metal.rb:232:in `block in action'
  actionpack (4.1.4) lib/action_dispatch/routing/route_set.rb:82:in `dispatch'
  actionpack (4.1.4) lib/action_dispatch/routing/route_set.rb:50:in `call'
  actionpack (4.1.4) lib/action_dispatch/journey/router.rb:71:in `block in call'
  actionpack (4.1.4) lib/action_dispatch/journey/router.rb:59:in `call'
  actionpack (4.1.4) lib/action_dispatch/routing/route_set.rb:678:in `call'
  warden (1.2.3) lib/warden/manager.rb:35:in `block in call'
  warden (1.2.3) lib/warden/manager.rb:34:in `call'
  rack (1.5.2) lib/rack/etag.rb:23:in `call'
  rack (1.5.2) lib/rack/conditionalget.rb:25:in `call'
  rack (1.5.2) lib/rack/head.rb:11:in `call'
  actionpack (4.1.4) lib/action_dispatch/middleware/params_parser.rb:27:in `call'
  actionpack (4.1.4) lib/action_dispatch/middleware/flash.rb:254:in `call'
  rack (1.5.2) lib/rack/session/abstract/id.rb:225:in `context'
  rack (1.5.2) lib/rack/session/abstract/id.rb:220:in `call'
  actionpack (4.1.4) lib/action_dispatch/middleware/cookies.rb:560:in `call'
  activerecord (4.1.4) lib/active_record/query_cache.rb:36:in `call'
  activerecord (4.1.4) lib/active_record/connection_adapters/abstract/connection_pool.rb:621:in `call'
  activerecord (4.1.4) lib/active_record/migration.rb:380:in `call'
  actionpack (4.1.4) lib/action_dispatch/middleware/callbacks.rb:29:in `block in call'
  activesupport (4.1.4) lib/active_support/callbacks.rb:82:in `run_callbacks'
  actionpack (4.1.4) lib/action_dispatch/middleware/callbacks.rb:27:in `call'
  actionpack (4.1.4) lib/action_dispatch/middleware/reloader.rb:73:in `call'
  actionpack (4.1.4) lib/action_dispatch/middleware/remote_ip.rb:76:in `call'
  better_errors (1.1.0) lib/better_errors/middleware.rb:84:in `protected_app_call'
  better_errors (1.1.0) lib/better_errors/middleware.rb:79:in `better_errors_call'
  better_errors (1.1.0) lib/better_errors/middleware.rb:56:in `call'
  actionpack (4.1.4) lib/action_dispatch/middleware/debug_exceptions.rb:17:in `call'
  actionpack (4.1.4) lib/action_dispatch/middleware/show_exceptions.rb:30:in `call'
  railties (4.1.4) lib/rails/rack/logger.rb:38:in `call_app'
  railties (4.1.4) lib/rails/rack/logger.rb:20:in `block in call'
  activesupport (4.1.4) lib/active_support/tagged_logging.rb:68:in `block in tagged'
  activesupport (4.1.4) lib/active_support/tagged_logging.rb:26:in `tagged'
  activesupport (4.1.4) lib/active_support/tagged_logging.rb:68:in `tagged'
  railties (4.1.4) lib/rails/rack/logger.rb:20:in `call'
  quiet_assets (1.0.3) lib/quiet_assets.rb:23:in `call_with_quiet_assets'
  actionpack (4.1.4) lib/action_dispatch/middleware/request_id.rb:21:in `call'
  rack (1.5.2) lib/rack/methodoverride.rb:21:in `call'
  rack (1.5.2) lib/rack/runtime.rb:17:in `call'
  activesupport (4.1.4) lib/active_support/cache/strategy/local_cache_middleware.rb:26:in `call'
  rack (1.5.2) lib/rack/lock.rb:17:in `call'
  actionpack (4.1.4) lib/action_dispatch/middleware/static.rb:64:in `call'
  rack (1.5.2) lib/rack/sendfile.rb:112:in `call'
  railties (4.1.4) lib/rails/engine.rb:514:in `call'
  railties (4.1.4) lib/rails/application.rb:144:in `call'
  rack (1.5.2) lib/rack/lock.rb:17:in `call'
  rack (1.5.2) lib/rack/content_length.rb:14:in `call'
  rack (1.5.2) lib/rack/handler/webrick.rb:60:in `service'
   () Users/shin_mac/.rvm/rubies/ruby-2.1.2/lib/ruby/2.1.0/webrick/httpserver.rb:138:in `service'
   () Users/shin_mac/.rvm/rubies/ruby-2.1.2/lib/ruby/2.1.0/webrick/httpserver.rb:94:in `run'
   () Users/shin_mac/.rvm/rubies/ruby-2.1.2/lib/ruby/2.1.0/webrick/server.rb:295:in `block in start_thread'



Started POST "/__better_errors/70335557606320/variables" for 127.0.0.1 at 2014-09-12 11:26:54 -0700


Started GET "/tickets/1/edit" for 127.0.0.1 at 2014-09-12 11:27:52 -0700
Processing by TicketsController#edit as HTML
  Parameters: {"id"=>"1"}
  Rendered tickets/_form.html.slim (1.4ms)
  Rendered tickets/edit.html.slim within layouts/application (1.9ms)
Completed 500 Internal Server Error in 4ms

NoMethodError - undefined method `model_name' for NilClass:Class:
  actionpack (4.1.4) lib/action_controller/model_naming.rb:9:in `model_name_from_record_or_class'
  actionview (4.1.4) lib/action_view/record_identifier.rb:47:in `dom_class'
   () Users/shin_mac/.rvm/gems/ruby-2.1.2/bundler/gems/simple_form-29f8f768f170/lib/simple_form/action_view_extensions/form_helper.rb:58:in `simple_form_css_class'
   () Users/shin_mac/.rvm/gems/ruby-2.1.2/bundler/gems/simple_form-29f8f768f170/lib/simple_form/action_view_extensions/form_helper.rb:19:in `simple_form_for'
   () Users/shin_mac/projects/Tickety/app/views/tickets/_form.html.slim:1:in `_app_views_tickets__form_html_slim___2797850422347343073_70335579554200'
  actionview (4.1.4) lib/action_view/template.rb:145:in `block in render'
  activesupport (4.1.4) lib/active_support/notifications.rb:161:in `instrument'
  actionview (4.1.4) lib/action_view/template.rb:339:in `instrument'
  actionview (4.1.4) lib/action_view/template.rb:143:in `render'
  actionview (4.1.4) lib/action_view/renderer/partial_renderer.rb:306:in `render_partial'
  actionview (4.1.4) lib/action_view/renderer/partial_renderer.rb:279:in `block in render'
  actionview (4.1.4) lib/action_view/renderer/abstract_renderer.rb:38:in `block in instrument'
  activesupport (4.1.4) lib/active_support/notifications.rb:159:in `block in instrument'
  activesupport (4.1.4) lib/active_support/notifications/instrumenter.rb:20:in `instrument'
  activesupport (4.1.4) lib/active_support/notifications.rb:159:in `instrument'
  actionview (4.1.4) lib/action_view/renderer/abstract_renderer.rb:38:in `instrument'
  actionview (4.1.4) lib/action_view/renderer/partial_renderer.rb:278:in `render'
  actionview (4.1.4) lib/action_view/renderer/renderer.rb:47:in `render_partial'
  actionview (4.1.4) lib/action_view/helpers/rendering_helper.rb:35:in `render'
   () Users/shin_mac/projects/Tickety/app/views/tickets/edit.html.slim:3:in `_app_views_tickets_edit_html_slim___1620245350029939438_70335579702180'
  actionview (4.1.4) lib/action_view/template.rb:145:in `block in render'
  activesupport (4.1.4) lib/active_support/notifications.rb:161:in `instrument'
  actionview (4.1.4) lib/action_view/template.rb:339:in `instrument'
  actionview (4.1.4) lib/action_view/template.rb:143:in `render'
  actionview (4.1.4) lib/action_view/renderer/template_renderer.rb:55:in `block (2 levels) in render_template'
  actionview (4.1.4) lib/action_view/renderer/abstract_renderer.rb:38:in `block in instrument'
  activesupport (4.1.4) lib/active_support/notifications.rb:159:in `block in instrument'
  activesupport (4.1.4) lib/active_support/notifications/instrumenter.rb:20:in `instrument'
  activesupport (4.1.4) lib/active_support/notifications.rb:159:in `instrument'
  actionview (4.1.4) lib/action_view/renderer/abstract_renderer.rb:38:in `instrument'
  actionview (4.1.4) lib/action_view/renderer/template_renderer.rb:54:in `block in render_template'
  actionview (4.1.4) lib/action_view/renderer/template_renderer.rb:62:in `render_with_layout'
  actionview (4.1.4) lib/action_view/renderer/template_renderer.rb:53:in `render_template'
  actionview (4.1.4) lib/action_view/renderer/template_renderer.rb:17:in `render'
  actionview (4.1.4) lib/action_view/renderer/renderer.rb:42:in `render_template'
  actionview (4.1.4) lib/action_view/renderer/renderer.rb:23:in `render'
  actionview (4.1.4) lib/action_view/rendering.rb:99:in `_render_template'
  actionpack (4.1.4) lib/action_controller/metal/streaming.rb:217:in `_render_template'
  actionview (4.1.4) lib/action_view/rendering.rb:82:in `render_to_body'
  actionpack (4.1.4) lib/action_controller/metal/rendering.rb:32:in `render_to_body'
  actionpack (4.1.4) lib/action_controller/metal/renderers.rb:32:in `render_to_body'
  actionpack (4.1.4) lib/abstract_controller/rendering.rb:25:in `render'
  actionpack (4.1.4) lib/action_controller/metal/rendering.rb:16:in `render'
  actionpack (4.1.4) lib/action_controller/metal/instrumentation.rb:41:in `block (2 levels) in render'
  activesupport (4.1.4) lib/active_support/core_ext/benchmark.rb:12:in `block in ms'
   () Users/shin_mac/.rvm/rubies/ruby-2.1.2/lib/ruby/2.1.0/benchmark.rb:294:in `realtime'
  activesupport (4.1.4) lib/active_support/core_ext/benchmark.rb:12:in `ms'
  actionpack (4.1.4) lib/action_controller/metal/instrumentation.rb:41:in `block in render'
  actionpack (4.1.4) lib/action_controller/metal/instrumentation.rb:84:in `cleanup_view_runtime'
  activerecord (4.1.4) lib/active_record/railties/controller_runtime.rb:25:in `cleanup_view_runtime'
  actionpack (4.1.4) lib/action_controller/metal/instrumentation.rb:40:in `render'
  actionpack (4.1.4) lib/action_controller/metal/implicit_render.rb:10:in `default_render'
  actionpack (4.1.4) lib/action_controller/metal/implicit_render.rb:5:in `send_action'
  actionpack (4.1.4) lib/abstract_controller/base.rb:189:in `process_action'
  actionpack (4.1.4) lib/action_controller/metal/rendering.rb:10:in `process_action'
  actionpack (4.1.4) lib/abstract_controller/callbacks.rb:20:in `block in process_action'
  activesupport (4.1.4) lib/active_support/callbacks.rb:113:in `call'
  activesupport (4.1.4) lib/active_support/callbacks.rb:229:in `block in halting'
  activesupport (4.1.4) lib/active_support/callbacks.rb:229:in `block in halting'
  activesupport (4.1.4) lib/active_support/callbacks.rb:166:in `block in halting'
  activesupport (4.1.4) lib/active_support/callbacks.rb:166:in `block in halting'
  activesupport (4.1.4) lib/active_support/callbacks.rb:166:in `block in halting'
  activesupport (4.1.4) lib/active_support/callbacks.rb:86:in `run_callbacks'
  actionpack (4.1.4) lib/abstract_controller/callbacks.rb:19:in `process_action'
  actionpack (4.1.4) lib/action_controller/metal/rescue.rb:29:in `process_action'
  actionpack (4.1.4) lib/action_controller/metal/instrumentation.rb:31:in `block in process_action'
  activesupport (4.1.4) lib/active_support/notifications.rb:159:in `block in instrument'
  activesupport (4.1.4) lib/active_support/notifications/instrumenter.rb:20:in `instrument'
  activesupport (4.1.4) lib/active_support/notifications.rb:159:in `instrument'
  actionpack (4.1.4) lib/action_controller/metal/instrumentation.rb:30:in `process_action'
  actionpack (4.1.4) lib/action_controller/metal/params_wrapper.rb:250:in `process_action'
  activerecord (4.1.4) lib/active_record/railties/controller_runtime.rb:18:in `process_action'
  actionpack (4.1.4) lib/abstract_controller/base.rb:136:in `process'
  actionview (4.1.4) lib/action_view/rendering.rb:30:in `process'
  actionpack (4.1.4) lib/action_controller/metal.rb:196:in `dispatch'
  actionpack (4.1.4) lib/action_controller/metal/rack_delegation.rb:13:in `dispatch'
  actionpack (4.1.4) lib/action_controller/metal.rb:232:in `block in action'
  actionpack (4.1.4) lib/action_dispatch/routing/route_set.rb:82:in `dispatch'
  actionpack (4.1.4) lib/action_dispatch/routing/route_set.rb:50:in `call'
  actionpack (4.1.4) lib/action_dispatch/journey/router.rb:71:in `block in call'
  actionpack (4.1.4) lib/action_dispatch/journey/router.rb:59:in `call'
  actionpack (4.1.4) lib/action_dispatch/routing/route_set.rb:678:in `call'
  warden (1.2.3) lib/warden/manager.rb:35:in `block in call'
  warden (1.2.3) lib/warden/manager.rb:34:in `call'
  rack (1.5.2) lib/rack/etag.rb:23:in `call'
  rack (1.5.2) lib/rack/conditionalget.rb:25:in `call'
  rack (1.5.2) lib/rack/head.rb:11:in `call'
  actionpack (4.1.4) lib/action_dispatch/middleware/params_parser.rb:27:in `call'
  actionpack (4.1.4) lib/action_dispatch/middleware/flash.rb:254:in `call'
  rack (1.5.2) lib/rack/session/abstract/id.rb:225:in `context'
  rack (1.5.2) lib/rack/session/abstract/id.rb:220:in `call'
  actionpack (4.1.4) lib/action_dispatch/middleware/cookies.rb:560:in `call'
  activerecord (4.1.4) lib/active_record/query_cache.rb:36:in `call'
  activerecord (4.1.4) lib/active_record/connection_adapters/abstract/connection_pool.rb:621:in `call'
  activerecord (4.1.4) lib/active_record/migration.rb:380:in `call'
  actionpack (4.1.4) lib/action_dispatch/middleware/callbacks.rb:29:in `block in call'
  activesupport (4.1.4) lib/active_support/callbacks.rb:82:in `run_callbacks'
  actionpack (4.1.4) lib/action_dispatch/middleware/callbacks.rb:27:in `call'
  actionpack (4.1.4) lib/action_dispatch/middleware/reloader.rb:73:in `call'
  actionpack (4.1.4) lib/action_dispatch/middleware/remote_ip.rb:76:in `call'
  better_errors (1.1.0) lib/better_errors/middleware.rb:84:in `protected_app_call'
  better_errors (1.1.0) lib/better_errors/middleware.rb:79:in `better_errors_call'
  better_errors (1.1.0) lib/better_errors/middleware.rb:56:in `call'
  actionpack (4.1.4) lib/action_dispatch/middleware/debug_exceptions.rb:17:in `call'
  actionpack (4.1.4) lib/action_dispatch/middleware/show_exceptions.rb:30:in `call'
  railties (4.1.4) lib/rails/rack/logger.rb:38:in `call_app'
  railties (4.1.4) lib/rails/rack/logger.rb:20:in `block in call'
  activesupport (4.1.4) lib/active_support/tagged_logging.rb:68:in `block in tagged'
  activesupport (4.1.4) lib/active_support/tagged_logging.rb:26:in `tagged'
  activesupport (4.1.4) lib/active_support/tagged_logging.rb:68:in `tagged'
  railties (4.1.4) lib/rails/rack/logger.rb:20:in `call'
  quiet_assets (1.0.3) lib/quiet_assets.rb:23:in `call_with_quiet_assets'
  actionpack (4.1.4) lib/action_dispatch/middleware/request_id.rb:21:in `call'
  rack (1.5.2) lib/rack/methodoverride.rb:21:in `call'
  rack (1.5.2) lib/rack/runtime.rb:17:in `call'
  activesupport (4.1.4) lib/active_support/cache/strategy/local_cache_middleware.rb:26:in `call'
  rack (1.5.2) lib/rack/lock.rb:17:in `call'
  actionpack (4.1.4) lib/action_dispatch/middleware/static.rb:64:in `call'
  rack (1.5.2) lib/rack/sendfile.rb:112:in `call'
  railties (4.1.4) lib/rails/engine.rb:514:in `call'
  railties (4.1.4) lib/rails/application.rb:144:in `call'
  rack (1.5.2) lib/rack/lock.rb:17:in `call'
  rack (1.5.2) lib/rack/content_length.rb:14:in `call'
  rack (1.5.2) lib/rack/handler/webrick.rb:60:in `service'
   () Users/shin_mac/.rvm/rubies/ruby-2.1.2/lib/ruby/2.1.0/webrick/httpserver.rb:138:in `service'
   () Users/shin_mac/.rvm/rubies/ruby-2.1.2/lib/ruby/2.1.0/webrick/httpserver.rb:94:in `run'
   () Users/shin_mac/.rvm/rubies/ruby-2.1.2/lib/ruby/2.1.0/webrick/server.rb:295:in `block in start_thread'



Started POST "/__better_errors/70335578024260/variables" for 127.0.0.1 at 2014-09-12 11:27:53 -0700
^C[2014-09-12 11:33:29] INFO  going to shutdown ...
[2014-09-12 11:33:29] INFO  WEBrick::HTTPServer#start done.
Exiting
bash-3.2$ rails s
=> Booting WEBrick
=> Rails 4.1.4 application starting in development on http://0.0.0.0:3000
=> Run `rails server -h` for more startup options
=> Notice: server is listening on all interfaces (0.0.0.0). Consider using 127.0.0.1 (--binding option)
=> Ctrl-C to shutdown server
[2014-09-12 11:33:32] INFO  WEBrick 1.3.1
[2014-09-12 11:33:32] INFO  ruby 2.1.2 (2014-05-08) [x86_64-darwin13.0]
[2014-09-12 11:33:32] INFO  WEBrick::HTTPServer#start: pid=3979 port=3000


Started GET "/" for 127.0.0.1 at 2014-09-12 11:33:37 -0700
  [1m[36mActiveRecord::SchemaMigration Load (0.2ms)[0m  [1mSELECT "schema_migrations".* FROM "schema_migrations"[0m
Processing by TicketsController#index as HTML
  [1m[35mTicket Load (0.5ms)[0m  SELECT  "tickets".* FROM "tickets"  LIMIT 10
  Rendered tickets/index.html.slim within layouts/application (17.0ms)
  Rendered layouts/_navbar.html.slim (2.5ms)
Completed 200 OK in 101ms (Views: 90.4ms | ActiveRecord: 1.7ms)


Started GET "/tickets/1" for 127.0.0.1 at 2014-09-12 11:33:39 -0700
Processing by TicketsController#show as HTML
  Parameters: {"id"=>"1"}
  [1m[36mTicket Load (0.2ms)[0m  [1mSELECT  "tickets".* FROM "tickets"  WHERE "tickets"."id" = $1 LIMIT 1[0m  [["id", 1]]
  Rendered tickets/show.html.slim within layouts/application (2.8ms)
  Rendered layouts/_navbar.html.slim (2.4ms)
Completed 200 OK in 48ms (Views: 46.6ms | ActiveRecord: 0.3ms)


Started GET "/tickets/1/edit" for 127.0.0.1 at 2014-09-12 11:33:41 -0700
Processing by TicketsController#edit as HTML
  Parameters: {"id"=>"1"}
  [1m[35mTicket Load (0.2ms)[0m  SELECT  "tickets".* FROM "tickets"  WHERE "tickets"."id" = $1 LIMIT 1  [["id", 1]]
  Rendered tickets/_form.html.slim (38.1ms)
  Rendered tickets/edit.html.slim within layouts/application (40.5ms)
  Rendered layouts/_navbar.html.slim (0.3ms)
Completed 200 OK in 91ms (Views: 89.9ms | ActiveRecord: 0.2ms)


Started PATCH "/tickets/1" for 127.0.0.1 at 2014-09-12 11:33:49 -0700
Processing by TicketsController#update as HTML
  Parameters: {"utf8"=>"✓", "authenticity_token"=>"Dujt+L2hDpnz2tsAXXdb3rNicaJm5668YPIFtJv2Yqo=", "ticket"=>{"title"=>"title1-sono1-1", "description"=>"description-sono1-1"}, "commit"=>"Submit", "id"=>"1"}
  [1m[36mTicket Load (0.2ms)[0m  [1mSELECT  "tickets".* FROM "tickets"  WHERE "tickets"."id" = $1 LIMIT 1[0m  [["id", 1]]
  [1m[35m (0.1ms)[0m  BEGIN
  [1m[36mSQL (1.1ms)[0m  [1mUPDATE "tickets" SET "description" = $1, "title" = $2, "updated_at" = $3 WHERE "tickets"."id" = 1[0m  [["description", "description-sono1-1"], ["title", "title1-sono1-1"], ["updated_at", "2014-09-12 18:33:49.362765"]]
  [1m[35m (5.5ms)[0m  COMMIT
Redirected to http://localhost:3000/tickets/1
Completed 302 Found in 15ms (ActiveRecord: 6.9ms)


Started GET "/tickets/1" for 127.0.0.1 at 2014-09-12 11:33:49 -0700
Processing by TicketsController#show as HTML
  Parameters: {"id"=>"1"}
  [1m[36mTicket Load (0.2ms)[0m  [1mSELECT  "tickets".* FROM "tickets"  WHERE "tickets"."id" = $1 LIMIT 1[0m  [["id", 1]]
  Rendered tickets/show.html.slim within layouts/application (2.4ms)
  Rendered layouts/_navbar.html.slim (0.1ms)
Completed 200 OK in 49ms (Views: 48.2ms | ActiveRecord: 0.2ms)


Started GET "/" for 127.0.0.1 at 2014-09-12 11:33:54 -0700
Processing by TicketsController#index as HTML
  [1m[35mTicket Load (0.2ms)[0m  SELECT  "tickets".* FROM "tickets"  LIMIT 10
  Rendered tickets/index.html.slim within layouts/application (2.6ms)
  Rendered layouts/_navbar.html.slim (0.2ms)
Completed 200 OK in 49ms (Views: 47.9ms | ActiveRecord: 0.2ms)


Started GET "/tickets/2" for 127.0.0.1 at 2014-09-12 11:34:01 -0700
Processing by TicketsController#show as HTML
  Parameters: {"id"=>"2"}
  [1m[36mTicket Load (0.2ms)[0m  [1mSELECT  "tickets".* FROM "tickets"  WHERE "tickets"."id" = $1 LIMIT 1[0m  [["id", 2]]
  Rendered tickets/show.html.slim within layouts/application (0.4ms)
  Rendered layouts/_navbar.html.slim (0.2ms)
Completed 200 OK in 44ms (Views: 42.7ms | ActiveRecord: 0.2ms)


Started DELETE "/tickets/2" for 127.0.0.1 at 2014-09-12 11:34:03 -0700
Processing by TicketsController#destroy as HTML
  Parameters: {"authenticity_token"=>"Dujt+L2hDpnz2tsAXXdb3rNicaJm5668YPIFtJv2Yqo=", "id"=>"2"}
  [1m[35mTicket Load (0.2ms)[0m  SELECT  "tickets".* FROM "tickets"  WHERE "tickets"."id" = $1 LIMIT 1  [["id", 2]]
  [1m[36m (0.1ms)[0m  [1mBEGIN[0m
  [1m[35mSQL (0.1ms)[0m  DELETE FROM "tickets" WHERE "tickets"."id" = $1  [["id", 2]]
  [1m[36m (0.7ms)[0m  [1mCOMMIT[0m
Redirected to http://localhost:3000/tickets
Completed 302 Found in 3ms (ActiveRecord: 1.1ms)


Started GET "/tickets" for 127.0.0.1 at 2014-09-12 11:34:03 -0700
Processing by TicketsController#index as HTML
  [1m[35mTicket Load (0.2ms)[0m  SELECT  "tickets".* FROM "tickets"  LIMIT 10
  Rendered tickets/index.html.slim within layouts/application (0.7ms)
  Rendered layouts/_navbar.html.slim (0.2ms)
Completed 200 OK in 51ms (Views: 50.1ms | ActiveRecord: 0.2ms)


Started GET "/" for 127.0.0.1 at 2014-09-12 11:34:08 -0700
Processing by TicketsController#index as HTML
  [1m[36mTicket Load (0.2ms)[0m  [1mSELECT  "tickets".* FROM "tickets"  LIMIT 10[0m
  Rendered tickets/index.html.slim within layouts/application (0.7ms)
  Rendered layouts/_navbar.html.slim (0.2ms)
Completed 200 OK in 44ms (Views: 43.6ms | ActiveRecord: 0.2ms)
^C[2014-09-12 11:34:21] INFO  going to shutdown ...
[2014-09-12 11:34:22] INFO  WEBrick::HTTPServer#start done.
Exiting
bash-3.2$ pwd
/Users/shin_mac/projects/Tickety
bash-3.2$ git init[K[K[K[K[K[K[K[Kgit init
Initialized empty Git repository in /Users/shin_mac/projects/Tickety/.git/
bash-3.2$ 